Archive member included to satisfy reference by file (symbol)

D:/Toolbox/workspace_dsp_next_fd_app/testbench_dsp/dsp_csl/lib/libcsl.a(ceva_xm_bc.c.obj)
                              ./src/dsp_mm.o (ICU_IVA_allocate_bc)
D:/Toolbox/workspace_dsp_next_fd_app/testbench_dsp/dsp_csl/lib/libcsl.a(ceva_qman.c.obj)
                              D:/Toolbox/workspace_dsp_next_fd_app/testbench_dsp/dsp_csl/lib/libcsl.a(ceva_xm_bc.c.obj) (g_qman_resource)
D:/Toolbox/workspace_dsp_next_fd_app/testbench_dsp/dsp_csl/lib/libcsl.a(ceva_qman_task_descriptor_v2.c.obj)
                              D:/Toolbox/workspace_dsp_next_fd_app/testbench_dsp/dsp_csl/lib/libcsl.a(ceva_xm_bc.c.obj) (QMAN_update_linear_transfer_size)
D:/Toolbox/workspace_dsp_next_fd_app/testbench_dsp/dsp_csl/lib/libcsl.a(ceva_pmss.c.obj)
                              D:/Toolbox/workspace_dsp_next_fd_app/testbench_dsp/dsp_csl/lib/libcsl.a(ceva_xm_bc.c.obj) (PMSS_set_region_attributes)
D:/Toolbox/workspace_dsp_next_fd_app/testbench_dsp/dsp_csl/lib/libcsl.a(ceva_watchdog.c.obj)
                              ./src/debug.o (WATCHDOG_set_threshold)
D:/Toolbox/workspace_dsp_next_fd_app/testbench_dsp/dsp_csl/lib/libcsl.a(ceva_safety.c.obj)
                              D:/Toolbox/workspace_dsp_next_fd_app/testbench_dsp/dsp_csl/lib/libcsl.a(ceva_watchdog.c.obj) (SAFETY_write_wd_acs_code)
D:/Toolbox/workspace_dsp_next_fd_app/testbench_dsp/dsp_csl/lib/libcsl.a(ceva_qman_config.c.obj)
                              D:/Toolbox/workspace_dsp_next_fd_app/testbench_dsp/dsp_csl/lib/libcsl.a(ceva_xm_bc.c.obj) (QMAN_allocate)
D:/Toolbox/workspace_dsp_next_fd_app/testbench_dsp/dsp_csl/lib/libcsl.a(ceva_timers.c.obj)
                              D:/Toolbox/workspace_dsp_next_fd_app/testbench_dsp/dsp_csl/lib/libcsl.a(ceva_xm_bc.c.obj) (g_csl_timers_allocated)
D:/Toolbox/workspace_dsp_next_fd_app/testbench_dsp/dsp_csl/lib/libcsl.a(ceva_qman_ctrl.c.obj)
                              D:/Toolbox/workspace_dsp_next_fd_app/testbench_dsp/dsp_csl/lib/libcsl.a(ceva_xm_bc.c.obj) (QMAN_pause_all)
D:/Toolbox/workspace_dsp_next_fd_app/testbench_dsp/dsp_csl/lib/libcsl.a(ceva_icu.c.obj)
                              ./src/dsp_mm.o (ICU_set_interrupt_configuration)
D:/Toolbox/workspace_dsp_next_fd_app/testbench_dsp/dsp_csl/lib/libcsl.a(ceva_asm_aux.asm.obj)
                              D:/Toolbox/workspace_dsp_next_fd_app/testbench_dsp/dsp_csl/lib/libcsl.a(ceva_xm_bc.c.obj) (cpm_out1)
D:/Toolbox/workspace_dsp_next_fd_app/testbench_dsp/dsp_csl/lib/libcsl.a(ceva_csl.c.obj)
                              D:/Toolbox/workspace_dsp_next_fd_app/testbench_dsp/dsp_csl/lib/libcsl.a(ceva_qman_config.c.obj) (CSL_start)
D:/Toolbox/workspace_dsp_next_fd_app/testbench_dsp/dsp_csl/lib/libcsl.a(ceva_qman_enqueue.asm.obj)
                              D:/Toolbox/workspace_dsp_next_fd_app/testbench_dsp/dsp_csl/lib/libcsl.a(ceva_csl.c.obj) (CSL_is_asm_assertions_enable)
D:/Toolbox/workspace_dsp_next_fd_app/testbench_dsp/dsp_csl/lib/libcsl.a(ceva_assert.c.obj)
                              D:/Toolbox/workspace_dsp_next_fd_app/testbench_dsp/dsp_csl/lib/libcsl.a(ceva_csl.c.obj) (CSL_is_it_simulator)
D:/Toolbox/workspace_dsp_next_fd_app/testbench_dsp/dsp_csl/lib/libcsl.a(ceva_dmss.c.obj)
                              D:/Toolbox/workspace_dsp_next_fd_app/testbench_dsp/dsp_csl/lib/libcsl.a(ceva_csl.c.obj) (DMSS_set_ddma_global_max_outstanding)
C:/CEVA-ToolBox/V22/SensPro/cevatools/lib/clang/14.0.6/cevasp-unknown-unknown-elf/rtlv1.2.0-fp2-dpfp2/lib\libc.a(snprintf.o)
                              ./src/custom_printf.o (snprintf)
C:/CEVA-ToolBox/V22/SensPro/cevatools/lib/clang/14.0.6/cevasp-unknown-unknown-elf/rtlv1.2.0-fp2-dpfp2/lib\libc.a(vsnprintf.o)
                              C:/CEVA-ToolBox/V22/SensPro/cevatools/lib/clang/14.0.6/cevasp-unknown-unknown-elf/rtlv1.2.0-fp2-dpfp2/lib\libc.a(snprintf.o) (vsnprintf)
C:/CEVA-ToolBox/V22/SensPro/cevatools/lib/clang/14.0.6/cevasp-unknown-unknown-elf/rtlv1.2.0-fp2-dpfp2/lib\libc.a(memcpy.o)
                              ./src/face_detect.o (memcpy)
C:/CEVA-ToolBox/V22/SensPro/cevatools/lib/clang/14.0.6/cevasp-unknown-unknown-elf/rtlv1.2.0-fp2-dpfp2/lib\libc.a(memset.o)
                              ./src/dsp_mm.o (memset)
C:/CEVA-ToolBox/V22/SensPro/cevatools/lib/clang/14.0.6/cevasp-unknown-unknown-elf/rtlv1.2.0-fp2-dpfp2/lib\libc.a(strlen.o)
                              ./src/custom_printf.o (strlen)
C:/CEVA-ToolBox/V22/SensPro/cevatools/lib/clang/14.0.6/cevasp-unknown-unknown-elf/rtlv1.2.0-fp2-dpfp2/lib\libc.a(assert.o)
                              ./src/face_detect.o (__assert_fail)
C:/CEVA-ToolBox/V22/SensPro/cevatools/lib/clang/14.0.6/cevasp-unknown-unknown-elf/rtlv1.2.0-fp2-dpfp2/lib\libc.a(exit.o)
                              C:/CEVA-ToolBox/V22/SensPro/cevatools/lib/clang/14.0.6/cevasp-unknown-unknown-elf/rtlv1.2.0-fp2-dpfp2/lib/crt0.o (exit)
C:/CEVA-ToolBox/V22/SensPro/cevatools/lib/clang/14.0.6/cevasp-unknown-unknown-elf/rtlv1.2.0-fp2-dpfp2/lib\libc.a(abort.o)
[...]
Memory Configuration

Name             Origin             Length             Attributes
INTERNAL_CODE    0x0000000000000000 0x0000000000020000 xr
INTERNAL_DATA    0x0000000000000000 0x0000000000040000 rw
SRAM0            0x0000000044000000 0x0000000000040000 xrw
SRAM1            0x0000000044040000 0x0000000000040000 xrw
PSRAM            0x0000000080000000 0x0000000000800000 xrw
ROM              0x00000000c0000000 0x0000000040000000 xr
*default*        0x0000000000000000 0xffffffffffffffff

Linker script and memory map

                0x0000000000020000                __internal_code_size = 0x20000
                0x0000000000040000                __internal_data_size = 0x40000
                0x0000000000000000                __internal_code_start = DEFINED (__internal_code_start)?__internal_code_start:0x0
                0x0000000000020000                __internal_code_size = DEFINED (__internal_code_size)?__internal_code_size:0x20000
                0x0000000000000000                __internal_data_start = DEFINED (__internal_data_start)?__internal_data_start:0x0
                0x0000000000040000                __internal_data_size = DEFINED (__internal_data_size)?__internal_data_size:0x40000
                0x0000000044000000                __sram0_start = DEFINED (__sram0_start)?__sram0_start:0x44000000
                0x0000000000040000                __sram0_size = DEFINED (__sram0_size)?__sram0_size:0x40000
                0x0000000044040000                __sram1_start = DEFINED (__sram1_start)?__sram1_start:0x44040000
                0x0000000000040000                __sram1_size = DEFINED (__sram1_size)?__sram1_size:0x40000
                0x0000000080000000                __psram_start = DEFINED (__psram_start)?__psram_start:0x80000000
                0x0000000000800000                __psram_size = DEFINED (__psram_size)?__psram_size:0x800000
                0x00000000c0000000                __rom_start = DEFINED (__rom_start)?__rom_start:0xc0000000
                0x0000000040000000                __rom_size = DEFINED (__rom_size)?__rom_size:0x40000000
                0x0000000000001000                __malloc_size = DEFINED (__malloc_size)?__malloc_size:0x1000
                0x0000000000004000                __stack_size = DEFINED (__stack_size)?__stack_size:0x4000
                0x0000000000000200                __arg_sect_size = DEFINED (__arg_sect_size)?__arg_sect_size:0x200

.inttbl         0x0000000000000000       0x80
                0x0000000000000000                . = 0x0
 *(.inttbl)
 .inttbl        0x0000000000000000       0x74 C:/CEVA-ToolBox/V22/SensPro/cevatools/lib/clang/14.0.6/cevasp-unknown-unknown-elf/rtlv1.2.0-fp2-dpfp2/lib/crt0.o
                                         0x76 (size before relaxing)
                0x0000000000000000                __cxd_inttbl_start
                0x0000000000000080                . = ALIGN (0x20)
 *fill*         0x0000000000000074        0xc 
 *(.sinttbl)

.text.internal  0x0000000000000080     0xa580
                [!provide]                        PROVIDE (__text_start, ABSOLUTE (.))
 *(.text.__call_saved*)
 *(.text .text.*)
 .text.rt_vsnprintf
                0x0000000000000080      0x858 ./src/custom_printf.o
                                        0xa78 (size before relaxing)
                0x0000000000000080                rt_vsnprintf
 *fill*         0x00000000000008d8        0x8 
 .text.skip_atoi
                0x00000000000008e0       0x4c ./src/custom_printf.o
                                         0x50 (size before relaxing)
 *fill*         0x000000000000092c       0x14 
 .text.print_number
                0x0000000000000940      0x4d2 ./src/custom_printf.o
                                        0x612 (size before relaxing)
 *fill*         0x0000000000000e12        0xe 
 .text.rt_hw_console_output
                0x0000000000000e20       0x68 ./src/custom_printf.o
                                         0x6e (size before relaxing)
                0x0000000000000e20                rt_hw_console_output
 *fill*         0x0000000000000e88       0x18 
 .text.rt_kprintf
                0x0000000000000ea0       0x2c ./src/custom_printf.o
                                         0x34 (size before relaxing)
                0x0000000000000ea0                rt_kprintf
 *fill*         0x0000000000000ecc       0x14 
 .text.float_to_string_simple
                0x0000000000000ee0       0x6a ./src/custom_printf.o
                                         0x72 (size before relaxing)
                0x0000000000000ee0                float_to_string_simple
 *fill*         0x0000000000000f4a       0x16 
 .text.divide   0x0000000000000f60       0x4e ./src/custom_printf.o
                                         0x58 (size before relaxing)
 *fill*         0x0000000000000fae       0x12 
 .text.TestAssertEqualNumber
                0x0000000000000fc0       0x32 ./src/debug.o
                                         0x40 (size before relaxing)
                0x0000000000000fc0                TestAssertEqualNumber
 *fill*         0x0000000000000ff2        0xe 
 .text.mailbox_write_data
                0x0000000000001000       0x1a ./src/dsp_mailbox.o
                                         0x1e (size before relaxing)
                0x0000000000001000                mailbox_write_data
 *fill*         0x000000000000101a        0x6 
 .text.mailbox_read_data
                0x0000000000001020       0x1c ./src/dsp_mailbox.o
                                         0x20 (size before relaxing)
                0x0000000000001020                mailbox_read_data
 *fill*         0x000000000000103c        0x4 
 .text.mailbox_is_empty
                0x0000000000001040        0xe ./src/dsp_mailbox.o
                0x0000000000001040                mailbox_is_empty
 *fill*         0x000000000000104e       0x12 
 .text.debug_test_dsp_mm
                0x0000000000001060      0x104 ./src/dsp_mm.o
                                        0x12c (size before relaxing)
                0x0000000000001060                debug_test_dsp_mm
 *fill*         0x0000000000001164       0x1c 
 .text.my_softmax
                0x0000000000001180       0xf8 ./src/face_detect.o
                                        0x102 (size before relaxing)
                0x0000000000001180                my_softmax
 *fill*         0x0000000000001278        0x8 
 .text.overlap  0x0000000000001280       0x9e ./src/face_detect.o
                                         0xb0 (size before relaxing)
                0x0000000000001280                overlap
 *fill*         0x000000000000131e        0x2 
 .text.nms      0x0000000000001320      0x11a ./src/face_detect.o
                                        0x13a (size before relaxing)
                0x0000000000001320                nms
 *fill*         0x000000000000143a        0x6 
 .text.my_sqrtf
                0x0000000000001440       0xc6 ./src/face_detect.o
                                         0xca (size before relaxing)
                0x0000000000001440                my_sqrtf
 *fill*         0x0000000000001506       0x1a 
 .text.objectdetect_cnn
                0x0000000000001520      0x5d4 ./src/face_detect.o
                                        0x60a (size before relaxing)
                0x0000000000001520                objectdetect_cnn
 *fill*         0x0000000000001af4        0xc 
 .text.fd_run   0x0000000000001b00      0x7d0 ./src/face_detect.o
                                        0xa84 (size before relaxing)
                0x0000000000001b00                fd_run
 *fill*         0x00000000000022d0       0x10 
 .text.conv_dp  0x00000000000022e0      0x5ba ./src/face_detect.o
                                        0x61e (size before relaxing)
                0x00000000000022e0                conv_dp
 *fill*         0x000000000000289a        0x6 
 .text.conv_rgb
                0x00000000000028a0      0x4ea ./src/face_detect.o
                                        0x512 (size before relaxing)
                0x00000000000028a0                conv_rgb
 *fill*         0x0000000000002d8a       0x16 
 .text.conv1x1xn
                0x0000000000002da0      0x47a ./src/face_detect.o
                                        0x4b2 (size before relaxing)
                0x0000000000002da0                conv1x1xn
 *fill*         0x000000000000321a        0x6 
 .text.pooling  0x0000000000003220      0x20e ./src/face_detect.o
                                        0x24a (size before relaxing)
                0x0000000000003220                pooling
 *fill*         0x000000000000342e       0x12 
 .text.cropAndConvertImage
                0x0000000000003440       0x78 ./src/face_detect.o
                                         0x82 (size before relaxing)
                0x0000000000003440                cropAndConvertImage
 *fill*         0x00000000000034b8        0x8 
 .text.face_detect
                0x00000000000034c0       0x2c ./src/face_detect.o
                                         0x32 (size before relaxing)
                0x00000000000034c0                face_detect
 *fill*         0x00000000000034ec       0x14 
 .text.main     0x0000000000003500      0x58e ./src/testbench_dsp.o
                                        0x64e (size before relaxing)
                0x0000000000003500                main
 .text          0x0000000000003a8e       0x34 ./src/tests_aux.o
                                         0x3a (size before relaxing)
                0x0000000000003a8e                __cxd_trap_handler
 .text          0x0000000000003ac2       0x10 D:/Toolbox/workspace_dsp_next_fd_app/testbench_dsp/dsp_csl/lib/libcsl.a(ceva_qman_enqueue.asm.obj)
 .text          0x0000000000003ad2       0xa8 C:/CEVA-ToolBox/V22/SensPro/cevatools/lib/clang/14.0.6/cevasp-unknown-unknown-elf/rtlv1.2.0-fp2-dpfp2/lib/crt0.o
                                         0xc2 (size before relaxing)
                0x0000000000003ad2                _start
                0x0000000000003afc                __init_hook_post_start_ret_label__
                0x0000000000003b36                __not_needed
 *fill*         0x0000000000003b7a        0x6 
 .text.snprintf
                0x0000000000003b80       0x18 C:/CEVA-ToolBox/V22/SensPro/cevatools/lib/clang/14.0.6/cevasp-unknown-unknown-elf/rtlv1.2.0-fp2-dpfp2/lib\libc.a(snprintf.o)
                                         0x1a (size before relaxing)
                0x0000000000003b80                snprintf
 *fill*         0x0000000000003b98        0x8 
 .text.vsnprintf
                0x0000000000003ba0       0x78 C:/CEVA-ToolBox/V22/SensPro/cevatools/lib/clang/14.0.6/cevasp-unknown-unknown-elf/rtlv1.2.0-fp2-dpfp2/lib\libc.a(vsnprintf.o)
                                         0x88 (size before relaxing)
                0x0000000000003ba0                vsnprintf
 *fill*         0x0000000000003c18        0x8 
 .text.sn_write
                0x0000000000003c20       0x72 C:/CEVA-ToolBox/V22/SensPro/cevatools/lib/clang/14.0.6/cevasp-unknown-unknown-elf/rtlv1.2.0-fp2-dpfp2/lib\libc.a(vsnprintf.o)
                                         0x7e (size before relaxing)
 *fill*         0x0000000000003c92        0xe 
 .text.memcpy   0x0000000000003ca0       0xa0 C:/CEVA-ToolBox/V22/SensPro/cevatools/lib/clang/14.0.6/cevasp-unknown-unknown-elf/rtlv1.2.0-fp2-dpfp2/lib\libc.a(memcpy.o)
                                         0xac (size before relaxing)
                0x0000000000003ca0                memcpy
 *fill*         0x0000000000003d40        0x0 
 .text.memset   0x0000000000003d40       0xec C:/CEVA-ToolBox/V22/SensPro/cevatools/lib/clang/14.0.6/cevasp-unknown-unknown-elf/rtlv1.2.0-fp2-dpfp2/lib\libc.a(memset.o)
                                        0x10c (size before relaxing)
                0x0000000000003d40                memset
 *fill*         0x0000000000003e2c       0x14 
 .text.strlen   0x0000000000003e40      0x10e C:/CEVA-ToolBox/V22/SensPro/cevatools/lib/clang/14.0.6/cevasp-unknown-unknown-elf/rtlv1.2.0-fp2-dpfp2/lib\libc.a(strlen.o)
                                        0x110 (size before relaxing)
                0x0000000000003e40                strlen
 *fill*         0x0000000000003f4e       0x12 
 .text.__assert_fail
                0x0000000000003f60       0x20 C:/CEVA-ToolBox/V22/SensPro/cevatools/lib/clang/14.0.6/cevasp-unknown-unknown-elf/rtlv1.2.0-fp2-dpfp2/lib\libc.a(assert.o)
                                         0x28 (size before relaxing)
                0x0000000000003f60                __assert_fail
 *fill*         0x0000000000003f80        0x0 
 .text.dummy    0x0000000000003f80        0x2 C:/CEVA-ToolBox/V22/SensPro/cevatools/lib/clang/14.0.6/cevasp-unknown-unknown-elf/rtlv1.2.0-fp2-dpfp2/lib\libc.a(exit.o)
                0x0000000000003f80                _fini
                0x0000000000003f80                __funcs_on_exit
 *fill*         0x0000000000003f82       0x1e 
 .text.libc_exit_fini
                0x0000000000003fa0       0x38 C:/CEVA-ToolBox/V22/SensPro/cevatools/lib/clang/14.0.6/cevasp-unknown-unknown-elf/rtlv1.2.0-fp2-dpfp2/lib\libc.a(exit.o)
                                         0x42 (size before relaxing)
                0x0000000000003fa0                __libc_exit_fini
 *fill*         0x0000000000003fd8        0x8 
 .text.exit     0x0000000000003fe0       0x18 C:/CEVA-ToolBox/V22/SensPro/cevatools/lib/clang/14.0.6/cevasp-unknown-unknown-elf/rtlv1.2.0-fp2-dpfp2/lib\libc.a(exit.o)
                                         0x20 (size before relaxing)
                0x0000000000003fe0                exit
 *fill*         0x0000000000003ff8        0x8 
 .text.abort    0x0000000000004000       0x1c C:/CEVA-ToolBox/V22/SensPro/cevatools/lib/clang/14.0.6/cevasp-unknown-unknown-elf/rtlv1.2.0-fp2-dpfp2/lib\libc.a(abort.o)
                                         0x22 (size before relaxing)
                0x0000000000004000                abort
 *fill*         0x000000000000401c        0x4 
 .text._Exit    0x0000000000004020       0x12 C:/CEVA-ToolBox/V22/SensPro/cevatools/lib/clang/14.0.6/cevasp-unknown-unknown-elf/rtlv1.2.0-fp2-dpfp2/lib\libc.a(_Exit.o)
                                         0x18 (size before relaxing)
                0x0000000000004020                _Exit
 .text          0x0000000000004032        0x4 C:/CEVA-ToolBox/V22/SensPro/cevatools/lib/clang/14.0.6/cevasp-unknown-unknown-elf/rtlv1.2.0-fp2-dpfp2/lib\libc.a(crt0_hook_post_start.o)
                                          0x6 (size before relaxing)
                0x0000000000004032                __init_hook_post_start
 *fill*         0x0000000000004036        0xa 
 .text.__init_config_regs
                0x0000000000004040        0x2 C:/CEVA-ToolBox/V22/SensPro/cevatools/lib/clang/14.0.6/cevasp-unknown-unknown-elf/rtlv1.2.0-fp2-dpfp2/lib\libc.a(crt0_init_config_regs.o)
                0x0000000000004040                __init_config_regs
 .text.__cxd_call_saved_restore_interrupt_basic_32float_section
                0x0000000000004042      0x372 C:/CEVA-ToolBox/V22/SensPro/cevatools/lib/clang/14.0.6/cevasp-unknown-unknown-elf/rtlv1.2.0-fp2-dpfp2/lib\libc.a(crt0_interrupt_epilogue.o)
                0x0000000000004042                __cxd_call_saved_restore_interrupt_basic_32float
                0x0000000000004168                __cxd_call_saved_restore_w_frame_interrupt_basic_32float
                0x0000000000004290                __cxd_call_saved_restore_w_frame_retreg_interrupt_basic_32float
 .text          0x00000000000043b4       0x1a C:/CEVA-ToolBox/V22/SensPro/cevatools/lib/clang/14.0.6/cevasp-unknown-unknown-elf/rtlv1.2.0-fp2-dpfp2/lib\libc.a(crt0_interrupt_functions.o)
                0x00000000000043b4                __cxd_trape_precise_debug_handler
                0x00000000000043be                __cxd_fade_handler
                0x00000000000043c6                __cxd_critical_handler
                0x00000000000043ca                __cxd_normal_handler
 .text.__cxd_call_saved_store_interrupt_basic_32float_section
                0x00000000000043ce       0xec C:/CEVA-ToolBox/V22/SensPro/cevatools/lib/clang/14.0.6/cevasp-unknown-unknown-elf/rtlv1.2.0-fp2-dpfp2/lib\libc.a(crt0_interrupt_prologue.o)
                0x00000000000043ce                __cxd_call_saved_store_interrupt_basic_32float
 *fill*         0x00000000000044ba        0x6 
 .text.__init_hook_pre_main
                0x00000000000044c0        0x2 C:/CEVA-ToolBox/V22/SensPro/cevatools/lib/clang/14.0.6/cevasp-unknown-unknown-elf/rtlv1.2.0-fp2-dpfp2/lib\libc.a(crt0_hook_pre_main.o)
                0x00000000000044c0                __init_hook_pre_main
 *fill*         0x00000000000044c2       0x1e 
 .text.is_buffer_initialized
                0x00000000000044e0       0x20 C:/CEVA-ToolBox/V22/SensPro/cevatools/lib/clang/14.0.6/cevasp-unknown-unknown-elf/rtlv1.2.0-fp2-dpfp2/lib\libc.a(crt0_init_data_sections.o)
                0x00000000000044e0                is_buffer_initialized
 .text.__init_data_sections
                0x0000000000004500      0x1ac C:/CEVA-ToolBox/V22/SensPro/cevatools/lib/clang/14.0.6/cevasp-unknown-unknown-elf/rtlv1.2.0-fp2-dpfp2/lib\libc.a(crt0_init_data_sections.o)
                                        0x22c (size before relaxing)
                0x0000000000004500                __init_data_sections
 *fill*         0x00000000000046ac       0x14 
 .text.__init_func_vec
                0x00000000000046c0       0x2a C:/CEVA-ToolBox/V22/SensPro/cevatools/lib/clang/14.0.6/cevasp-unknown-unknown-elf/rtlv1.2.0-fp2-dpfp2/lib\libc.a(crt0_init_func_vec.o)
                0x00000000000046c0                __init_func_vec
 *fill*         0x00000000000046ea       0x16 
 .text.__init_libc_global
                0x0000000000004700       0x76 C:/CEVA-ToolBox/V22/SensPro/cevatools/lib/clang/14.0.6/cevasp-unknown-unknown-elf/rtlv1.2.0-fp2-dpfp2/lib\libc.a(__init_libc_global.o)
                0x0000000000004700                __init_libc_global
 *fill*         0x0000000000004776        0xa 
 .text.__errno_location
                0x0000000000004780        0xc C:/CEVA-ToolBox/V22/SensPro/cevatools/lib/clang/14.0.6/cevasp-unknown-unknown-elf/rtlv1.2.0-fp2-dpfp2/lib\libc.a(__errno_location.o)
                                          0xe (size before relaxing)
                0x0000000000004780                __errno_location
                0x0000000000004780                ___errno_location
 *fill*         0x000000000000478c       0x14 
 .text.__cxd_trap_exit
                0x00000000000047a0        0xe C:/CEVA-ToolBox/V22/SensPro/cevatools/lib/clang/14.0.6/cevasp-unknown-unknown-elf/rtlv1.2.0-fp2-dpfp2/lib\libc.a(__cxd_trap_exit.o)
                0x00000000000047a0                __cxd_trap_exit
 *fill*         0x00000000000047ae       0x12 
 .text.__init_malloc
                0x00000000000047c0       0x16 C:/CEVA-ToolBox/V22/SensPro/cevatools/lib/clang/14.0.6/cevasp-unknown-unknown-elf/rtlv1.2.0-fp2-dpfp2/lib\libc.a(__init_malloc.o)
                                         0x1e (size before relaxing)
                0x00000000000047c0                __init_malloc
 *fill*         0x00000000000047d6        0xa 
 .text.fprintf  0x00000000000047e0       0x18 C:/CEVA-ToolBox/V22/SensPro/cevatools/lib/clang/14.0.6/cevasp-unknown-unknown-elf/rtlv1.2.0-fp2-dpfp2/lib\libc.a(fprintf.o)
                                         0x1a (size before relaxing)
                0x00000000000047e0                fprintf
 *fill*         0x00000000000047f8        0x8 
 .text.dummy    0x0000000000004800        0x2 C:/CEVA-ToolBox/V22/SensPro/cevatools/lib/clang/14.0.6/cevasp-unknown-unknown-elf/rtlv1.2.0-fp2-dpfp2/lib\libc.a(__stdio_close.o)
                0x0000000000004800                __aio_close
 *fill*         0x0000000000004802       0x1e 
 .text.__stdio_close
                0x0000000000004820       0x18 C:/CEVA-ToolBox/V22/SensPro/cevatools/lib/clang/14.0.6/cevasp-unknown-unknown-elf/rtlv1.2.0-fp2-dpfp2/lib\libc.a(__stdio_close.o)
                                         0x1e (size before relaxing)
                0x0000000000004820                __stdio_close
 *fill*         0x0000000000004838        0x8 
 .text.__stdio_seek
                0x0000000000004840        0xa C:/CEVA-ToolBox/V22/SensPro/cevatools/lib/clang/14.0.6/cevasp-unknown-unknown-elf/rtlv1.2.0-fp2-dpfp2/lib\libc.a(__stdio_seek.o)
                                          0xc (size before relaxing)
                0x0000000000004840                __stdio_seek
 *fill*         0x000000000000484a       0x16 
 .text.__stdio_write
                0x0000000000004860       0xd8 C:/CEVA-ToolBox/V22/SensPro/cevatools/lib/clang/14.0.6/cevasp-unknown-unknown-elf/rtlv1.2.0-fp2-dpfp2/lib\libc.a(__stdio_write.o)
                                         0xf2 (size before relaxing)
                0x0000000000004860                __stdio_write
 *fill*         0x0000000000004938        0x8 
 .text.vfprintf
                0x0000000000004940      0x118 C:/CEVA-ToolBox/V22/SensPro/cevatools/lib/clang/14.0.6/cevasp-unknown-unknown-elf/rtlv1.2.0-fp2-dpfp2/lib\libc.a(vfprintf.o)
                                        0x144 (size before relaxing)
                0x0000000000004940                vfprintf
 *fill*         0x0000000000004a58        0x8 
 .text.printf_core
                0x0000000000004a60     0x14d6 C:/CEVA-ToolBox/V22/SensPro/cevatools/lib/clang/14.0.6/cevasp-unknown-unknown-elf/rtlv1.2.0-fp2-dpfp2/lib\libc.a(vfprintf.o)
                                       0x179a (size before relaxing)
 *fill*         0x0000000000005f36        0xa 
 .text.out      0x0000000000005f40       0x1e C:/CEVA-ToolBox/V22/SensPro/cevatools/lib/clang/14.0.6/cevasp-unknown-unknown-elf/rtlv1.2.0-fp2-dpfp2/lib\libc.a(vfprintf.o)
                                         0x24 (size before relaxing)
 *fill*         0x0000000000005f5e        0x2 
 .text.getint   0x0000000000005f60       0x52 C:/CEVA-ToolBox/V22/SensPro/cevatools/lib/clang/14.0.6/cevasp-unknown-unknown-elf/rtlv1.2.0-fp2-dpfp2/lib\libc.a(vfprintf.o)
                                         0x5c (size before relaxing)
 *fill*         0x0000000000005fb2        0xe 
 .text.pop_arg  0x0000000000005fc0       0xa6 C:/CEVA-ToolBox/V22/SensPro/cevatools/lib/clang/14.0.6/cevasp-unknown-unknown-elf/rtlv1.2.0-fp2-dpfp2/lib\libc.a(vfprintf.o)
                                         0xe4 (size before relaxing)
 *fill*         0x0000000000006066       0x1a 
 .text.fmt_u    0x0000000000006080       0x6a C:/CEVA-ToolBox/V22/SensPro/cevatools/lib/clang/14.0.6/cevasp-unknown-unknown-elf/rtlv1.2.0-fp2-dpfp2/lib\libc.a(vfprintf.o)
                                         0x78 (size before relaxing)
 *fill*         0x00000000000060ea       0x16 
 .text.pad      0x0000000000006100       0x6e C:/CEVA-ToolBox/V22/SensPro/cevatools/lib/clang/14.0.6/cevasp-unknown-unknown-elf/rtlv1.2.0-fp2-dpfp2/lib\libc.a(vfprintf.o)
                                         0x7c (size before relaxing)
 *fill*         0x000000000000616e       0x12 
 .text.strnlen  0x0000000000006180       0x20 C:/CEVA-ToolBox/V22/SensPro/cevatools/lib/clang/14.0.6/cevasp-unknown-unknown-elf/rtlv1.2.0-fp2-dpfp2/lib\libc.a(strnlen.o)
                                         0x22 (size before relaxing)
                0x0000000000006180                strnlen
 *fill*         0x00000000000061a0        0x0 
 .text.signal   0x00000000000061a0       0x62 C:/CEVA-ToolBox/V22/SensPro/cevatools/lib/clang/14.0.6/cevasp-unknown-unknown-elf/rtlv1.2.0-fp2-dpfp2/lib\libc.a(signal.o)
                                         0x7e (size before relaxing)
                0x00000000000061a0                signal
 *fill*         0x0000000000006202       0x1e 
 .text.sigidx   0x0000000000006220       0x14 C:/CEVA-ToolBox/V22/SensPro/cevatools/lib/clang/14.0.6/cevasp-unknown-unknown-elf/rtlv1.2.0-fp2-dpfp2/lib\libc.a(signal.o)
 *fill*         0x0000000000006234        0xc 
 .text.default_handler
                0x0000000000006240        0xa C:/CEVA-ToolBox/V22/SensPro/cevatools/lib/clang/14.0.6/cevasp-unknown-unknown-elf/rtlv1.2.0-fp2-dpfp2/lib\libc.a(signal.o)
                                          0xc (size before relaxing)
 *fill*         0x000000000000624a       0x16 
 .text.ignore_handler
                0x0000000000006260        0x2 C:/CEVA-ToolBox/V22/SensPro/cevatools/lib/clang/14.0.6/cevasp-unknown-unknown-elf/rtlv1.2.0-fp2-dpfp2/lib\libc.a(signal.o)
 *fill*         0x0000000000006262       0x1e 
 .text.raise    0x0000000000006280       0x76 C:/CEVA-ToolBox/V22/SensPro/cevatools/lib/clang/14.0.6/cevasp-unknown-unknown-elf/rtlv1.2.0-fp2-dpfp2/lib\libc.a(signal.o)
                                         0x96 (size before relaxing)
                0x0000000000006280                raise
 *fill*         0x00000000000062f6        0xa 
 .text.__init_construct_globals
                0x0000000000006300       0x34 C:/CEVA-ToolBox/V22/SensPro/cevatools/lib/clang/14.0.6/cevasp-unknown-unknown-elf/rtlv1.2.0-fp2-dpfp2/lib\libc.a(crt0_construct_destruct_globals.o)
                0x0000000000006300                __init_construct_globals
 *fill*         0x0000000000006334        0xc 
 .text.__lseek  0x0000000000006340       0x24 C:/CEVA-ToolBox/V22/SensPro/cevatools/lib/clang/14.0.6/cevasp-unknown-unknown-elf/rtlv1.2.0-fp2-dpfp2/lib\libc.a(lseek.o)
                0x0000000000006340                __lseek
                0x0000000000006340                lseek64
                0x0000000000006340                lseek
 *fill*         0x0000000000006364       0x1c 
 .text.__strerror_l
                0x0000000000006380       0x28 C:/CEVA-ToolBox/V22/SensPro/cevatools/lib/clang/14.0.6/cevasp-unknown-unknown-elf/rtlv1.2.0-fp2-dpfp2/lib\libc.a(strerror.o)
                                         0x2e (size before relaxing)
                0x0000000000006380                __strerror_l
                0x0000000000006380                strerror_l
 *fill*         0x00000000000063a8       0x18 
 .text.strerror
                0x00000000000063c0       0x10 C:/CEVA-ToolBox/V22/SensPro/cevatools/lib/clang/14.0.6/cevasp-unknown-unknown-elf/rtlv1.2.0-fp2-dpfp2/lib\libc.a(strerror.o)
                                         0x14 (size before relaxing)
                0x00000000000063c0                strerror
 *fill*         0x00000000000063d0       0x10 
 .text.__syscall_ret
                0x00000000000063e0       0x24 C:/CEVA-ToolBox/V22/SensPro/cevatools/lib/clang/14.0.6/cevasp-unknown-unknown-elf/rtlv1.2.0-fp2-dpfp2/lib\libc.a(syscall_ret.o)
                                         0x2a (size before relaxing)
                0x00000000000063e0                __syscall_ret
 *fill*         0x0000000000006404       0x1c 
 .text.__cxd_sys_close
                0x0000000000006420       0x34 C:/CEVA-ToolBox/V22/SensPro/cevatools/lib/clang/14.0.6/cevasp-unknown-unknown-elf/rtlv1.2.0-fp2-dpfp2/lib\libc.a(__cxd_sys_io.o)
                                         0x3e (size before relaxing)
                0x0000000000006420                __cxd_sys_close
 *fill*         0x0000000000006454        0xc 
 .text.__cxd_sys_remove
                0x0000000000006460       0x40 C:/CEVA-ToolBox/V22/SensPro/cevatools/lib/clang/14.0.6/cevasp-unknown-unknown-elf/rtlv1.2.0-fp2-dpfp2/lib\libc.a(__cxd_sys_io.o)
                                         0x4e (size before relaxing)
                0x0000000000006460                __cxd_sys_remove
 *fill*         0x00000000000064a0        0x0 
 .text.__cxd_sys_writev
                0x00000000000064a0       0x90 C:/CEVA-ToolBox/V22/SensPro/cevatools/lib/clang/14.0.6/cevasp-unknown-unknown-elf/rtlv1.2.0-fp2-dpfp2/lib\libc.a(__cxd_sys_io.o)
                                         0xba (size before relaxing)
                0x00000000000064a0                __cxd_sys_writev
 *fill*         0x0000000000006530       0x10 
 .text.__cxd_sys_lseek
                0x0000000000006540       0x76 C:/CEVA-ToolBox/V22/SensPro/cevatools/lib/clang/14.0.6/cevasp-unknown-unknown-elf/rtlv1.2.0-fp2-dpfp2/lib\libc.a(__cxd_sys_io.o)
                                         0x94 (size before relaxing)
                0x0000000000006540                __cxd_sys_lseek
 *fill*         0x00000000000065b6        0xa 
 .text.syscall_handler
                0x00000000000065c0       0x2e C:/CEVA-ToolBox/V22/SensPro/cevatools/lib/clang/14.0.6/cevasp-unknown-unknown-elf/rtlv1.2.0-fp2-dpfp2/lib\libc.a(__cxd_sys_io.o)
                0x00000000000065e8                syscall_handler_bp
                0x00000000000065e8                __cxd_syscall_debug_handler_breakpoint
 *fill*         0x00000000000065ee       0x12 
 .text.dummy    0x0000000000006600        0x2 C:/CEVA-ToolBox/V22/SensPro/cevatools/lib/clang/14.0.6/cevasp-unknown-unknown-elf/rtlv1.2.0-fp2-dpfp2/lib\libc.a(__lctrans.o)
                0x0000000000006600                __lctrans_impl
 *fill*         0x0000000000006602       0x1e 
 .text.__lctrans
                0x0000000000006620        0x4 C:/CEVA-ToolBox/V22/SensPro/cevatools/lib/clang/14.0.6/cevasp-unknown-unknown-elf/rtlv1.2.0-fp2-dpfp2/lib\libc.a(__lctrans.o)
                                          0x6 (size before relaxing)
                0x0000000000006620                __lctrans
 *fill*         0x0000000000006624       0x1c 
 .text.__libc_free
                0x0000000000006640        0xa C:/CEVA-ToolBox/V22/SensPro/cevatools/lib/clang/14.0.6/cevasp-unknown-unknown-elf/rtlv1.2.0-fp2-dpfp2/lib\libc.a(malloc.o)
                                         0x10 (size before relaxing)
                0x0000000000006640                free
                0x0000000000006640                __libc_free
 *fill*         0x000000000000664a       0x16 
 .text.__mem_fg_init
                0x0000000000006660       0x1e C:/CEVA-ToolBox/V22/SensPro/cevatools/lib/clang/14.0.6/cevasp-unknown-unknown-elf/rtlv1.2.0-fp2-dpfp2/lib\libc.a(fine_grain.o)
                                         0x24 (size before relaxing)
                0x0000000000006660                __mem_fg_init
 *fill*         0x000000000000667e        0x2 
 .text.__mem_fg_free
                0x0000000000006680       0x48 C:/CEVA-ToolBox/V22/SensPro/cevatools/lib/clang/14.0.6/cevasp-unknown-unknown-elf/rtlv1.2.0-fp2-dpfp2/lib\libc.a(fine_grain.o)
                                         0x56 (size before relaxing)
                0x0000000000006680                __mem_fg_free
 *fill*         0x00000000000066c8       0x18 
 .text.__mem_cg_init
                0x00000000000066e0       0x30 C:/CEVA-ToolBox/V22/SensPro/cevatools/lib/clang/14.0.6/cevasp-unknown-unknown-elf/rtlv1.2.0-fp2-dpfp2/lib\libc.a(coarse_grain.o)
                0x00000000000066e0                __mem_cg_init
 *fill*         0x0000000000006710       0x10 
 .text.__mem_cg_free
                0x0000000000006720       0x20 C:/CEVA-ToolBox/V22/SensPro/cevatools/lib/clang/14.0.6/cevasp-unknown-unknown-elf/rtlv1.2.0-fp2-dpfp2/lib\libc.a(coarse_grain.o)
                                         0x22 (size before relaxing)
                0x0000000000006720                __mem_cg_free
 *fill*         0x0000000000006740        0x0 
 .text.__mem_cg_block_merge
                0x0000000000006740       0x2e C:/CEVA-ToolBox/V22/SensPro/cevatools/lib/clang/14.0.6/cevasp-unknown-unknown-elf/rtlv1.2.0-fp2-dpfp2/lib\libc.a(coarse_grain.o)
                                         0x38 (size before relaxing)
 *fill*         0x000000000000676e       0x12 
 .text.frexpl   0x0000000000006780        0x4 C:/CEVA-ToolBox/V22/SensPro/cevatools/lib/clang/14.0.6/cevasp-unknown-unknown-elf/rtlv1.2.0-fp2-dpfp2/lib\libc.a(frexpl.o)
                                          0x6 (size before relaxing)
                0x0000000000006780                frexpl
 *fill*         0x0000000000006784       0x1c 
 .text.wctomb   0x00000000000067a0       0x1e C:/CEVA-ToolBox/V22/SensPro/cevatools/lib/clang/14.0.6/cevasp-unknown-unknown-elf/rtlv1.2.0-fp2-dpfp2/lib\libc.a(wctomb.o)
                0x00000000000067a0                wctomb
 *fill*         0x00000000000067be        0x2 
 .text.__fwritex
                0x00000000000067c0       0xb2 C:/CEVA-ToolBox/V22/SensPro/cevatools/lib/clang/14.0.6/cevasp-unknown-unknown-elf/rtlv1.2.0-fp2-dpfp2/lib\libc.a(fwrite.o)
                                         0xd8 (size before relaxing)
                0x00000000000067c0                __fwritex
 *fill*         0x0000000000006872        0xe 
 .text.__lockfile
                0x0000000000006880        0x4 C:/CEVA-ToolBox/V22/SensPro/cevatools/lib/clang/14.0.6/cevasp-unknown-unknown-elf/rtlv1.2.0-fp2-dpfp2/lib\libc.a(__lockfile.o)
                0x0000000000006880                __lockfile
 *fill*         0x0000000000006884       0x1c 
 .text.__unlockfile
                0x00000000000068a0        0x2 C:/CEVA-ToolBox/V22/SensPro/cevatools/lib/clang/14.0.6/cevasp-unknown-unknown-elf/rtlv1.2.0-fp2-dpfp2/lib\libc.a(__lockfile.o)
                0x00000000000068a0                __unlockfile
 *fill*         0x00000000000068a2       0x1e 
 .text.__towrite
                0x00000000000068c0       0x4a C:/CEVA-ToolBox/V22/SensPro/cevatools/lib/clang/14.0.6/cevasp-unknown-unknown-elf/rtlv1.2.0-fp2-dpfp2/lib\libc.a(__towrite.o)
                0x00000000000068c0                __towrite
 *fill*         0x000000000000690a       0x16 
 .text.memchr   0x0000000000006920       0xa4 C:/CEVA-ToolBox/V22/SensPro/cevatools/lib/clang/14.0.6/cevasp-unknown-unknown-elf/rtlv1.2.0-fp2-dpfp2/lib\libc.a(memchr.o)
                                         0xc6 (size before relaxing)
                0x0000000000006920                memchr
 *fill*         0x00000000000069c4       0x1c 
 .text.frexp    0x00000000000069e0       0xaa C:/CEVA-ToolBox/V22/SensPro/cevatools/lib/clang/14.0.6/cevasp-unknown-unknown-elf/rtlv1.2.0-fp2-dpfp2/lib\libc.a(frexp.o)
                0x00000000000069e0                frexp
 *fill*         0x0000000000006a8a       0x16 
 .text.wcrtomb  0x0000000000006aa0      0x12e C:/CEVA-ToolBox/V22/SensPro/cevatools/lib/clang/14.0.6/cevasp-unknown-unknown-elf/rtlv1.2.0-fp2-dpfp2/lib\libc.a(wcrtomb.o)
                                        0x14e (size before relaxing)
                0x0000000000006aa0                wcrtomb
 *fill*         0x0000000000006bce       0x12 
 .text.__stdio_exit
                0x0000000000006be0       0x82 C:/CEVA-ToolBox/V22/SensPro/cevatools/lib/clang/14.0.6/cevasp-unknown-unknown-elf/rtlv1.2.0-fp2-dpfp2/lib\libc.a(__stdio_exit.o)
                                         0xa8 (size before relaxing)
                0x0000000000006be0                __stdio_exit_needed
                0x0000000000006be0                __stdio_exit
 *fill*         0x0000000000006c62       0x1e 
 .text.close_file
                0x0000000000006c80       0x68 C:/CEVA-ToolBox/V22/SensPro/cevatools/lib/clang/14.0.6/cevasp-unknown-unknown-elf/rtlv1.2.0-fp2-dpfp2/lib\libc.a(__stdio_exit.o)
                                         0x7c (size before relaxing)
 *fill*         0x0000000000006ce8       0x18 
 .text.__ofl_lock
                0x0000000000006d00       0x1a C:/CEVA-ToolBox/V22/SensPro/cevatools/lib/clang/14.0.6/cevasp-unknown-unknown-elf/rtlv1.2.0-fp2-dpfp2/lib\libc.a(ofl.o)
                                         0x20 (size before relaxing)
                0x0000000000006d00                __ofl_lock
 *fill*         0x0000000000006d1a        0x6 
 .text.__lock   0x0000000000006d20        0x2 C:/CEVA-ToolBox/V22/SensPro/cevatools/lib/clang/14.0.6/cevasp-unknown-unknown-elf/rtlv1.2.0-fp2-dpfp2/lib\libc.a(__lock.o)
                0x0000000000006d20                __lock
 *fill*         0x0000000000006d22       0x1e 
 .text.__ledf2  0x0000000000006d40       0x86 C:/CEVA-ToolBox/V22/SensPro/cevatools/lib/clang/14.0.6/cevasp-unknown-unknown-elf/rtlv1.2.0-fp2-dpfp2/lib\libcompiler-rt.a(comparedf2.o)
                0x0000000000006d40                __eqdf2
                0x0000000000006d40                __ltdf2
                0x0000000000006d40                __ledf2
                0x0000000000006d40                __nedf2
                0x0000000000006d40                __cmpdf2
 *fill*         0x0000000000006dc6       0x1a 
 .text.__unorddf2
                0x0000000000006de0       0x42 C:/CEVA-ToolBox/V22/SensPro/cevatools/lib/clang/14.0.6/cevasp-unknown-unknown-elf/rtlv1.2.0-fp2-dpfp2/lib\libcompiler-rt.a(comparedf2.o)
                0x0000000000006de0                __unorddf2
 *fill*         0x0000000000006e22       0x1e 
 .text.__divsf3
                0x0000000000006e40      0x254 C:/CEVA-ToolBox/V22/SensPro/cevatools/lib/clang/14.0.6/cevasp-unknown-unknown-elf/rtlv1.2.0-fp2-dpfp2/lib\libcompiler-rt.a(divsf3.o)
                                        0x274 (size before relaxing)
                0x0000000000006e40                __divsf3
 *fill*         0x0000000000007094        0xc 
 .text.__fixdfsi
                0x00000000000070a0       0x84 C:/CEVA-ToolBox/V22/SensPro/cevatools/lib/clang/14.0.6/cevasp-unknown-unknown-elf/rtlv1.2.0-fp2-dpfp2/lib\libcompiler-rt.a(fixdfsi.o)
                0x00000000000070a0                __fixdfsi
 *fill*         0x0000000000007124       0x1c 
 .text.__fixunsdfsi
                0x0000000000007140       0x70 C:/CEVA-ToolBox/V22/SensPro/cevatools/lib/clang/14.0.6/cevasp-unknown-unknown-elf/rtlv1.2.0-fp2-dpfp2/lib\libcompiler-rt.a(fixunsdfsi.o)
                0x0000000000007140                __fixunsdfsi
 *fill*         0x00000000000071b0       0x10 
 .text.__floatsidf
                0x00000000000071c0       0x4e C:/CEVA-ToolBox/V22/SensPro/cevatools/lib/clang/14.0.6/cevasp-unknown-unknown-elf/rtlv1.2.0-fp2-dpfp2/lib\libcompiler-rt.a(floatsidf.o)
                0x00000000000071c0                __floatsidf
 *fill*         0x000000000000720e       0x12 
 .text.__floatunsidf
                0x0000000000007220       0x3e C:/CEVA-ToolBox/V22/SensPro/cevatools/lib/clang/14.0.6/cevasp-unknown-unknown-elf/rtlv1.2.0-fp2-dpfp2/lib\libcompiler-rt.a(floatunsidf.o)
                0x0000000000007220                __floatunsidf
 *fill*         0x000000000000725e        0x2 
 .text.__udivdi3
                0x0000000000007260        0x4 C:/CEVA-ToolBox/V22/SensPro/cevatools/lib/clang/14.0.6/cevasp-unknown-unknown-elf/rtlv1.2.0-fp2-dpfp2/lib\libcompiler-rt.a(udivdi3.o)
                                          0x8 (size before relaxing)
                0x0000000000007260                __udivdi3
 *fill*         0x0000000000007264       0x1c 
 .text.__udivmoddi4
                0x0000000000007280      0x420 C:/CEVA-ToolBox/V22/SensPro/cevatools/lib/clang/14.0.6/cevasp-unknown-unknown-elf/rtlv1.2.0-fp2-dpfp2/lib\libcompiler-rt.a(udivmoddi4.o)
                                        0x440 (size before relaxing)
                0x0000000000007280                __udivmoddi4
 .text.dpfp_sub
                0x00000000000076a0       0x80 C:/CEVA-ToolBox/V22/SensPro/cevatools/lib/clang/14.0.6/cevasp-unknown-unknown-elf/rtlv1.2.0-fp2-dpfp2/lib\libcompiler-rt.a(dpsub.o)
                0x00000000000076a0                dpfp_sub
 .text.dp_cmpeq
                0x0000000000007720       0x4c C:/CEVA-ToolBox/V22/SensPro/cevatools/lib/clang/14.0.6/cevasp-unknown-unknown-elf/rtlv1.2.0-fp2-dpfp2/lib\libcompiler-rt.a(dpcmpeq.o)
                0x0000000000007720                dp_cmpeq
 *fill*         0x000000000000776c       0x14 
 .text.dpfp_mpy
                0x0000000000007780       0x8e C:/CEVA-ToolBox/V22/SensPro/cevatools/lib/clang/14.0.6/cevasp-unknown-unknown-elf/rtlv1.2.0-fp2-dpfp2/lib\libcompiler-rt.a(dpmpy.o)
                0x0000000000007780                dpfp_mpy
 *fill*         0x000000000000780e       0x12 
 .text.dpfp_add
                0x0000000000007820       0x80 C:/CEVA-ToolBox/V22/SensPro/cevatools/lib/clang/14.0.6/cevasp-unknown-unknown-elf/rtlv1.2.0-fp2-dpfp2/lib\libcompiler-rt.a(dpadd.o)
                0x0000000000007820                dpfp_add
 .text.__divmodsi4_inreg
                0x00000000000078a0       0x60 C:/CEVA-ToolBox/V22/SensPro/cevatools/lib/clang/14.0.6/cevasp-unknown-unknown-elf/rtlv1.2.0-fp2-dpfp2/lib\libcompiler-rt.a(divmodsi4_inreg.o)
                0x00000000000078a0                __divmodsi4_inreg
 .text.__udivmodsi4_inreg
                0x0000000000007900       0x60 C:/CEVA-ToolBox/V22/SensPro/cevatools/lib/clang/14.0.6/cevasp-unknown-unknown-elf/rtlv1.2.0-fp2-dpfp2/lib\libcompiler-rt.a(udivmodsi4_inreg.o)
                0x0000000000007900                __udivmodsi4_inreg
 .text          0x0000000000007960       0x10 C:/CEVA-ToolBox/V22/SensPro/cevatools/lib/clang/14.0.6/cevasp-unknown-unknown-elf/rtlv1.2.0-fp2-dpfp2/lib\libcompiler-rt.a(barrier_elf.o)
                0x0000000000007960                __sync_synchronize
 *(CSL_CODE_SECTION CSL_CODE_SECTION.*)
 *fill*         0x0000000000007970       0x10 
 CSL_CODE_SECTION
                0x0000000000007980      0x684 D:/Toolbox/workspace_dsp_next_fd_app/testbench_dsp/dsp_csl/lib/libcsl.a(ceva_xm_bc.c.obj)
                                        0x704 (size before relaxing)
                0x0000000000007980                ICU_IVA_allocate_bc
                0x00000000000079c0                ICU_interrupts_operation_bc
                0x0000000000007b74                TIMER_allocate_bc
                0x0000000000007be0                PMSS_set_region_attributes_bc
                0x0000000000007cbe                PMSS_enable_global_program_cache_bc
                0x0000000000007db0                PMSS_set_pdma_task_bc
                0x0000000000007e08                QMAN_allocate_bc
                0x0000000000007e78                QMAN_deallocate_bc
                0x0000000000007ec0                QMAN_create_internal_message_task_bc
                0x0000000000007ee6                QMAN_create_external_message_task_bc
                0x0000000000007f0c                QMAN_create_linear_task_bc
                0x0000000000007f44                QMAN_create_multi_di_task_bc
                0x0000000000007faa                dma_update_3d_desc_size
                0x0000000000007fca                dma_update_1d_desc_size
                0x0000000000007fe0                dma_update_2d_desc_size
 *fill*         0x0000000000008004       0x1c 
 CSL_CODE_SECTION
                0x0000000000008020       0x8a D:/Toolbox/workspace_dsp_next_fd_app/testbench_dsp/dsp_csl/lib/libcsl.a(ceva_qman_task_descriptor_v2.c.obj)
                0x0000000000008020                QMAN_update_linear_transfer_size
                0x000000000000804a                QMAN_update_multi_di_transfer_size
                0x0000000000008088                QMAN_update_multi_di_stride
 *fill*         0x00000000000080aa       0x16 
 CSL_CODE_SECTION
                0x00000000000080c0      0x33a D:/Toolbox/workspace_dsp_next_fd_app/testbench_dsp/dsp_csl/lib/libcsl.a(ceva_pmss.c.obj)
                                        0x35a (size before relaxing)
                0x00000000000080c0                PMSS_set_region_attributes
                0x0000000000008100                PMSS_get_region_attributes
                0x0000000000008140                PMSS_set_swop_address_based
                0x0000000000008180                PMSS_set_swop_entire_cache
                0x00000000000081a8                PMSS_enable_global_program_cache
                0x000000000000826c                PMSS_set_pre_fetch_size
                0x00000000000082ba                PMSS_set_pre_fetch
                0x0000000000008304                PMSS_set_way_prediction
                0x000000000000834e                PMSS_is_cache_operation_active
                0x000000000000836e                PMSS_set_pdma_task_pre_validation
                0x0000000000008372                PMSS_set_pdma_task
                0x00000000000083d8                PMSS_is_pdma_busy
 *fill*         0x00000000000083fa        0x6 
 CSL_CODE_SECTION
                0x0000000000008400      0x4b0 D:/Toolbox/workspace_dsp_next_fd_app/testbench_dsp/dsp_csl/lib/libcsl.a(ceva_qman_config.c.obj)
                                        0x512 (size before relaxing)
                0x0000000000008400                QMAN_alloc_verify
                0x0000000000008410                QMAN_alloc_reset_hw_config
                0x0000000000008500                QMAN_alloc_reset_resource_data
                0x0000000000008572                QMAN_allocate
                0x000000000000871c                QMAN_deallocate
                0x0000000000008772                QMAN_enable
                0x00000000000087a6                QMAN_disable
                0x00000000000087e0                QMAN_set_chunk_size_config
                0x000000000000880e                QMAN_set_cont_frame
                0x0000000000008850                QMAN_get_active_tasks_number
                0x0000000000008884                QMAN_reset_sync_point
 *fill*         0x00000000000088b0       0x10 
 CSL_CODE_SECTION
                0x00000000000088c0      0x4ba D:/Toolbox/workspace_dsp_next_fd_app/testbench_dsp/dsp_csl/lib/libcsl.a(ceva_timers.c.obj)
                                        0x4fa (size before relaxing)
                0x00000000000088c0                TIMER_find_available_timer
                0x000000000000890a                TIMER_latch
                0x0000000000008940                TIMER_unlatch
                0x0000000000008980                TIMER_allocate32
                0x0000000000008a60                TIMER_allocate64
                0x0000000000008b34                TIMER_deallocate
                0x0000000000008b8c                TIMER_reset_pre_validation
                0x0000000000008bb0                TIMER_reset
                0x0000000000008c20                TIMER_resume
                0x0000000000008c60                TIMER_pause
                0x0000000000008c98                TIMER_progress_counter
                0x0000000000008cc6                TIMER_read32
                0x0000000000008cda                TIMER_read64
                0x0000000000008d40                TIMER_out_signal_clear
 *fill*         0x0000000000008d7a        0x6 
 CSL_CODE_SECTION
                0x0000000000008d80      0x33a D:/Toolbox/workspace_dsp_next_fd_app/testbench_dsp/dsp_csl/lib/libcsl.a(ceva_qman_ctrl.c.obj)
                                        0x37a (size before relaxing)
                0x0000000000008d80                QMAN_start_continuous_execution_pre_validation
                0x0000000000008d84                QMAN_start_continuous_execution
                0x0000000000008de8                QMAN_is_continuous_execution_started
                0x0000000000008e20                QMAN_pause_continuous_execution
                0x0000000000008e60                QMAN_is_continuous_execution_paused
                0x0000000000008e92                QMAN_pause_all
                0x0000000000008ea8                QMAN_resume_all
                0x0000000000008ec0                QMAN_is_all_paused
                0x0000000000008ee8                QMAN_is_queue_full
                0x0000000000008f28                QMAN_mask_queue_full_interrupt
                0x0000000000008f78                QMAN_mask_all_queue_full_interrupts
                0x0000000000008f92                QMAN_is_idm_cross_violation
                0x0000000000008fe0                QMAN_is_queue_empty_violation
                0x0000000000009026                QMAN_get_all_violations
                0x0000000000009060                QMAN_clear_all_violations
                0x0000000000009096                QMAN_is_active
 *fill*         0x00000000000090ba        0x6 
 CSL_CODE_SECTION
                0x00000000000090c0      0x380 D:/Toolbox/workspace_dsp_next_fd_app/testbench_dsp/dsp_csl/lib/libcsl.a(ceva_icu.c.obj)
                                        0x3e2 (size before relaxing)
                0x00000000000090c0                ICU_set_interrupt_configuration
                0x0000000000009140                ICU_mask_interrupt
                0x0000000000009180                ICU_activation
                0x00000000000091c0                ICU_is_enabled
                0x00000000000091e4                ICU_lock_critical_interrupt_conf
                0x0000000000009260                ICU_mask_interrupt_group
                0x00000000000092b2                ICU_set_group_mask
                0x00000000000092cc                ICU_generate_interrupt
                0x0000000000009302                ICU_clear_interrupt
                0x000000000000932a                ICU_is_pending_interrupt
                0x0000000000009364                ICU_IVA_allocate
                0x0000000000009428                ICU_IVA_deallocate
 *fill*         0x0000000000009440        0x0 
 CSL_CODE_SECTION
                0x0000000000009440      0x132 D:/Toolbox/workspace_dsp_next_fd_app/testbench_dsp/dsp_csl/lib/libcsl.a(ceva_asm_aux.asm.obj)
                0x0000000000009440                cpm_out1
                0x000000000000946e                cpm_out2
                0x000000000000949c                cpm_out3
                0x00000000000094ca                cpm_in
                0x00000000000094f8                ceva_ffb
                0x00000000000094fe                get_csr
                0x000000000000952c                HW_EXCPTIONS_DIV_0_V_clear_sticky_bits
                0x0000000000009558                CSL_is_supervisor
 *fill*         0x0000000000009572        0xe 
 CSL_CODE_SECTION
                0x0000000000009580      0x2c8 D:/Toolbox/workspace_dsp_next_fd_app/testbench_dsp/dsp_csl/lib/libcsl.a(ceva_csl.c.obj)
                                        0x36a (size before relaxing)
                0x0000000000009580                CSL_start
                0x0000000000009668                CSL_stop
                0x000000000000975c                CSL_is_it_iss
 *fill*         0x0000000000009848       0x18 
 CSL_CODE_SECTION
                0x0000000000009860      0x4da D:/Toolbox/workspace_dsp_next_fd_app/testbench_dsp/dsp_csl/lib/libcsl.a(ceva_qman_enqueue.asm.obj)
                                        0x4fa (size before relaxing)
                0x0000000000009860                QMAN_is_sync_point_reached
                0x0000000000009884                dma_wait_sync_point
                0x00000000000098aa                dma_enqueue_sync_point
                0x0000000000009958                QMAN_enqueue_sync_point
                0x0000000000009a06                QMAN_enqueue_task
                0x0000000000009a80                dma_enqueue_desc
                0x0000000000009b0c                QMAN_push_task
                0x0000000000009b90                QMAN_push_frame_start
                0x0000000000009c40                QMAN_push_frame_mid
                0x0000000000009ce0                QMAN_push_frame_end
                0x0000000000009d30                CSL_is_asm_assertions_enable
 *fill*         0x0000000000009d3a        0x6 
 CSL_CODE_SECTION
                0x0000000000009d40       0x92 D:/Toolbox/workspace_dsp_next_fd_app/testbench_dsp/dsp_csl/lib/libcsl.a(ceva_assert.c.obj)
                                         0x94 (size before relaxing)
                0x0000000000009d40                csl_enter_critical_section
                0x0000000000009d62                csl_exit_critical_section
                0x0000000000009d90                CSL_is_it_simulator
 *fill*         0x0000000000009dd2        0xe 
 CSL_CODE_SECTION
                0x0000000000009de0      0x344 D:/Toolbox/workspace_dsp_next_fd_app/testbench_dsp/dsp_csl/lib/libcsl.a(ceva_dmss.c.obj)
                                        0x364 (size before relaxing)
                0x0000000000009de0                DMSS_set_port_rid
                0x0000000000009df6                DMSS_set_port_wid
                0x0000000000009e0e                DMSS_set_ddma_global_max_outstanding
                0x0000000000009e74                DMSS_get_idm_base_address
                0x0000000000009e80                DMSS_set_idm_access_protection_level
                0x0000000000009e9c                DMSS_get_idm_access_protection_level
                0x0000000000009eb4                DMSS_set_internal_barrier
                0x0000000000009ed6                DMSS_set_region_attributes_pre_validation
                0x0000000000009eda                DMSS_set_region_attributes
                0x0000000000009f38                DMSS_get_region_attributes
                0x0000000000009f82                DMSS_is_ddma_busy
                0x0000000000009fa0                DMSS_get_idle_indication
                0x0000000000009faa                DMSS_is_ddma_queue_full
                0x0000000000009fc6                DMSS_execute_ddma_task
                0x000000000000a0d6                DMSS_pause_ddma
                0x000000000000a0ee                DMSS_unpause_ddma
                0x000000000000a106                DMSS_is_ddma_paused
                0x000000000000a140                . = ALIGN (0x40)
 *fill*         0x000000000000a124       0x1c 
                [!provide]                        PROVIDE (__text_end, ABSOLUTE (.))
                [!provide]                        PROVIDE (__text_fd_start, ABSOLUTE (.))
 *(.text_fd .text_fd.*)
                0x000000000000a140                . = ALIGN (0x20)
                [!provide]                        PROVIDE (__text_fd_end, ABSOLUTE (.))
                0x000000000000a200                . = ALIGN (0x100)
 *fill*         0x000000000000a140       0xc0 
 *(.external_timer_interrupt)
                0x000000000000a200                . = ALIGN (0x100)
 *(.external_mailbox_interrupt)
                0x000000000000a200                . = ALIGN (0x100)
 *(.external_wframe0_interrupt)
 .external_wframe0_interrupt
                0x000000000000a200       0x14 ./src/dsp_mm.o
                                         0x1a (size before relaxing)
                0x000000000000a200                wframe0_interrupt_hook
                0x000000000000a300                . = ALIGN (0x100)
 *fill*         0x000000000000a214       0xec 
 *(.external_wframe1_interrupt)
 .external_wframe1_interrupt
                0x000000000000a300       0x14 ./src/dsp_mm.o
                                         0x1a (size before relaxing)
                0x000000000000a300                wframe1_interrupt_hook
                0x000000000000a400                . = ALIGN (0x100)
 *fill*         0x000000000000a314       0xec 
 *(.external_rframe0_interrupt)
 .external_rframe0_interrupt
                0x000000000000a400       0x12 ./src/dsp_mm.o
                                         0x1a (size before relaxing)
                0x000000000000a400                rframe0_interrupt_hook
                0x000000000000a500                . = ALIGN (0x100)
 *fill*         0x000000000000a412       0xee 
 *(.external_rframe1_interrupt)
 .external_rframe1_interrupt
                0x000000000000a500       0x12 ./src/dsp_mm.o
                                         0x1a (size before relaxing)
                0x000000000000a500                rframe1_interrupt_hook
                0x000000000000a600                . = ALIGN (0x100)
 *fill*         0x000000000000a512       0xee 

.data.internal  0x0000000000000000    0x177bc
                0x0000000000000000                PROVIDE (__data_internal_start, ABSOLUTE (.))
                0x0000000000000004                . = (. + 0x4)
 *fill*         0x0000000000000000        0x4 
                [!provide]                        PROVIDE (__data_start, ABSOLUTE (.))
 *(.data .data.*)
 .data.rframe0_ready
                0x0000000000000004        0x1 ./src/dsp_mm.o
                0x0000000000000004                rframe0_ready
 .data.rframe1_ready
                0x0000000000000005        0x1 ./src/dsp_mm.o
                0x0000000000000005                rframe1_ready
 .data.structure_conv1
                0x0000000000000006       0x10 ./src/face_detect.o
                0x0000000000000006                structure_conv1
 .data.structure_conv2
                0x0000000000000016       0x10 ./src/face_detect.o
                0x0000000000000016                structure_conv2
 .data.structure_conv3
                0x0000000000000026       0x10 ./src/face_detect.o
                0x0000000000000026                structure_conv3
 .data.structure_maxpool_pool1
                0x0000000000000036       0x10 ./src/face_detect.o
                0x0000000000000036                structure_maxpool_pool1
 .data.structure_conv4
                0x0000000000000046       0x10 ./src/face_detect.o
                0x0000000000000046                structure_conv4
 .data.structure_conv5
                0x0000000000000056       0x10 ./src/face_detect.o
                0x0000000000000056                structure_conv5
 .data.structure_conv6
                0x0000000000000066       0x10 ./src/face_detect.o
                0x0000000000000066                structure_conv6
 .data.structure_conv7
                0x0000000000000076       0x10 ./src/face_detect.o
                0x0000000000000076                structure_conv7
 .data.structure_conv8
                0x0000000000000086       0x10 ./src/face_detect.o
                0x0000000000000086                structure_conv8
 .data.structure_conv9
                0x0000000000000096       0x10 ./src/face_detect.o
                0x0000000000000096                structure_conv9
 .data.structure_conv10
                0x00000000000000a6       0x10 ./src/face_detect.o
                0x00000000000000a6                structure_conv10
 .data.structure_conv11
                0x00000000000000b6       0x10 ./src/face_detect.o
                0x00000000000000b6                structure_conv11
 .data.structure_maxpool_pool2
                0x00000000000000c6       0x10 ./src/face_detect.o
                0x00000000000000c6                structure_maxpool_pool2
 .data.structure_conv12
                0x00000000000000d6       0x10 ./src/face_detect.o
                0x00000000000000d6                structure_conv12
 .data.structure_conv13
                0x00000000000000e6       0x10 ./src/face_detect.o
                0x00000000000000e6                structure_conv13
 .data.structure_conv14
                0x00000000000000f6       0x10 ./src/face_detect.o
                0x00000000000000f6                structure_conv14
 .data.structure_conv15
                0x0000000000000106       0x10 ./src/face_detect.o
                0x0000000000000106                structure_conv15
 .data.structure_maxpool_pool3
                0x0000000000000116       0x10 ./src/face_detect.o
                0x0000000000000116                structure_maxpool_pool3
 .data.structure_conv16
                0x0000000000000126       0x10 ./src/face_detect.o
                0x0000000000000126                structure_conv16
 .data.structure_conv17
                0x0000000000000136       0x10 ./src/face_detect.o
                0x0000000000000136                structure_conv17
 .data.structure_conv18
                0x0000000000000146       0x10 ./src/face_detect.o
                0x0000000000000146                structure_conv18
 .data.structure_conv19
                0x0000000000000156       0x10 ./src/face_detect.o
                0x0000000000000156                structure_conv19
 .data.structure_maxpool_pool4
                0x0000000000000166       0x10 ./src/face_detect.o
                0x0000000000000166                structure_maxpool_pool4
 .data.structure_conv20
                0x0000000000000176       0x10 ./src/face_detect.o
                0x0000000000000176                structure_conv20
 .data.structure_conv21
                0x0000000000000186       0x10 ./src/face_detect.o
                0x0000000000000186                structure_conv21
 .data.structure_conv22
                0x0000000000000196       0x10 ./src/face_detect.o
                0x0000000000000196                structure_conv22
 .data.structure_conv23
                0x00000000000001a6       0x10 ./src/face_detect.o
                0x00000000000001a6                structure_conv23
 .data.structure_maxpool_pool5
                0x00000000000001b6       0x10 ./src/face_detect.o
                0x00000000000001b6                structure_maxpool_pool5
 .data.structure_conv24
                0x00000000000001c6       0x10 ./src/face_detect.o
                0x00000000000001c6                structure_conv24
 .data.structure_conv25
                0x00000000000001d6       0x10 ./src/face_detect.o
                0x00000000000001d6                structure_conv25
 .data.structure_conv26
                0x00000000000001e6       0x10 ./src/face_detect.o
                0x00000000000001e6                structure_conv26
 .data.structure_conv27
                0x00000000000001f6       0x10 ./src/face_detect.o
                0x00000000000001f6                structure_conv27
 .data.structure_conv28
                0x0000000000000206       0x10 ./src/face_detect.o
                0x0000000000000206                structure_conv28
 .data.structure_conv29
                0x0000000000000216       0x10 ./src/face_detect.o
                0x0000000000000216                structure_conv29
 .data.structure_conv30
                0x0000000000000226       0x10 ./src/face_detect.o
                0x0000000000000226                structure_conv30
 .data.structure_conv31
                0x0000000000000236       0x10 ./src/face_detect.o
                0x0000000000000236                structure_conv31
 .data.structure_conv32
                0x0000000000000246       0x10 ./src/face_detect.o
                0x0000000000000246                structure_conv32
 .data.structure_conv33
                0x0000000000000256       0x10 ./src/face_detect.o
                0x0000000000000256                structure_conv33
 .data.structure_conv34
                0x0000000000000266       0x10 ./src/face_detect.o
                0x0000000000000266                structure_conv34
 .data.structure_conv35
                0x0000000000000276       0x10 ./src/face_detect.o
                0x0000000000000276                structure_conv35
 .data.structure_conv36
                0x0000000000000286       0x10 ./src/face_detect.o
                0x0000000000000286                structure_conv36
 .data.structure_conv37
                0x0000000000000296       0x10 ./src/face_detect.o
                0x0000000000000296                structure_conv37
 .data.structure_conv38
                0x00000000000002a6       0x10 ./src/face_detect.o
                0x00000000000002a6                structure_conv38
 .data.structure_conv39
                0x00000000000002b6       0x10 ./src/face_detect.o
                0x00000000000002b6                structure_conv39
 .data.structure_conv40
                0x00000000000002c6       0x10 ./src/face_detect.o
                0x00000000000002c6                structure_conv40
 .data.structure_conv41
                0x00000000000002d6       0x10 ./src/face_detect.o
                0x00000000000002d6                structure_conv41
 .data.structure_conv42
                0x00000000000002e6       0x10 ./src/face_detect.o
                0x00000000000002e6                structure_conv42
 .data.structure_conv43
                0x00000000000002f6       0x10 ./src/face_detect.o
                0x00000000000002f6                structure_conv43
 *fill*         0x0000000000000306        0x2 
 .data.weight_conv1
                0x0000000000000308       0x20 ./src/face_detect.o
                0x0000000000000308                weight_conv1
 .data.weight_conv2
                0x0000000000000328       0x20 ./src/face_detect.o
                0x0000000000000328                weight_conv2
 .data.weight_conv3
                0x0000000000000348       0x20 ./src/face_detect.o
                0x0000000000000348                weight_conv3
 .data.weight_conv4
                0x0000000000000368       0x20 ./src/face_detect.o
                0x0000000000000368                weight_conv4
 .data.weight_conv5
                0x0000000000000388       0x20 ./src/face_detect.o
                0x0000000000000388                weight_conv5
 .data.weight_conv6
                0x00000000000003a8       0x20 ./src/face_detect.o
                0x00000000000003a8                weight_conv6
 .data.weight_conv7
                0x00000000000003c8       0x20 ./src/face_detect.o
                0x00000000000003c8                weight_conv7
 .data.weight_conv8
                0x00000000000003e8       0x20 ./src/face_detect.o
                0x00000000000003e8                weight_conv8
 .data.weight_conv9
                0x0000000000000408       0x20 ./src/face_detect.o
                0x0000000000000408                weight_conv9
 .data.weight_conv10
                0x0000000000000428       0x20 ./src/face_detect.o
                0x0000000000000428                weight_conv10
 .data.weight_conv11
                0x0000000000000448       0x20 ./src/face_detect.o
                0x0000000000000448                weight_conv11
 .data.weight_conv12
                0x0000000000000468       0x20 ./src/face_detect.o
                0x0000000000000468                weight_conv12
 .data.weight_conv13
                0x0000000000000488       0x20 ./src/face_detect.o
                0x0000000000000488                weight_conv13
 .data.weight_conv14
                0x00000000000004a8       0x20 ./src/face_detect.o
                0x00000000000004a8                weight_conv14
 .data.weight_conv15
                0x00000000000004c8       0x20 ./src/face_detect.o
                0x00000000000004c8                weight_conv15
 .data.weight_conv16
                0x00000000000004e8       0x20 ./src/face_detect.o
                0x00000000000004e8                weight_conv16
 .data.weight_conv17
                0x0000000000000508       0x20 ./src/face_detect.o
                0x0000000000000508                weight_conv17
 .data.weight_conv18
                0x0000000000000528       0x20 ./src/face_detect.o
                0x0000000000000528                weight_conv18
 .data.weight_conv19
                0x0000000000000548       0x20 ./src/face_detect.o
                0x0000000000000548                weight_conv19
 .data.weight_conv20
                0x0000000000000568       0x20 ./src/face_detect.o
                0x0000000000000568                weight_conv20
 .data.weight_conv21
                0x0000000000000588       0x20 ./src/face_detect.o
                0x0000000000000588                weight_conv21
 .data.weight_conv22
                0x00000000000005a8       0x20 ./src/face_detect.o
                0x00000000000005a8                weight_conv22
 .data.weight_conv23
                0x00000000000005c8       0x20 ./src/face_detect.o
                0x00000000000005c8                weight_conv23
 .data.weight_conv24
                0x00000000000005e8       0x20 ./src/face_detect.o
                0x00000000000005e8                weight_conv24
 .data.weight_conv25
                0x0000000000000608       0x20 ./src/face_detect.o
                0x0000000000000608                weight_conv25
 .data.weight_conv26
                0x0000000000000628       0x20 ./src/face_detect.o
                0x0000000000000628                weight_conv26
 .data.weight_conv27
                0x0000000000000648       0x20 ./src/face_detect.o
                0x0000000000000648                weight_conv27
 .data.weight_conv28
                0x0000000000000668       0x20 ./src/face_detect.o
                0x0000000000000668                weight_conv28
 .data.weight_conv29
                0x0000000000000688       0x20 ./src/face_detect.o
                0x0000000000000688                weight_conv29
 .data.weight_conv30
                0x00000000000006a8       0x20 ./src/face_detect.o
                0x00000000000006a8                weight_conv30
 .data.weight_conv31
                0x00000000000006c8       0x20 ./src/face_detect.o
                0x00000000000006c8                weight_conv31
 .data.weight_conv32
                0x00000000000006e8       0x20 ./src/face_detect.o
                0x00000000000006e8                weight_conv32
 .data.weight_conv33
                0x0000000000000708       0x20 ./src/face_detect.o
                0x0000000000000708                weight_conv33
 .data.weight_conv34
                0x0000000000000728       0x20 ./src/face_detect.o
                0x0000000000000728                weight_conv34
 .data.weight_conv35
                0x0000000000000748       0x20 ./src/face_detect.o
                0x0000000000000748                weight_conv35
 .data.weight_conv36
                0x0000000000000768       0x20 ./src/face_detect.o
                0x0000000000000768                weight_conv36
 .data.weight_conv37
                0x0000000000000788       0x20 ./src/face_detect.o
                0x0000000000000788                weight_conv37
 .data.weight_conv38
                0x00000000000007a8       0x20 ./src/face_detect.o
                0x00000000000007a8                weight_conv38
 .data.weight_conv39
                0x00000000000007c8       0x20 ./src/face_detect.o
                0x00000000000007c8                weight_conv39
 .data.weight_conv40
                0x00000000000007e8       0x20 ./src/face_detect.o
                0x00000000000007e8                weight_conv40
 .data.weight_conv41
                0x0000000000000808       0x20 ./src/face_detect.o
                0x0000000000000808                weight_conv41
 .data.weight_conv42
                0x0000000000000828       0x20 ./src/face_detect.o
                0x0000000000000828                weight_conv42
 .data.weight_conv43
                0x0000000000000848       0x20 ./src/face_detect.o
                0x0000000000000848                weight_conv43
 .data.blob1    0x0000000000000868       0x10 ./src/face_detect.o
                0x0000000000000868                blob1
 .data.relu_blob1
                0x0000000000000878       0x10 ./src/face_detect.o
                0x0000000000000878                relu_blob1
 .data.conv_blob2
                0x0000000000000888       0x10 ./src/face_detect.o
                0x0000000000000888                conv_blob2
 .data.relu_blob2
                0x0000000000000898       0x10 ./src/face_detect.o
                0x0000000000000898                relu_blob2
 .data.maxpool_pool_blob1
                0x00000000000008a8       0x10 ./src/face_detect.o
                0x00000000000008a8                maxpool_pool_blob1
 .data.conv_blob4
                0x00000000000008b8       0x10 ./src/face_detect.o
                0x00000000000008b8                conv_blob4
 .data.relu_blob3
                0x00000000000008c8       0x10 ./src/face_detect.o
                0x00000000000008c8                relu_blob3
 .data.conv_blob6
                0x00000000000008d8       0x10 ./src/face_detect.o
                0x00000000000008d8                conv_blob6
 .data.relu_blob4
                0x00000000000008e8       0x10 ./src/face_detect.o
                0x00000000000008e8                relu_blob4
 .data.conv_blob8
                0x00000000000008f8       0x10 ./src/face_detect.o
                0x00000000000008f8                conv_blob8
 .data.relu_blob5
                0x0000000000000908       0x10 ./src/face_detect.o
                0x0000000000000908                relu_blob5
 .data.conv_blob10
                0x0000000000000918       0x10 ./src/face_detect.o
                0x0000000000000918                conv_blob10
 .data.relu_blob6
                0x0000000000000928       0x10 ./src/face_detect.o
                0x0000000000000928                relu_blob6
 .data.maxpool_pool_blob2
                0x0000000000000938       0x10 ./src/face_detect.o
                0x0000000000000938                maxpool_pool_blob2
 .data.conv_blob12
                0x0000000000000948       0x10 ./src/face_detect.o
                0x0000000000000948                conv_blob12
 .data.relu_blob7
                0x0000000000000958       0x10 ./src/face_detect.o
                0x0000000000000958                relu_blob7
 .data.conv_blob14
                0x0000000000000968       0x10 ./src/face_detect.o
                0x0000000000000968                conv_blob14
 .data.relu_blob8
                0x0000000000000978       0x10 ./src/face_detect.o
                0x0000000000000978                relu_blob8
 .data.maxpool_pool_blob3
                0x0000000000000988       0x10 ./src/face_detect.o
                0x0000000000000988                maxpool_pool_blob3
 .data.conv_blob16
                0x0000000000000998       0x10 ./src/face_detect.o
                0x0000000000000998                conv_blob16
 .data.relu_blob9
                0x00000000000009a8       0x10 ./src/face_detect.o
                0x00000000000009a8                relu_blob9
 .data.conv_blob18
                0x00000000000009b8       0x10 ./src/face_detect.o
                0x00000000000009b8                conv_blob18
 .data.relu_blob10
                0x00000000000009c8       0x10 ./src/face_detect.o
                0x00000000000009c8                relu_blob10
 .data.maxpool_pool_blob4
                0x00000000000009d8       0x10 ./src/face_detect.o
                0x00000000000009d8                maxpool_pool_blob4
 .data.conv_blob20
                0x00000000000009e8       0x10 ./src/face_detect.o
                0x00000000000009e8                conv_blob20
 .data.relu_blob11
                0x00000000000009f8       0x10 ./src/face_detect.o
                0x00000000000009f8                relu_blob11
 .data.conv_blob22
                0x0000000000000a08       0x10 ./src/face_detect.o
                0x0000000000000a08                conv_blob22
 .data.relu_blob12
                0x0000000000000a18       0x10 ./src/face_detect.o
                0x0000000000000a18                relu_blob12
 .data.maxpool_pool_blob5
                0x0000000000000a28       0x10 ./src/face_detect.o
                0x0000000000000a28                maxpool_pool_blob5
 .data.conv_blob24
                0x0000000000000a38       0x10 ./src/face_detect.o
                0x0000000000000a38                conv_blob24
 .data.relu_blob13
                0x0000000000000a48       0x10 ./src/face_detect.o
                0x0000000000000a48                relu_blob13
 .data.conv_blob26
                0x0000000000000a58       0x10 ./src/face_detect.o
                0x0000000000000a58                conv_blob26
 .data.relu_blob14
                0x0000000000000a68       0x10 ./src/face_detect.o
                0x0000000000000a68                relu_blob14
 .data.conv_blob28
                0x0000000000000a78       0x10 ./src/face_detect.o
                0x0000000000000a78                conv_blob28
 .data.relu_blob15
                0x0000000000000a88       0x10 ./src/face_detect.o
                0x0000000000000a88                relu_blob15
 .data.conv_blob30
                0x0000000000000a98       0x10 ./src/face_detect.o
                0x0000000000000a98                conv_blob30
 .data.conv_blob31
                0x0000000000000aa8       0x10 ./src/face_detect.o
                0x0000000000000aa8                conv_blob31
 .data.conv_blob32
                0x0000000000000ab8       0x10 ./src/face_detect.o
                0x0000000000000ab8                conv_blob32
 .data.relu_blob16
                0x0000000000000ac8       0x10 ./src/face_detect.o
                0x0000000000000ac8                relu_blob16
 .data.conv_blob34
                0x0000000000000ad8       0x10 ./src/face_detect.o
                0x0000000000000ad8                conv_blob34
 .data.conv_blob35
                0x0000000000000ae8       0x10 ./src/face_detect.o
                0x0000000000000ae8                conv_blob35
 .data.conv_blob36
                0x0000000000000af8       0x10 ./src/face_detect.o
                0x0000000000000af8                conv_blob36
 .data.relu_blob17
                0x0000000000000b08       0x10 ./src/face_detect.o
                0x0000000000000b08                relu_blob17
 .data.conv_blob38
                0x0000000000000b18       0x10 ./src/face_detect.o
                0x0000000000000b18                conv_blob38
 .data.conv_blob39
                0x0000000000000b28       0x10 ./src/face_detect.o
                0x0000000000000b28                conv_blob39
 .data.conv_blob40
                0x0000000000000b38       0x10 ./src/face_detect.o
                0x0000000000000b38                conv_blob40
 .data.relu_blob18
                0x0000000000000b48       0x10 ./src/face_detect.o
                0x0000000000000b48                relu_blob18
 .data.conv_blob42
                0x0000000000000b58       0x10 ./src/face_detect.o
                0x0000000000000b58                conv_blob42
 .data.conv_blob43
                0x0000000000000b68       0x10 ./src/face_detect.o
                0x0000000000000b68                conv_blob43
 .data.face_pos
                0x0000000000000b78        0x4 ./src/testbench_dsp.o
                0x0000000000000b78                face_pos
 .data.face_pos_last
                0x0000000000000b7c        0x4 ./src/testbench_dsp.o
                0x0000000000000b7c                face_pos_last
 .data          0x0000000000000b80        0x4 D:/Toolbox/workspace_dsp_next_fd_app/testbench_dsp/dsp_csl/lib/libcsl.a(ceva_qman_config.c.obj)
 .data          0x0000000000000b84        0x4 D:/Toolbox/workspace_dsp_next_fd_app/testbench_dsp/dsp_csl/lib/libcsl.a(ceva_timers.c.obj)
                0x0000000000000b84                g_csl_timer_next_id
 .data          0x0000000000000b88        0x4 D:/Toolbox/workspace_dsp_next_fd_app/testbench_dsp/dsp_csl/lib/libcsl.a(ceva_icu.c.obj)
                0x0000000000000b88                g_icu_iva_next_id
 .data          0x0000000000000b8c        0x4 C:/CEVA-ToolBox/V22/SensPro/cevatools/lib/clang/14.0.6/cevasp-unknown-unknown-elf/rtlv1.2.0-fp2-dpfp2/lib\libc.a(crt0_init_data_sections.o)
 .data          0x0000000000000b90       0x8c C:/CEVA-ToolBox/V22/SensPro/cevatools/lib/clang/14.0.6/cevasp-unknown-unknown-elf/rtlv1.2.0-fp2-dpfp2/lib\libc.a(stderr.o)
                0x0000000000000b90                __stderr_FILE
                0x0000000000000c18                __stderr_used
 .data          0x0000000000000c1c       0x18 C:/CEVA-ToolBox/V22/SensPro/cevatools/lib/clang/14.0.6/cevasp-unknown-unknown-elf/rtlv1.2.0-fp2-dpfp2/lib\libc.a(signal.o)
                [!provide]                        PROVIDE (__data_end, ABSOLUTE (.))
                [!provide]                        PROVIDE (__data_size, ABSOLUTE ((__data_end - __data_start)))
                [!provide]                        PROVIDE (__sdata_start, ABSOLUTE (.))
 *(.sdata .sdata.*)
                [!provide]                        PROVIDE (__sdata_end, ABSOLUTE (.))
                [!provide]                        PROVIDE (__sdata_size, ABSOLUTE ((__sdata_end - __sdata_start)))
                [!provide]                        PROVIDE (__rodata_start, ABSOLUTE (.))
 *(.rodata .rodata.*)
 .rodata.rt_vsnprintf
                0x0000000000000c34      0x150 ./src/custom_printf.o
 .rodata.str1.1
                0x0000000000000d84        0xf ./src/custom_printf.o
 .rodata.print_number.small_digits
                0x0000000000000d93       0x11 ./src/custom_printf.o
 .rodata.print_number.large_digits
                0x0000000000000da4       0x11 ./src/custom_printf.o
 .rodata.str1.1
                0x0000000000000db5       0xfd ./src/debug.o
 .rodata.str1.1
                0x0000000000000eb2       0x4d ./src/dsp_mm.o
 .rodata.conv1_weight
                0x0000000000000eff      0x1b0 ./src/face_detect.o
                0x0000000000000eff                conv1_weight
 *fill*         0x00000000000010af        0x1 
 .rodata.conv1_bias
                0x00000000000010b0       0x20 ./src/face_detect.o
                0x00000000000010b0                conv1_bias
 .rodata.conv1_offset
                0x00000000000010d0       0x10 ./src/face_detect.o
                0x00000000000010d0                conv1_offset
 .rodata.conv1_bias_offset
                0x00000000000010e0       0x10 ./src/face_detect.o
                0x00000000000010e0                conv1_bias_offset
 .rodata.conv2_weight
                0x00000000000010f0      0x100 ./src/face_detect.o
                0x00000000000010f0                conv2_weight
 .rodata.conv2_bias
                0x00000000000011f0       0x20 ./src/face_detect.o
                0x00000000000011f0                conv2_bias
 .rodata.conv2_offset
                0x0000000000001210       0x10 ./src/face_detect.o
                0x0000000000001210                conv2_offset
 .rodata.conv3_weight
                0x0000000000001220       0x90 ./src/face_detect.o
                0x0000000000001220                conv3_weight
 .rodata.conv3_bias
                0x00000000000012b0       0x20 ./src/face_detect.o
                0x00000000000012b0                conv3_bias
 .rodata.conv3_offset
                0x00000000000012d0       0x10 ./src/face_detect.o
                0x00000000000012d0                conv3_offset
 .rodata.conv4_weight
                0x00000000000012e0      0x100 ./src/face_detect.o
                0x00000000000012e0                conv4_weight
 .rodata.conv4_bias
                0x00000000000013e0       0x20 ./src/face_detect.o
                0x00000000000013e0                conv4_bias
 .rodata.conv4_offset
                0x0000000000001400       0x10 ./src/face_detect.o
                0x0000000000001400                conv4_offset
 .rodata.conv5_weight
                0x0000000000001410       0x90 ./src/face_detect.o
                0x0000000000001410                conv5_weight
 .rodata.conv5_bias
                0x00000000000014a0       0x20 ./src/face_detect.o
                0x00000000000014a0                conv5_bias
 .rodata.conv5_offset
                0x00000000000014c0       0x10 ./src/face_detect.o
                0x00000000000014c0                conv5_offset
 .rodata.conv6_weight
                0x00000000000014d0      0x400 ./src/face_detect.o
                0x00000000000014d0                conv6_weight
 .rodata.conv6_bias
                0x00000000000018d0       0x80 ./src/face_detect.o
                0x00000000000018d0                conv6_bias
 .rodata.conv6_offset
                0x0000000000001950       0x40 ./src/face_detect.o
                0x0000000000001950                conv6_offset
 .rodata.conv7_weight
                0x0000000000001990      0x240 ./src/face_detect.o
                0x0000000000001990                conv7_weight
 .rodata.conv7_bias
                0x0000000000001bd0       0x80 ./src/face_detect.o
                0x0000000000001bd0                conv7_bias
 .rodata.conv7_offset
                0x0000000000001c50       0x40 ./src/face_detect.o
                0x0000000000001c50                conv7_offset
 .rodata.conv8_weight
                0x0000000000001c90     0x1000 ./src/face_detect.o
                0x0000000000001c90                conv8_weight
 .rodata.conv8_bias
                0x0000000000002c90       0x80 ./src/face_detect.o
                0x0000000000002c90                conv8_bias
 .rodata.conv8_offset
                0x0000000000002d10       0x40 ./src/face_detect.o
                0x0000000000002d10                conv8_offset
 .rodata.conv9_weight
                0x0000000000002d50      0x240 ./src/face_detect.o
                0x0000000000002d50                conv9_weight
 .rodata.conv9_bias
                0x0000000000002f90       0x80 ./src/face_detect.o
                0x0000000000002f90                conv9_bias
 .rodata.conv9_offset
                0x0000000000003010       0x40 ./src/face_detect.o
                0x0000000000003010                conv9_offset
 .rodata.conv10_weight
                0x0000000000003050     0x1000 ./src/face_detect.o
                0x0000000000003050                conv10_weight
 .rodata.conv10_bias
                0x0000000000004050       0x80 ./src/face_detect.o
                0x0000000000004050                conv10_bias
 .rodata.conv10_offset
                0x00000000000040d0       0x40 ./src/face_detect.o
                0x00000000000040d0                conv10_offset
 .rodata.conv11_weight
                0x0000000000004110      0x240 ./src/face_detect.o
                0x0000000000004110                conv11_weight
 .rodata.conv11_bias
                0x0000000000004350       0x80 ./src/face_detect.o
                0x0000000000004350                conv11_bias
 .rodata.conv11_offset
                0x00000000000043d0       0x40 ./src/face_detect.o
                0x00000000000043d0                conv11_offset
 .rodata.conv12_weight
                0x0000000000004410     0x1000 ./src/face_detect.o
                0x0000000000004410                conv12_weight
 .rodata.conv12_bias
                0x0000000000005410       0x80 ./src/face_detect.o
                0x0000000000005410                conv12_bias
 .rodata.conv12_offset
                0x0000000000005490       0x40 ./src/face_detect.o
                0x0000000000005490                conv12_offset
 .rodata.conv12_bias_offset
                0x00000000000054d0       0x40 ./src/face_detect.o
                0x00000000000054d0                conv12_bias_offset
 .rodata.conv13_weight
                0x0000000000005510      0x240 ./src/face_detect.o
                0x0000000000005510                conv13_weight
 .rodata.conv13_bias
                0x0000000000005750       0x80 ./src/face_detect.o
                0x0000000000005750                conv13_bias
 .rodata.conv13_offset
                0x00000000000057d0       0x40 ./src/face_detect.o
                0x00000000000057d0                conv13_offset
 .rodata.conv14_weight
                0x0000000000005810     0x1000 ./src/face_detect.o
                0x0000000000005810                conv14_weight
 .rodata.conv14_bias
                0x0000000000006810       0x80 ./src/face_detect.o
                0x0000000000006810                conv14_bias
 .rodata.conv14_offset
                0x0000000000006890       0x40 ./src/face_detect.o
                0x0000000000006890                conv14_offset
 .rodata.conv14_bias_offset
                0x00000000000068d0       0x40 ./src/face_detect.o
                0x00000000000068d0                conv14_bias_offset
 .rodata.conv15_weight
                0x0000000000006910      0x240 ./src/face_detect.o
                0x0000000000006910                conv15_weight
 .rodata.conv15_bias
                0x0000000000006b50       0x80 ./src/face_detect.o
                0x0000000000006b50                conv15_bias
 .rodata.conv15_offset
                0x0000000000006bd0       0x40 ./src/face_detect.o
                0x0000000000006bd0                conv15_offset
 .rodata.conv15_bias_offset
                0x0000000000006c10       0x40 ./src/face_detect.o
                0x0000000000006c10                conv15_bias_offset
 .rodata.conv16_weight
                0x0000000000006c50     0x1000 ./src/face_detect.o
                0x0000000000006c50                conv16_weight
 .rodata.conv16_bias
                0x0000000000007c50       0x80 ./src/face_detect.o
                0x0000000000007c50                conv16_bias
 .rodata.conv16_offset
                0x0000000000007cd0       0x40 ./src/face_detect.o
                0x0000000000007cd0                conv16_offset
 .rodata.conv17_weight
                0x0000000000007d10      0x240 ./src/face_detect.o
                0x0000000000007d10                conv17_weight
 .rodata.conv17_bias
                0x0000000000007f50       0x80 ./src/face_detect.o
                0x0000000000007f50                conv17_bias
 .rodata.conv17_offset
                0x0000000000007fd0       0x40 ./src/face_detect.o
                0x0000000000007fd0                conv17_offset
 .rodata.conv18_weight
                0x0000000000008010     0x1000 ./src/face_detect.o
                0x0000000000008010                conv18_weight
 .rodata.conv18_bias
                0x0000000000009010       0x80 ./src/face_detect.o
                0x0000000000009010                conv18_bias
 .rodata.conv18_offset
                0x0000000000009090       0x40 ./src/face_detect.o
                0x0000000000009090                conv18_offset
 .rodata.conv19_weight
                0x00000000000090d0      0x240 ./src/face_detect.o
                0x00000000000090d0                conv19_weight
 .rodata.conv19_bias
                0x0000000000009310       0x80 ./src/face_detect.o
                0x0000000000009310                conv19_bias
 .rodata.conv19_offset
                0x0000000000009390       0x40 ./src/face_detect.o
                0x0000000000009390                conv19_offset
 .rodata.conv20_weight
                0x00000000000093d0     0x1000 ./src/face_detect.o
                0x00000000000093d0                conv20_weight
 .rodata.conv20_bias
                0x000000000000a3d0       0x80 ./src/face_detect.o
                0x000000000000a3d0                conv20_bias
 .rodata.conv20_offset
                0x000000000000a450       0x40 ./src/face_detect.o
                0x000000000000a450                conv20_offset
 .rodata.conv21_weight
                0x000000000000a490      0x240 ./src/face_detect.o
                0x000000000000a490                conv21_weight
 .rodata.conv21_bias
                0x000000000000a6d0       0x80 ./src/face_detect.o
                0x000000000000a6d0                conv21_bias
 .rodata.conv21_offset
                0x000000000000a750       0x40 ./src/face_detect.o
                0x000000000000a750                conv21_offset
 .rodata.conv22_weight
                0x000000000000a790     0x1000 ./src/face_detect.o
                0x000000000000a790                conv22_weight
 .rodata.conv22_bias
                0x000000000000b790       0x80 ./src/face_detect.o
                0x000000000000b790                conv22_bias
 .rodata.conv22_offset
                0x000000000000b810       0x40 ./src/face_detect.o
                0x000000000000b810                conv22_offset
 .rodata.conv23_weight
                0x000000000000b850      0x240 ./src/face_detect.o
                0x000000000000b850                conv23_weight
 .rodata.conv23_bias
                0x000000000000ba90       0x80 ./src/face_detect.o
                0x000000000000ba90                conv23_bias
 .rodata.conv23_offset
                0x000000000000bb10       0x40 ./src/face_detect.o
                0x000000000000bb10                conv23_offset
 .rodata.conv24_weight
                0x000000000000bb50     0x1000 ./src/face_detect.o
                0x000000000000bb50                conv24_weight
 .rodata.conv24_bias
                0x000000000000cb50       0x80 ./src/face_detect.o
                0x000000000000cb50                conv24_bias
 .rodata.conv24_offset
                0x000000000000cbd0       0x40 ./src/face_detect.o
                0x000000000000cbd0                conv24_offset
 .rodata.conv25_weight
                0x000000000000cc10      0x240 ./src/face_detect.o
                0x000000000000cc10                conv25_weight
 .rodata.conv25_bias
                0x000000000000ce50       0x80 ./src/face_detect.o
                0x000000000000ce50                conv25_bias
 .rodata.conv25_offset
                0x000000000000ced0       0x40 ./src/face_detect.o
                0x000000000000ced0                conv25_offset
 .rodata.conv26_weight
                0x000000000000cf10     0x1000 ./src/face_detect.o
                0x000000000000cf10                conv26_weight
 .rodata.conv26_bias
                0x000000000000df10       0x80 ./src/face_detect.o
                0x000000000000df10                conv26_bias
 .rodata.conv26_offset
                0x000000000000df90       0x40 ./src/face_detect.o
                0x000000000000df90                conv26_offset
 .rodata.conv27_weight
                0x000000000000dfd0      0x240 ./src/face_detect.o
                0x000000000000dfd0                conv27_weight
 .rodata.conv27_bias
                0x000000000000e210       0x80 ./src/face_detect.o
                0x000000000000e210                conv27_bias
 .rodata.conv27_offset
                0x000000000000e290       0x40 ./src/face_detect.o
                0x000000000000e290                conv27_offset
 .rodata.conv28_weight
                0x000000000000e2d0     0x1000 ./src/face_detect.o
                0x000000000000e2d0                conv28_weight
 .rodata.conv28_bias
                0x000000000000f2d0       0x80 ./src/face_detect.o
                0x000000000000f2d0                conv28_bias
 .rodata.conv28_offset
                0x000000000000f350       0x40 ./src/face_detect.o
                0x000000000000f350                conv28_offset
 .rodata.conv29_weight
                0x000000000000f390      0x240 ./src/face_detect.o
                0x000000000000f390                conv29_weight
 .rodata.conv29_bias
                0x000000000000f5d0       0x80 ./src/face_detect.o
                0x000000000000f5d0                conv29_bias
 .rodata.conv29_offset
                0x000000000000f650       0x40 ./src/face_detect.o
                0x000000000000f650                conv29_offset
 .rodata.conv30_weight
                0x000000000000f690      0xcc0 ./src/face_detect.o
                0x000000000000f690                conv30_weight
 .rodata.conv30_bias
                0x0000000000010350       0x66 ./src/face_detect.o
                0x0000000000010350                conv30_bias
 .rodata.conv30_offset
                0x00000000000103b6       0x33 ./src/face_detect.o
                0x00000000000103b6                conv30_offset
 .rodata.conv31_weight
                0x00000000000103e9      0x1cb ./src/face_detect.o
                0x00000000000103e9                conv31_weight
 .rodata.conv31_bias
                0x00000000000105b4       0x66 ./src/face_detect.o
                0x00000000000105b4                conv31_bias
 .rodata.conv31_offset
                0x000000000001061a       0x33 ./src/face_detect.o
                0x000000000001061a                conv31_offset
 .rodata.conv32_weight
                0x000000000001064d     0x1000 ./src/face_detect.o
                0x000000000001064d                conv32_weight
 *fill*         0x000000000001164d        0x1 
 .rodata.conv32_bias