Archive member included to satisfy reference by file (symbol)

D:/Toolbox/workspace_dsp_next_fd_app/testbench_dsp/dsp_csl/lib/libcsl.a(ceva_xm_bc.c.obj)
                              ./src/dsp_mm.o (ICU_IVA_allocate_bc)
D:/Toolbox/workspace_dsp_next_fd_app/testbench_dsp/dsp_csl/lib/libcsl.a(ceva_qman.c.obj)
                              D:/Toolbox/workspace_dsp_next_fd_app/testbench_dsp/dsp_csl/lib/libcsl.a(ceva_xm_bc.c.obj) (g_qman_resource)
D:/Toolbox/workspace_dsp_next_fd_app/testbench_dsp/dsp_csl/lib/libcsl.a(ceva_qman_task_descriptor_v2.c.obj)
                              D:/Toolbox/workspace_dsp_next_fd_app/testbench_dsp/dsp_csl/lib/libcsl.a(ceva_xm_bc.c.obj) (QMAN_update_linear_transfer_size)
D:/Toolbox/workspace_dsp_next_fd_app/testbench_dsp/dsp_csl/lib/libcsl.a(ceva_pmss.c.obj)
                              D:/Toolbox/workspace_dsp_next_fd_app/testbench_dsp/dsp_csl/lib/libcsl.a(ceva_xm_bc.c.obj) (PMSS_set_region_attributes)
D:/Toolbox/workspace_dsp_next_fd_app/testbench_dsp/dsp_csl/lib/libcsl.a(ceva_watchdog.c.obj)
                              ./src/debug.o (WATCHDOG_set_threshold)
D:/Toolbox/workspace_dsp_next_fd_app/testbench_dsp/dsp_csl/lib/libcsl.a(ceva_safety.c.obj)
                              D:/Toolbox/workspace_dsp_next_fd_app/testbench_dsp/dsp_csl/lib/libcsl.a(ceva_watchdog.c.obj) (SAFETY_write_wd_acs_code)
D:/Toolbox/workspace_dsp_next_fd_app/testbench_dsp/dsp_csl/lib/libcsl.a(ceva_qman_config.c.obj)
                              D:/Toolbox/workspace_dsp_next_fd_app/testbench_dsp/dsp_csl/lib/libcsl.a(ceva_xm_bc.c.obj) (QMAN_allocate)
D:/Toolbox/workspace_dsp_next_fd_app/testbench_dsp/dsp_csl/lib/libcsl.a(ceva_timers.c.obj)
                              D:/Toolbox/workspace_dsp_next_fd_app/testbench_dsp/dsp_csl/lib/libcsl.a(ceva_xm_bc.c.obj) (g_csl_timers_allocated)
D:/Toolbox/workspace_dsp_next_fd_app/testbench_dsp/dsp_csl/lib/libcsl.a(ceva_qman_ctrl.c.obj)
                              D:/Toolbox/workspace_dsp_next_fd_app/testbench_dsp/dsp_csl/lib/libcsl.a(ceva_xm_bc.c.obj) (QMAN_pause_all)
D:/Toolbox/workspace_dsp_next_fd_app/testbench_dsp/dsp_csl/lib/libcsl.a(ceva_icu.c.obj)
                              ./src/dsp_mm.o (ICU_set_interrupt_configuration)
D:/Toolbox/workspace_dsp_next_fd_app/testbench_dsp/dsp_csl/lib/libcsl.a(ceva_asm_aux.asm.obj)
                              D:/Toolbox/workspace_dsp_next_fd_app/testbench_dsp/dsp_csl/lib/libcsl.a(ceva_xm_bc.c.obj) (cpm_out1)
D:/Toolbox/workspace_dsp_next_fd_app/testbench_dsp/dsp_csl/lib/libcsl.a(ceva_csl.c.obj)
                              D:/Toolbox/workspace_dsp_next_fd_app/testbench_dsp/dsp_csl/lib/libcsl.a(ceva_qman_config.c.obj) (CSL_start)
D:/Toolbox/workspace_dsp_next_fd_app/testbench_dsp/dsp_csl/lib/libcsl.a(ceva_qman_enqueue.asm.obj)
                              D:/Toolbox/workspace_dsp_next_fd_app/testbench_dsp/dsp_csl/lib/libcsl.a(ceva_csl.c.obj) (CSL_is_asm_assertions_enable)
D:/Toolbox/workspace_dsp_next_fd_app/testbench_dsp/dsp_csl/lib/libcsl.a(ceva_assert.c.obj)
                              D:/Toolbox/workspace_dsp_next_fd_app/testbench_dsp/dsp_csl/lib/libcsl.a(ceva_csl.c.obj) (CSL_is_it_simulator)
D:/Toolbox/workspace_dsp_next_fd_app/testbench_dsp/dsp_csl/lib/libcsl.a(ceva_dmss.c.obj)
                              D:/Toolbox/workspace_dsp_next_fd_app/testbench_dsp/dsp_csl/lib/libcsl.a(ceva_csl.c.obj) (DMSS_set_ddma_global_max_outstanding)
C:/CEVA-ToolBox/V22/SensPro/cevatools/lib/clang/14.0.6/cevasp-unknown-unknown-elf/rtlv1.2.0-fp2-dpfp2/lib\libc.a(snprintf.o)
                              ./src/custom_printf.o (snprintf)
C:/CEVA-ToolBox/V22/SensPro/cevatools/lib/clang/14.0.6/cevasp-unknown-unknown-elf/rtlv1.2.0-fp2-dpfp2/lib\libc.a(vsnprintf.o)
                              C:/CEVA-ToolBox/V22/SensPro/cevatools/lib/clang/14.0.6/cevasp-unknown-unknown-elf/rtlv1.2.0-fp2-dpfp2/lib\libc.a(snprintf.o) (vsnprintf)
C:/CEVA-ToolBox/V22/SensPro/cevatools/lib/clang/14.0.6/cevasp-unknown-unknown-elf/rtlv1.2.0-fp2-dpfp2/lib\libc.a(memcpy.o)
                              ./src/face_detect.o (memcpy)
C:/CEVA-ToolBox/V22/SensPro/cevatools/lib/clang/14.0.6/cevasp-unknown-unknown-elf/rtlv1.2.0-fp2-dpfp2/lib\libc.a(memset.o)
                              ./src/face_detect.o (memset)
C:/CEVA-ToolBox/V22/SensPro/cevatools/lib/clang/14.0.6/cevasp-unknown-unknown-elf/rtlv1.2.0-fp2-dpfp2/lib\libc.a(strlen.o)
                              ./src/custom_printf.o (strlen)
C:/CEVA-ToolBox/V22/SensPro/cevatools/lib/clang/14.0.6/cevasp-unknown-unknown-elf/rtlv1.2.0-fp2-dpfp2/lib\libc.a(assert.o)
                              ./src/face_detect.o (__assert_fail)
C:/CEVA-ToolBox/V22/SensPro/cevatools/lib/clang/14.0.6/cevasp-unknown-unknown-elf/rtlv1.2.0-fp2-dpfp2/lib\libc.a(exit.o)
                              C:/CEVA-ToolBox/V22/SensPro/cevatools/lib/clang/14.0.6/cevasp-unknown-unknown-elf/rtlv1.2.0-fp2-dpfp2/lib/crt0.o (exit)
[...]
Memory Configuration

Name             Origin             Length             Attributes
INTERNAL_CODE    0x0000000000000000 0x0000000000020000 xr
INTERNAL_DATA    0x0000000000000000 0x0000000000040000 rw
SRAM0            0x0000000044000000 0x0000000000040000 xrw
SRAM1            0x0000000044040000 0x0000000000040000 xrw
PSRAM            0x0000000080000000 0x0000000000800000 xrw
ROM              0x00000000c0000000 0x0000000040000000 xr
*default*        0x0000000000000000 0xffffffffffffffff

Linker script and memory map

                0x0000000000020000                __internal_code_size = 0x20000
                0x0000000000040000                __internal_data_size = 0x40000
                0x0000000000000000                __internal_code_start = DEFINED (__internal_code_start)?__internal_code_start:0x0
                0x0000000000020000                __internal_code_size = DEFINED (__internal_code_size)?__internal_code_size:0x20000
                0x0000000000000000                __internal_data_start = DEFINED (__internal_data_start)?__internal_data_start:0x0
                0x0000000000040000                __internal_data_size = DEFINED (__internal_data_size)?__internal_data_size:0x40000
                0x0000000044000000                __sram0_start = DEFINED (__sram0_start)?__sram0_start:0x44000000
                0x0000000000040000                __sram0_size = DEFINED (__sram0_size)?__sram0_size:0x40000
                0x0000000044040000                __sram1_start = DEFINED (__sram1_start)?__sram1_start:0x44040000
                0x0000000000040000                __sram1_size = DEFINED (__sram1_size)?__sram1_size:0x40000
                0x0000000080000000                __psram_start = DEFINED (__psram_start)?__psram_start:0x80000000
                0x0000000000800000                __psram_size = DEFINED (__psram_size)?__psram_size:0x800000
                0x00000000c0000000                __rom_start = DEFINED (__rom_start)?__rom_start:0xc0000000
                0x0000000040000000                __rom_size = DEFINED (__rom_size)?__rom_size:0x40000000
                0x0000000000001000                __malloc_size = DEFINED (__malloc_size)?__malloc_size:0x1000
                0x0000000000004000                __stack_size = DEFINED (__stack_size)?__stack_size:0x4000
                0x0000000000000200                __arg_sect_size = DEFINED (__arg_sect_size)?__arg_sect_size:0x200

.inttbl         0x0000000000000000       0x80
                0x0000000000000000                . = 0x0
 *(.inttbl)
 .inttbl        0x0000000000000000       0x76 C:/CEVA-ToolBox/V22/SensPro/cevatools/lib/clang/14.0.6/cevasp-unknown-unknown-elf/rtlv1.2.0-fp2-dpfp2/lib/crt0.o
                0x0000000000000000                __cxd_inttbl_start
                0x0000000000000080                . = ALIGN (0x20)
 *fill*         0x0000000000000076        0xa 
 *(.sinttbl)

.text.internal  0x0000000000000080     0xfb80
                [!provide]                        PROVIDE (__text_start, ABSOLUTE (.))
 *(.text.__call_saved*)
 *(.text .text.*)
 .text          0x0000000000000080        0x0 ./src/custom_printf.o
 .text.rt_vsnprintf
                0x0000000000000080      0xa78 ./src/custom_printf.o
                0x0000000000000080                rt_vsnprintf
 *fill*         0x0000000000000af8        0x8 
 .text.skip_atoi
                0x0000000000000b00       0x50 ./src/custom_printf.o
 *fill*         0x0000000000000b50       0x10 
 .text.print_number
                0x0000000000000b60      0x612 ./src/custom_printf.o
 *fill*         0x0000000000001172        0xe 
 .text.rt_snprintf
                0x0000000000001180       0x3c ./src/custom_printf.o
                0x0000000000001180                rt_snprintf
 *fill*         0x00000000000011bc        0x4 
 .text.rt_vsprintf
                0x00000000000011c0       0x2e ./src/custom_printf.o
                0x00000000000011c0                rt_vsprintf
 *fill*         0x00000000000011ee       0x12 
 .text.rt_sprintf
                0x0000000000001200       0x30 ./src/custom_printf.o
                0x0000000000001200                rt_sprintf
 *fill*         0x0000000000001230       0x10 
 .text.rt_hw_console_output
                0x0000000000001240       0x6e ./src/custom_printf.o
                0x0000000000001240                rt_hw_console_output
 *fill*         0x00000000000012ae       0x12 
 .text.rt_kprintf
                0x00000000000012c0       0x34 ./src/custom_printf.o
                0x00000000000012c0                rt_kprintf
 *fill*         0x00000000000012f4        0xc 
 .text.float_to_string
                0x0000000000001300       0xc6 ./src/custom_printf.o
                0x0000000000001300                float_to_string
 *fill*         0x00000000000013c6       0x1a 
 .text.float_to_string_simple
                0x00000000000013e0       0x72 ./src/custom_printf.o
                0x00000000000013e0                float_to_string_simple
 *fill*         0x0000000000001452        0xe 
 .text.divide   0x0000000000001460       0x58 ./src/custom_printf.o
 .text          0x00000000000014b8        0x0 ./src/debug.o
 *fill*         0x00000000000014b8        0x8 
 .text.get_cycles
                0x00000000000014c0        0x6 ./src/debug.o
                0x00000000000014c0                get_cycles
 *fill*         0x00000000000014c6       0x1a 
 .text.get_cycles_start
                0x00000000000014e0       0x22 ./src/debug.o
                0x00000000000014e0                get_cycles_start
 *fill*         0x0000000000001502       0x1e 
 .text.get_cycles_end
                0x0000000000001520       0x14 ./src/debug.o
                0x0000000000001520                get_cycles_end
 *fill*         0x0000000000001534        0xc 
 .text.calculate_cycles
                0x0000000000001540       0x1a ./src/debug.o
                0x0000000000001540                calculate_cycles
 *fill*         0x000000000000155a        0x6 
 .text.cycles_to_time
                0x0000000000001560       0x18 ./src/debug.o
                0x0000000000001560                cycles_to_time
 *fill*         0x0000000000001578        0x8 
 .text.debug_init
                0x0000000000001580       0x48 ./src/debug.o
                0x0000000000001580                debug_init
 *fill*         0x00000000000015c8       0x18 
 .text.case_finish
                0x00000000000015e0       0x28 ./src/debug.o
                0x00000000000015e0                case_finish
 *fill*         0x0000000000001608       0x18 
 .text.debug_finish
                0x0000000000001620       0x28 ./src/debug.o
                0x0000000000001620                debug_finish
 *fill*         0x0000000000001648       0x18 
 .text.debug_start
                0x0000000000001660       0x24 ./src/debug.o
                0x0000000000001660                debug_start
 *fill*         0x0000000000001684       0x1c 
 .text.debug_stop
                0x00000000000016a0       0x28 ./src/debug.o
                0x00000000000016a0                debug_stop
 *fill*         0x00000000000016c8       0x18 
 .text.debug_new_case
                0x00000000000016e0       0x50 ./src/debug.o
                0x00000000000016e0                debug_new_case
 *fill*         0x0000000000001730       0x10 
 .text.debug_case_set_failed
                0x0000000000001740       0x4c ./src/debug.o
                0x0000000000001740                debug_case_set_failed
 *fill*         0x000000000000178c       0x14 
 .text.TestAssert
                0x00000000000017a0       0x24 ./src/debug.o
                0x00000000000017a0                TestAssert
 *fill*         0x00000000000017c4       0x1c 
 .text.TestAssertEqualNumber
                0x00000000000017e0       0x40 ./src/debug.o
                0x00000000000017e0                TestAssertEqualNumber
 .text.TestAssertNotEqualNumber
                0x0000000000001820       0x40 ./src/debug.o
                0x0000000000001820                TestAssertNotEqualNumber
 .text          0x0000000000001860        0x0 ./src/dsp_mailbox.o
 .text.mailbox_write_data
                0x0000000000001860       0x1e ./src/dsp_mailbox.o
                0x0000000000001860                mailbox_write_data
 *fill*         0x000000000000187e        0x2 
 .text.mailbox_read_data
                0x0000000000001880       0x20 ./src/dsp_mailbox.o
                0x0000000000001880                mailbox_read_data
 .text.mailbox_is_full
                0x00000000000018a0       0x12 ./src/dsp_mailbox.o
                0x00000000000018a0                mailbox_is_full
 *fill*         0x00000000000018b2        0xe 
 .text.mailbox_is_empty
                0x00000000000018c0        0xe ./src/dsp_mailbox.o
                0x00000000000018c0                mailbox_is_empty
 *fill*         0x00000000000018ce       0x12 
 .text.mailbox_enable_interrupts
                0x00000000000018e0       0x16 ./src/dsp_mailbox.o
                0x00000000000018e0                mailbox_enable_interrupts
 *fill*         0x00000000000018f6        0xa 
 .text.mailbox_disable_interrupts
                0x0000000000001900       0x16 ./src/dsp_mailbox.o
                0x0000000000001900                mailbox_disable_interrupts
 *fill*         0x0000000000001916        0xa 
 .text.mailbox_clear_interrupts
                0x0000000000001920       0x16 ./src/dsp_mailbox.o
                0x0000000000001920                mailbox_clear_interrupts
 *fill*         0x0000000000001936        0xa 
 .text.mailbox_get_current_status
                0x0000000000001940        0xc ./src/dsp_mailbox.o
                0x0000000000001940                mailbox_get_current_status
 *fill*         0x000000000000194c       0x14 
 .text.mailbox_get_current_error
                0x0000000000001960        0xc ./src/dsp_mailbox.o
                0x0000000000001960                mailbox_get_current_error
 *fill*         0x000000000000196c       0x14 
 .text.mailbox_set_send_threshold
                0x0000000000001980       0x1e ./src/dsp_mailbox.o
                0x0000000000001980                mailbox_set_send_threshold
 *fill*         0x000000000000199e        0x2 
 .text.mailbox_set_receive_threshold
                0x00000000000019a0       0x1e ./src/dsp_mailbox.o
                0x00000000000019a0                mailbox_set_receive_threshold
 *fill*         0x00000000000019be        0x2 
 .text.mailbox_clear_receive_fifo
                0x00000000000019c0        0xc ./src/dsp_mailbox.o
                0x00000000000019c0                mailbox_clear_receive_fifo
 *fill*         0x00000000000019cc       0x14 
 .text.mailbox_clear_send_fifo
                0x00000000000019e0        0xc ./src/dsp_mailbox.o
                0x00000000000019e0                mailbox_clear_send_fifo
 *fill*         0x00000000000019ec       0x14 
 .text.mailbox_isr_handler
                0x0000000000001a00       0x56 ./src/dsp_mailbox.o
                0x0000000000001a00                mailbox_isr_handler
 .text          0x0000000000001a56        0x0 ./src/dsp_mm.o
 *fill*         0x0000000000001a56        0xa 
 .text.draw_green_box
                0x0000000000001a60       0xe8 ./src/dsp_mm.o
                0x0000000000001a60                draw_green_box
 *fill*         0x0000000000001b48       0x18 
 .text.draw_alpha_box
                0x0000000000001b60       0xd6 ./src/dsp_mm.o
                0x0000000000001b60                draw_alpha_box
 *fill*         0x0000000000001c36        0xa 
 .text.draw_red_box
                0x0000000000001c40      0x136 ./src/dsp_mm.o
                0x0000000000001c40                draw_red_box
 *fill*         0x0000000000001d76        0xa 
 .text.debug_test_dsp_mm
                0x0000000000001d80      0x128 ./src/dsp_mm.o
                0x0000000000001d80                debug_test_dsp_mm
 .text          0x0000000000001ea8        0x0 ./src/face_detect.o
 *fill*         0x0000000000001ea8       0x18 
 .text.printUint8Tensor
                0x0000000000001ec0        0x2 ./src/face_detect.o
                0x0000000000001ec0                printUint8Tensor
 *fill*         0x0000000000001ec2       0x1e 
 .text.printfloatTensor
                0x0000000000001ee0        0x2 ./src/face_detect.o
                0x0000000000001ee0                printfloatTensor
 *fill*         0x0000000000001ee2       0x1e 
 .text.hexdump  0x0000000000001f00       0xac ./src/face_detect.o
                0x0000000000001f00                hexdump
 *fill*         0x0000000000001fac       0x14 
 .text.my_expf  0x0000000000001fc0       0x46 ./src/face_detect.o
                0x0000000000001fc0                my_expf
 *fill*         0x0000000000002006       0x1a 
 .text.my_softmax
                0x0000000000002020      0x102 ./src/face_detect.o
                0x0000000000002020                my_softmax
 *fill*         0x0000000000002122       0x1e 
 .text.get_priorbox
                0x0000000000002140       0xd0 ./src/face_detect.o
                0x0000000000002140                get_priorbox
 *fill*         0x0000000000002210       0x10 
 .text.overlap  0x0000000000002220       0xb0 ./src/face_detect.o
                0x0000000000002220                overlap
 *fill*         0x00000000000022d0       0x10 
 .text.nms      0x00000000000022e0      0x13a ./src/face_detect.o
                0x00000000000022e0                nms
 *fill*         0x000000000000241a        0x6 
 .text.my_sqrtf
                0x0000000000002420       0xca ./src/face_detect.o
                0x0000000000002420                my_sqrtf
 *fill*         0x00000000000024ea       0x16 
 .text.objectdetect_cnn
                0x0000000000002500      0x60a ./src/face_detect.o
                0x0000000000002500                objectdetect_cnn
 *fill*         0x0000000000002b0a       0x16 
 .text.fd_run   0x0000000000002b20      0xa84 ./src/face_detect.o
                0x0000000000002b20                fd_run
 *fill*         0x00000000000035a4       0x1c 
 .text.TIMER0_START
                0x00000000000035c0        0x2 ./src/face_detect.o
                0x00000000000035c0                TIMER0_START
 *fill*         0x00000000000035c2       0x1e 
 .text.TIMER0_END
                0x00000000000035e0        0x2 ./src/face_detect.o
                0x00000000000035e0                TIMER0_END
 *fill*         0x00000000000035e2       0x1e 
 .text.conv_dp  0x0000000000003600      0x61e ./src/face_detect.o
                0x0000000000003600                conv_dp
 *fill*         0x0000000000003c1e        0x2 
 .text.conv_rgb
                0x0000000000003c20      0x512 ./src/face_detect.o
                0x0000000000003c20                conv_rgb
 *fill*         0x0000000000004132        0xe 
 .text.conv1x1xn
                0x0000000000004140      0x4b2 ./src/face_detect.o
                0x0000000000004140                conv1x1xn
 *fill*         0x00000000000045f2        0xe 
 .text.conv1x1x16
                0x0000000000004600      0x1f8 ./src/face_detect.o
                0x0000000000004600                conv1x1x16
 *fill*         0x00000000000047f8        0x8 
 .text.test     0x0000000000004800      0x12e ./src/face_detect.o
                0x0000000000004800                test
 *fill*         0x000000000000492e       0x12 
 .text.pooling  0x0000000000004940      0x24a ./src/face_detect.o
                0x0000000000004940                pooling
 *fill*         0x0000000000004b8a       0x16 
 .text.PrintTensor
                0x0000000000004ba0       0x98 ./src/face_detect.o
                0x0000000000004ba0                PrintTensor
 *fill*         0x0000000000004c38        0x8 
 .text.cropAndConvertImage
                0x0000000000004c40       0x82 ./src/face_detect.o
                0x0000000000004c40                cropAndConvertImage
 *fill*         0x0000000000004cc2       0x1e 
 .text.face_detect
                0x0000000000004ce0       0x92 ./src/face_detect.o
                0x0000000000004ce0                face_detect
 .text          0x0000000000004d72        0x0 ./src/testbench_dsp.o
 *fill*         0x0000000000004d72        0xe 
 .text.in_place_downscale_bgr565
                0x0000000000004d80       0xe2 ./src/testbench_dsp.o
                0x0000000000004d80                in_place_downscale_bgr565
 *fill*         0x0000000000004e62       0x1e 
 .text.clamp_face_rect
                0x0000000000004e80      0x120 ./src/testbench_dsp.o
                0x0000000000004e80                clamp_face_rect
 .text.rotate_ccw90
                0x0000000000004fa0       0x2e ./src/testbench_dsp.o
                0x0000000000004fa0                rotate_ccw90
 *fill*         0x0000000000004fce       0x12 
 .text.restore_cw90
                0x0000000000004fe0       0x2e ./src/testbench_dsp.o
                0x0000000000004fe0                restore_cw90
 *fill*         0x000000000000500e       0x12 
 .text.restore_coordinates
                0x0000000000005020       0x28 ./src/testbench_dsp.o
                0x0000000000005020                restore_coordinates
 *fill*         0x0000000000005048       0x18 
 .text.main     0x0000000000005060      0x7da ./src/testbench_dsp.o
                0x0000000000005060                main
 .text          0x000000000000583a       0x3a ./src/tests_aux.o
                0x000000000000583a                __cxd_trap_handler
 *fill*         0x0000000000005874        0xc 
 .text.reset_memory
                0x0000000000005880        0xc ./src/tests_aux.o
                0x0000000000005880                reset_memory
 *fill*         0x000000000000588c       0x14 
 .text.set_memory_inc
                0x00000000000058a0       0x1a ./src/tests_aux.o
                0x00000000000058a0                set_memory_inc
 *fill*         0x00000000000058ba        0x6 
 .text.set_memory_dec
                0x00000000000058c0       0x1a ./src/tests_aux.o
                0x00000000000058c0                set_memory_dec
 *fill*         0x00000000000058da        0x6 
 .text.HW_EXCPTIONS_move_to_user_mode
                0x00000000000058e0       0x26 ./src/tests_aux.o
                0x00000000000058e0                HW_EXCPTIONS_move_to_user_mode
 *fill*         0x0000000000005906       0x1a 
 .text.HW_EXCPTIONS_move_to_supervisor_mode
                0x0000000000005920       0x22 ./src/tests_aux.o
                0x0000000000005920                HW_EXCPTIONS_move_to_supervisor_mode
 .text          0x0000000000005942        0x0 D:/Toolbox/workspace_dsp_next_fd_app/testbench_dsp/dsp_csl/lib/libcsl.a(ceva_xm_bc.c.obj)
 .text          0x0000000000005942        0x0 D:/Toolbox/workspace_dsp_next_fd_app/testbench_dsp/dsp_csl/lib/libcsl.a(ceva_qman.c.obj)
 .text          0x0000000000005942        0x0 D:/Toolbox/workspace_dsp_next_fd_app/testbench_dsp/dsp_csl/lib/libcsl.a(ceva_qman_task_descriptor_v2.c.obj)
 *fill*         0x0000000000005942       0x1e 
 .text.QMAN_update_config_burst_size
                0x0000000000005960       0x4e D:/Toolbox/workspace_dsp_next_fd_app/testbench_dsp/dsp_csl/lib/libcsl.a(ceva_qman_task_descriptor_v2.c.obj)
                0x0000000000005960                QMAN_update_config_burst_size
 .text          0x00000000000059ae        0x0 D:/Toolbox/workspace_dsp_next_fd_app/testbench_dsp/dsp_csl/lib/libcsl.a(ceva_pmss.c.obj)
 .text          0x00000000000059ae        0x0 D:/Toolbox/workspace_dsp_next_fd_app/testbench_dsp/dsp_csl/lib/libcsl.a(ceva_watchdog.c.obj)
 .text          0x00000000000059ae        0x0 D:/Toolbox/workspace_dsp_next_fd_app/testbench_dsp/dsp_csl/lib/libcsl.a(ceva_safety.c.obj)
 .text          0x00000000000059ae        0x0 D:/Toolbox/workspace_dsp_next_fd_app/testbench_dsp/dsp_csl/lib/libcsl.a(ceva_qman_config.c.obj)
 .text          0x00000000000059ae        0x0 D:/Toolbox/workspace_dsp_next_fd_app/testbench_dsp/dsp_csl/lib/libcsl.a(ceva_timers.c.obj)
 .text          0x00000000000059ae        0x0 D:/Toolbox/workspace_dsp_next_fd_app/testbench_dsp/dsp_csl/lib/libcsl.a(ceva_qman_ctrl.c.obj)
 .text          0x00000000000059ae        0x0 D:/Toolbox/workspace_dsp_next_fd_app/testbench_dsp/dsp_csl/lib/libcsl.a(ceva_icu.c.obj)
 .text          0x00000000000059ae        0x0 D:/Toolbox/workspace_dsp_next_fd_app/testbench_dsp/dsp_csl/lib/libcsl.a(ceva_asm_aux.asm.obj)
 .text          0x00000000000059ae        0x0 D:/Toolbox/workspace_dsp_next_fd_app/testbench_dsp/dsp_csl/lib/libcsl.a(ceva_csl.c.obj)
 *fill*         0x00000000000059ae       0x12 
 .text.CSL_set_power_save_mode
                0x00000000000059c0       0x5e D:/Toolbox/workspace_dsp_next_fd_app/testbench_dsp/dsp_csl/lib/libcsl.a(ceva_csl.c.obj)
                0x00000000000059c0                CSL_set_power_save_mode
 *fill*         0x0000000000005a1e        0x2 
 .text.CSL_btb_clear
                0x0000000000005a20       0x26 D:/Toolbox/workspace_dsp_next_fd_app/testbench_dsp/dsp_csl/lib/libcsl.a(ceva_csl.c.obj)
                0x0000000000005a20                CSL_btb_clear
 .text          0x0000000000005a46       0x10 D:/Toolbox/workspace_dsp_next_fd_app/testbench_dsp/dsp_csl/lib/libcsl.a(ceva_qman_enqueue.asm.obj)
 .text          0x0000000000005a56        0x0 D:/Toolbox/workspace_dsp_next_fd_app/testbench_dsp/dsp_csl/lib/libcsl.a(ceva_assert.c.obj)
 .text          0x0000000000005a56        0x0 D:/Toolbox/workspace_dsp_next_fd_app/testbench_dsp/dsp_csl/lib/libcsl.a(ceva_dmss.c.obj)
 .text          0x0000000000005a56       0xc2 C:/CEVA-ToolBox/V22/SensPro/cevatools/lib/clang/14.0.6/cevasp-unknown-unknown-elf/rtlv1.2.0-fp2-dpfp2/lib/crt0.o
                0x0000000000005a56                _start
                0x0000000000005a88                __init_hook_post_start_ret_label__
                0x0000000000005ac8                __not_needed
 .text          0x0000000000005b18        0x0 C:/CEVA-ToolBox/V22/SensPro/cevatools/lib/clang/14.0.6/cevasp-unknown-unknown-elf/rtlv1.2.0-fp2-dpfp2/lib/crtn.o
 .text          0x0000000000005b18        0x0 C:/CEVA-ToolBox/V22/SensPro/cevatools/lib/clang/14.0.6/cevasp-unknown-unknown-elf/rtlv1.2.0-fp2-dpfp2/lib\libc.a(snprintf.o)
 *fill*         0x0000000000005b18        0x8 
 .text.snprintf
                0x0000000000005b20       0x1a C:/CEVA-ToolBox/V22/SensPro/cevatools/lib/clang/14.0.6/cevasp-unknown-unknown-elf/rtlv1.2.0-fp2-dpfp2/lib\libc.a(snprintf.o)
                0x0000000000005b20                snprintf
 .text          0x0000000000005b3a        0x0 C:/CEVA-ToolBox/V22/SensPro/cevatools/lib/clang/14.0.6/cevasp-unknown-unknown-elf/rtlv1.2.0-fp2-dpfp2/lib\libc.a(vsnprintf.o)
 *fill*         0x0000000000005b3a        0x6 
 .text.vsnprintf
                0x0000000000005b40       0x88 C:/CEVA-ToolBox/V22/SensPro/cevatools/lib/clang/14.0.6/cevasp-unknown-unknown-elf/rtlv1.2.0-fp2-dpfp2/lib\libc.a(vsnprintf.o)
                0x0000000000005b40                vsnprintf
 *fill*         0x0000000000005bc8       0x18 
 .text.sn_write
                0x0000000000005be0       0x7e C:/CEVA-ToolBox/V22/SensPro/cevatools/lib/clang/14.0.6/cevasp-unknown-unknown-elf/rtlv1.2.0-fp2-dpfp2/lib\libc.a(vsnprintf.o)
 .text          0x0000000000005c5e        0x0 C:/CEVA-ToolBox/V22/SensPro/cevatools/lib/clang/14.0.6/cevasp-unknown-unknown-elf/rtlv1.2.0-fp2-dpfp2/lib\libc.a(memcpy.o)
 *fill*         0x0000000000005c5e        0x2 
 .text.memcpy   0x0000000000005c60       0xac C:/CEVA-ToolBox/V22/SensPro/cevatools/lib/clang/14.0.6/cevasp-unknown-unknown-elf/rtlv1.2.0-fp2-dpfp2/lib\libc.a(memcpy.o)
                0x0000000000005c60                memcpy
 *fill*         0x0000000000005d0c       0x14 
 .text.memcpy64
                0x0000000000005d20       0x74 C:/CEVA-ToolBox/V22/SensPro/cevatools/lib/clang/14.0.6/cevasp-unknown-unknown-elf/rtlv1.2.0-fp2-dpfp2/lib\libc.a(memcpy.o)
                0x0000000000005d20                memcpy64
 .text          0x0000000000005d94        0x0 C:/CEVA-ToolBox/V22/SensPro/cevatools/lib/clang/14.0.6/cevasp-unknown-unknown-elf/rtlv1.2.0-fp2-dpfp2/lib\libc.a(memset.o)
 *fill*         0x0000000000005d94        0xc 
 .text.memset   0x0000000000005da0      0x10c C:/CEVA-ToolBox/V22/SensPro/cevatools/lib/clang/14.0.6/cevasp-unknown-unknown-elf/rtlv1.2.0-fp2-dpfp2/lib\libc.a(memset.o)
                0x0000000000005da0                memset
 .text          0x0000000000005eac        0x0 C:/CEVA-ToolBox/V22/SensPro/cevatools/lib/clang/14.0.6/cevasp-unknown-unknown-elf/rtlv1.2.0-fp2-dpfp2/lib\libc.a(strlen.o)
 *fill*         0x0000000000005eac       0x14 
 .text.strlen   0x0000000000005ec0      0x110 C:/CEVA-ToolBox/V22/SensPro/cevatools/lib/clang/14.0.6/cevasp-unknown-unknown-elf/rtlv1.2.0-fp2-dpfp2/lib\libc.a(strlen.o)
                0x0000000000005ec0                strlen
 .text          0x0000000000005fd0        0x0 C:/CEVA-ToolBox/V22/SensPro/cevatools/lib/clang/14.0.6/cevasp-unknown-unknown-elf/rtlv1.2.0-fp2-dpfp2/lib\libc.a(assert.o)
 *fill*         0x0000000000005fd0       0x10 
 .text.__assert_fail
                0x0000000000005fe0       0x28 C:/CEVA-ToolBox/V22/SensPro/cevatools/lib/clang/14.0.6/cevasp-unknown-unknown-elf/rtlv1.2.0-fp2-dpfp2/lib\libc.a(assert.o)
                0x0000000000005fe0                __assert_fail
 .text          0x0000000000006008        0x0 C:/CEVA-ToolBox/V22/SensPro/cevatools/lib/clang/14.0.6/cevasp-unknown-unknown-elf/rtlv1.2.0-fp2-dpfp2/lib\libc.a(exit.o)
 *fill*         0x0000000000006008       0x18 
 .text.dummy    0x0000000000006020        0x2 C:/CEVA-ToolBox/V22/SensPro/cevatools/lib/clang/14.0.6/cevasp-unknown-unknown-elf/rtlv1.2.0-fp2-dpfp2/lib\libc.a(exit.o)
                0x0000000000006020                _fini
                0x0000000000006020                __funcs_on_exit
 *fill*         0x0000000000006022       0x1e 
 .text.libc_exit_fini
                0x0000000000006040       0x42 C:/CEVA-ToolBox/V22/SensPro/cevatools/lib/clang/14.0.6/cevasp-unknown-unknown-elf/rtlv1.2.0-fp2-dpfp2/lib\libc.a(exit.o)
                0x0000000000006040                __libc_exit_fini
 *fill*         0x0000000000006082       0x1e 
 .text.exit     0x00000000000060a0       0x20 C:/CEVA-ToolBox/V22/SensPro/cevatools/lib/clang/14.0.6/cevasp-unknown-unknown-elf/rtlv1.2.0-fp2-dpfp2/lib\libc.a(exit.o)
                0x00000000000060a0                exit
 .text          0x00000000000060c0        0x0 C:/CEVA-ToolBox/V22/SensPro/cevatools/lib/clang/14.0.6/cevasp-unknown-unknown-elf/rtlv1.2.0-fp2-dpfp2/lib\libc.a(abort.o)
 .text.abort    0x00000000000060c0       0x22 C:/CEVA-ToolBox/V22/SensPro/cevatools/lib/clang/14.0.6/cevasp-unknown-unknown-elf/rtlv1.2.0-fp2-dpfp2/lib\libc.a(abort.o)
                0x00000000000060c0                abort
 .text          0x00000000000060e2        0x0 C:/CEVA-ToolBox/V22/SensPro/cevatools/lib/clang/14.0.6/cevasp-unknown-unknown-elf/rtlv1.2.0-fp2-dpfp2/lib\libc.a(_Exit.o)
 *fill*         0x00000000000060e2       0x1e 
 .text._Exit    0x0000000000006100       0x18 C:/CEVA-ToolBox/V22/SensPro/cevatools/lib/clang/14.0.6/cevasp-unknown-unknown-elf/rtlv1.2.0-fp2-dpfp2/lib\libc.a(_Exit.o)
                0x0000000000006100                _Exit
 .text          0x0000000000006118        0x6 C:/CEVA-ToolBox/V22/SensPro/cevatools/lib/clang/14.0.6/cevasp-unknown-unknown-elf/rtlv1.2.0-fp2-dpfp2/lib\libc.a(crt0_hook_post_start.o)
                0x0000000000006118                __init_hook_post_start
 .text          0x000000000000611e        0x0 C:/CEVA-ToolBox/V22/SensPro/cevatools/lib/clang/14.0.6/cevasp-unknown-unknown-elf/rtlv1.2.0-fp2-dpfp2/lib\libc.a(crt0_init_config_regs.o)
 *fill*         0x000000000000611e        0x2 
 .text.__init_config_regs
                0x0000000000006120        0x2 C:/CEVA-ToolBox/V22/SensPro/cevatools/lib/clang/14.0.6/cevasp-unknown-unknown-elf/rtlv1.2.0-fp2-dpfp2/lib\libc.a(crt0_init_config_regs.o)
                0x0000000000006120                __init_config_regs
 .text          0x0000000000006122        0x0 C:/CEVA-ToolBox/V22/SensPro/cevatools/lib/clang/14.0.6/cevasp-unknown-unknown-elf/rtlv1.2.0-fp2-dpfp2/lib\libc.a(crt0_interrupt_epilogue.o)
 .text.__cxd_call_saved_restore_interrupt_basic_nofloat_section
                0x0000000000006122      0x2e2 C:/CEVA-ToolBox/V22/SensPro/cevatools/lib/clang/14.0.6/cevasp-unknown-unknown-elf/rtlv1.2.0-fp2-dpfp2/lib\libc.a(crt0_interrupt_epilogue.o)
                0x0000000000006122                __cxd_call_saved_restore_interrupt_basic_nofloat
                0x0000000000006218                __cxd_call_saved_restore_w_frame_interrupt_basic_nofloat
                0x0000000000006310                __cxd_call_saved_restore_w_frame_retreg_interrupt_basic_nofloat
 .text.__cxd_call_saved_restore_interrupt_basic_16float_section
                0x0000000000006404      0x32a C:/CEVA-ToolBox/V22/SensPro/cevatools/lib/clang/14.0.6/cevasp-unknown-unknown-elf/rtlv1.2.0-fp2-dpfp2/lib\libc.a(crt0_interrupt_epilogue.o)
                0x0000000000006404                __cxd_call_saved_restore_interrupt_basic_16float
                0x0000000000006512                __cxd_call_saved_restore_w_frame_interrupt_basic_16float
                0x0000000000006622                __cxd_call_saved_restore_w_frame_retreg_interrupt_basic_16float
 .text.__cxd_call_saved_restore_interrupt_basic_32float_section
                0x000000000000672e      0x372 C:/CEVA-ToolBox/V22/SensPro/cevatools/lib/clang/14.0.6/cevasp-unknown-unknown-elf/rtlv1.2.0-fp2-dpfp2/lib\libc.a(crt0_interrupt_epilogue.o)
                0x000000000000672e                __cxd_call_saved_restore_interrupt_basic_32float
                0x0000000000006854                __cxd_call_saved_restore_w_frame_interrupt_basic_32float
                0x000000000000697c                __cxd_call_saved_restore_w_frame_retreg_interrupt_basic_32float
 .text.__cxd_call_saved_restore_interrupt_full_nofloat_section
                0x0000000000006aa0      0x342 C:/CEVA-ToolBox/V22/SensPro/cevatools/lib/clang/14.0.6/cevasp-unknown-unknown-elf/rtlv1.2.0-fp2-dpfp2/lib\libc.a(crt0_interrupt_epilogue.o)
                0x0000000000006aa0                __cxd_call_saved_restore_interrupt_full_nofloat
                0x0000000000006bb6                __cxd_call_saved_restore_w_frame_interrupt_full_nofloat
                0x0000000000006cce                __cxd_call_saved_restore_w_frame_retreg_interrupt_full_nofloat
 .text.__cxd_call_saved_restore_interrupt_full_16float_section
                0x0000000000006de2      0x3d2 C:/CEVA-ToolBox/V22/SensPro/cevatools/lib/clang/14.0.6/cevasp-unknown-unknown-elf/rtlv1.2.0-fp2-dpfp2/lib\libc.a(crt0_interrupt_epilogue.o)
                0x0000000000006de2                __cxd_call_saved_restore_interrupt_full_16float
                0x0000000000006f28                __cxd_call_saved_restore_w_frame_interrupt_full_16float
                0x0000000000007070                __cxd_call_saved_restore_w_frame_retreg_interrupt_full_16float
 .text.__cxd_call_saved_restore_interrupt_full_32float_section
                0x00000000000071b4      0x432 C:/CEVA-ToolBox/V22/SensPro/cevatools/lib/clang/14.0.6/cevasp-unknown-unknown-elf/rtlv1.2.0-fp2-dpfp2/lib\libc.a(crt0_interrupt_epilogue.o)
                0x00000000000071b4                __cxd_call_saved_restore_interrupt_full_32float
                0x000000000000731a                __cxd_call_saved_restore_w_frame_interrupt_full_32float
                0x0000000000007482                __cxd_call_saved_restore_w_frame_retreg_interrupt_full_32float
 .text          0x00000000000075e6       0x1a C:/CEVA-ToolBox/V22/SensPro/cevatools/lib/clang/14.0.6/cevasp-unknown-unknown-elf/rtlv1.2.0-fp2-dpfp2/lib\libc.a(crt0_interrupt_functions.o)
                0x00000000000075e6                __cxd_trape_precise_debug_handler
                0x00000000000075f0                __cxd_fade_handler
                0x00000000000075f8                __cxd_critical_handler
                0x00000000000075fc                __cxd_normal_handler
 .text          0x0000000000007600        0x0 C:/CEVA-ToolBox/V22/SensPro/cevatools/lib/clang/14.0.6/cevasp-unknown-unknown-elf/rtlv1.2.0-fp2-dpfp2/lib\libc.a(crt0_interrupt_prologue.o)
 .text.__cxd_call_saved_store_interrupt_basic_nofloat_section
                0x0000000000007600       0xb8 C:/CEVA-ToolBox/V22/SensPro/cevatools/lib/clang/14.0.6/cevasp-unknown-unknown-elf/rtlv1.2.0-fp2-dpfp2/lib\libc.a(crt0_interrupt_prologue.o)
                0x0000000000007600                __cxd_call_saved_store_interrupt_basic_nofloat
 .text.__cxd_call_saved_store_interrupt_basic_16float_section
                0x00000000000076b8       0xd6 C:/CEVA-ToolBox/V22/SensPro/cevatools/lib/clang/14.0.6/cevasp-unknown-unknown-elf/rtlv1.2.0-fp2-dpfp2/lib\libc.a(crt0_interrupt_prologue.o)
                0x00000000000076b8                __cxd_call_saved_store_interrupt_basic_16float
 .text.__cxd_call_saved_store_interrupt_basic_32float_section
                0x000000000000778e       0xec C:/CEVA-ToolBox/V22/SensPro/cevatools/lib/clang/14.0.6/cevasp-unknown-unknown-elf/rtlv1.2.0-fp2-dpfp2/lib\libc.a(crt0_interrupt_prologue.o)
                0x000000000000778e                __cxd_call_saved_store_interrupt_basic_32float
 .text.__cxd_call_saved_store_interrupt_full_nofloat_section
                0x000000000000787a       0xd8 C:/CEVA-ToolBox/V22/SensPro/cevatools/lib/clang/14.0.6/cevasp-unknown-unknown-elf/rtlv1.2.0-fp2-dpfp2/lib\libc.a(crt0_interrupt_prologue.o)
                0x000000000000787a                __cxd_call_saved_store_interrupt_full_nofloat
 .text.__cxd_call_saved_store_interrupt_full_16float_section
                0x0000000000007952      0x10c C:/CEVA-ToolBox/V22/SensPro/cevatools/lib/clang/14.0.6/cevasp-unknown-unknown-elf/rtlv1.2.0-fp2-dpfp2/lib\libc.a(crt0_interrupt_prologue.o)
                0x0000000000007952                __cxd_call_saved_store_interrupt_full_16float
 .text.__cxd_call_saved_store_interrupt_full_32float_section
                0x0000000000007a5e      0x124 C:/CEVA-ToolBox/V22/SensPro/cevatools/lib/clang/14.0.6/cevasp-unknown-unknown-elf/rtlv1.2.0-fp2-dpfp2/lib\libc.a(crt0_interrupt_prologue.o)
                0x0000000000007a5e                __cxd_call_saved_store_interrupt_full_32float
 .text          0x0000000000007b82        0x0 C:/CEVA-ToolBox/V22/SensPro/cevatools/lib/clang/14.0.6/cevasp-unknown-unknown-elf/rtlv1.2.0-fp2-dpfp2/lib\libc.a(crt0_hook_pre_main.o)
 *fill*         0x0000000000007b82       0x1e 
 .text.__init_hook_pre_main
                0x0000000000007ba0        0x2 C:/CEVA-ToolBox/V22/SensPro/cevatools/lib/clang/14.0.6/cevasp-unknown-unknown-elf/rtlv1.2.0-fp2-dpfp2/lib\libc.a(crt0_hook_pre_main.o)
                0x0000000000007ba0                __init_hook_pre_main
 .text          0x0000000000007ba2        0x0 C:/CEVA-ToolBox/V22/SensPro/cevatools/lib/clang/14.0.6/cevasp-unknown-unknown-elf/rtlv1.2.0-fp2-dpfp2/lib\libc.a(crt0_init_data_sections.o)
 *fill*         0x0000000000007ba2       0x1e 
 .text.is_buffer_initialized
                0x0000000000007bc0       0x20 C:/CEVA-ToolBox/V22/SensPro/cevatools/lib/clang/14.0.6/cevasp-unknown-unknown-elf/rtlv1.2.0-fp2-dpfp2/lib\libc.a(crt0_init_data_sections.o)
                0x0000000000007bc0                is_buffer_initialized
 .text.are_buffers_equals
                0x0000000000007be0       0x24 C:/CEVA-ToolBox/V22/SensPro/cevatools/lib/clang/14.0.6/cevasp-unknown-unknown-elf/rtlv1.2.0-fp2-dpfp2/lib\libc.a(crt0_init_data_sections.o)
                0x0000000000007be0                are_buffers_equals
 *fill*         0x0000000000007c04       0x1c 
 .text.__init_data_sections
                0x0000000000007c20      0x22c C:/CEVA-ToolBox/V22/SensPro/cevatools/lib/clang/14.0.6/cevasp-unknown-unknown-elf/rtlv1.2.0-fp2-dpfp2/lib\libc.a(crt0_init_data_sections.o)
                0x0000000000007c20                __init_data_sections
 .text          0x0000000000007e4c        0x0 C:/CEVA-ToolBox/V22/SensPro/cevatools/lib/clang/14.0.6/cevasp-unknown-unknown-elf/rtlv1.2.0-fp2-dpfp2/lib\libc.a(crt0_init_func_vec.o)
 *fill*         0x0000000000007e4c       0x14 
 .text.__init_func_vec
                0x0000000000007e60       0x2a C:/CEVA-ToolBox/V22/SensPro/cevatools/lib/clang/14.0.6/cevasp-unknown-unknown-elf/rtlv1.2.0-fp2-dpfp2/lib\libc.a(crt0_init_func_vec.o)
                0x0000000000007e60                __init_func_vec
 .text          0x0000000000007e8a        0x0 C:/CEVA-ToolBox/V22/SensPro/cevatools/lib/clang/14.0.6/cevasp-unknown-unknown-elf/rtlv1.2.0-fp2-dpfp2/lib\libc.a(__init_libc_global.o)
 *fill*         0x0000000000007e8a       0x16 
 .text.__init_libc_global
                0x0000000000007ea0       0x76 C:/CEVA-ToolBox/V22/SensPro/cevatools/lib/clang/14.0.6/cevasp-unknown-unknown-elf/rtlv1.2.0-fp2-dpfp2/lib\libc.a(__init_libc_global.o)
                0x0000000000007ea0                __init_libc_global
 .text          0x0000000000007f16        0x0 C:/CEVA-ToolBox/V22/SensPro/cevatools/lib/clang/14.0.6/cevasp-unknown-unknown-elf/rtlv1.2.0-fp2-dpfp2/lib\libc.a(__errno_location.o)
 *fill*         0x0000000000007f16        0xa 
 .text.__errno_location
                0x0000000000007f20        0xe C:/CEVA-ToolBox/V22/SensPro/cevatools/lib/clang/14.0.6/cevasp-unknown-unknown-elf/rtlv1.2.0-fp2-dpfp2/lib\libc.a(__errno_location.o)
                0x0000000000007f20                __errno_location
                0x0000000000007f20                ___errno_location
 .text          0x0000000000007f2e        0x0 C:/CEVA-ToolBox/V22/SensPro/cevatools/lib/clang/14.0.6/cevasp-unknown-unknown-elf/rtlv1.2.0-fp2-dpfp2/lib\libc.a(libc.o)
 .text          0x0000000000007f2e        0x0 C:/CEVA-ToolBox/V22/SensPro/cevatools/lib/clang/14.0.6/cevasp-unknown-unknown-elf/rtlv1.2.0-fp2-dpfp2/lib\libc.a(__cxd_trap_exit.o)
 *fill*         0x0000000000007f2e       0x12 
 .text.__cxd_trap_exit
                0x0000000000007f40        0xe C:/CEVA-ToolBox/V22/SensPro/cevatools/lib/clang/14.0.6/cevasp-unknown-unknown-elf/rtlv1.2.0-fp2-dpfp2/lib\libc.a(__cxd_trap_exit.o)
                0x0000000000007f40                __cxd_trap_exit
 .text          0x0000000000007f4e        0x0 C:/CEVA-ToolBox/V22/SensPro/cevatools/lib/clang/14.0.6/cevasp-unknown-unknown-elf/rtlv1.2.0-fp2-dpfp2/lib\libc.a(__pthread_self.o)
 .text          0x0000000000007f4e        0x0 C:/CEVA-ToolBox/V22/SensPro/cevatools/lib/clang/14.0.6/cevasp-unknown-unknown-elf/rtlv1.2.0-fp2-dpfp2/lib\libc.a(__init_malloc.o)
 *fill*         0x0000000000007f4e       0x12 
 .text.__init_malloc
                0x0000000000007f60       0x1e C:/CEVA-ToolBox/V22/SensPro/cevatools/lib/clang/14.0.6/cevasp-unknown-unknown-elf/rtlv1.2.0-fp2-dpfp2/lib\libc.a(__init_malloc.o)
                0x0000000000007f60                __init_malloc
 .text          0x0000000000007f7e        0x0 C:/CEVA-ToolBox/V22/SensPro/cevatools/lib/clang/14.0.6/cevasp-unknown-unknown-elf/rtlv1.2.0-fp2-dpfp2/lib\libc.a(fprintf.o)
 *fill*         0x0000000000007f7e        0x2 
 .text.fprintf  0x0000000000007f80       0x1a C:/CEVA-ToolBox/V22/SensPro/cevatools/lib/clang/14.0.6/cevasp-unknown-unknown-elf/rtlv1.2.0-fp2-dpfp2/lib\libc.a(fprintf.o)
                0x0000000000007f80                fprintf
 .text          0x0000000000007f9a        0x0 C:/CEVA-ToolBox/V22/SensPro/cevatools/lib/clang/14.0.6/cevasp-unknown-unknown-elf/rtlv1.2.0-fp2-dpfp2/lib\libc.a(stderr.o)
 .text          0x0000000000007f9a        0x0 C:/CEVA-ToolBox/V22/SensPro/cevatools/lib/clang/14.0.6/cevasp-unknown-unknown-elf/rtlv1.2.0-fp2-dpfp2/lib\libc.a(__stdio_close.o)
 *fill*         0x0000000000007f9a        0x6 
 .text.dummy    0x0000000000007fa0        0x2 C:/CEVA-ToolBox/V22/SensPro/cevatools/lib/clang/14.0.6/cevasp-unknown-unknown-elf/rtlv1.2.0-fp2-dpfp2/lib\libc.a(__stdio_close.o)
                0x0000000000007fa0                __aio_close
 *fill*         0x0000000000007fa2       0x1e 
 .text.__stdio_close
                0x0000000000007fc0       0x1e C:/CEVA-ToolBox/V22/SensPro/cevatools/lib/clang/14.0.6/cevasp-unknown-unknown-elf/rtlv1.2.0-fp2-dpfp2/lib\libc.a(__stdio_close.o)
                0x0000000000007fc0                __stdio_close
 .text          0x0000000000007fde        0x0 C:/CEVA-ToolBox/V22/SensPro/cevatools/lib/clang/14.0.6/cevasp-unknown-unknown-elf/rtlv1.2.0-fp2-dpfp2/lib\libc.a(__stdio_seek.o)
 *fill*         0x0000000000007fde        0x2 
 .text.__stdio_seek
                0x0000000000007fe0        0xc C:/CEVA-ToolBox/V22/SensPro/cevatools/lib/clang/14.0.6/cevasp-unknown-unknown-elf/rtlv1.2.0-fp2-dpfp2/lib\libc.a(__stdio_seek.o)
                0x0000000000007fe0                __stdio_seek
 .text          0x0000000000007fec        0x0 C:/CEVA-ToolBox/V22/SensPro/cevatools/lib/clang/14.0.6/cevasp-unknown-unknown-elf/rtlv1.2.0-fp2-dpfp2/lib\libc.a(__stdio_write.o)
 *fill*         0x0000000000007fec       0x14 
 .text.__stdio_write
                0x0000000000008000       0xf2 C:/CEVA-ToolBox/V22/SensPro/cevatools/lib/clang/14.0.6/cevasp-unknown-unknown-elf/rtlv1.2.0-fp2-dpfp2/lib\libc.a(__stdio_write.o)
                0x0000000000008000                __stdio_write
 .text          0x00000000000080f2        0x0 C:/CEVA-ToolBox/V22/SensPro/cevatools/lib/clang/14.0.6/cevasp-unknown-unknown-elf/rtlv1.2.0-fp2-dpfp2/lib\libc.a(vfprintf.o)
 *fill*         0x00000000000080f2        0xe 
 .text.vfprintf
                0x0000000000008100      0x144 C:/CEVA-ToolBox/V22/SensPro/cevatools/lib/clang/14.0.6/cevasp-unknown-unknown-elf/rtlv1.2.0-fp2-dpfp2/lib\libc.a(vfprintf.o)
                0x0000000000008100                vfprintf
 *fill*         0x0000000000008244       0x1c 
 .text.printf_core
                0x0000000000008260     0x179a C:/CEVA-ToolBox/V22/SensPro/cevatools/lib/clang/14.0.6/cevasp-unknown-unknown-elf/rtlv1.2.0-fp2-dpfp2/lib\libc.a(vfprintf.o)
 *fill*         0x00000000000099fa        0x6 
 .text.out      0x0000000000009a00       0x24 C:/CEVA-ToolBox/V22/SensPro/cevatools/lib/clang/14.0.6/cevasp-unknown-unknown-elf/rtlv1.2.0-fp2-dpfp2/lib\libc.a(vfprintf.o)
 *fill*         0x0000000000009a24       0x1c 
 .text.getint   0x0000000000009a40       0x5c C:/CEVA-ToolBox/V22/SensPro/cevatools/lib/clang/14.0.6/cevasp-unknown-unknown-elf/rtlv1.2.0-fp2-dpfp2/lib\libc.a(vfprintf.o)
 *fill*         0x0000000000009a9c        0x4 
 .text.pop_arg  0x0000000000009aa0       0xe4 C:/CEVA-ToolBox/V22/SensPro/cevatools/lib/clang/14.0.6/cevasp-unknown-unknown-elf/rtlv1.2.0-fp2-dpfp2/lib\libc.a(vfprintf.o)
 *fill*         0x0000000000009b84       0x1c 
 .text.fmt_u    0x0000000000009ba0       0x78 C:/CEVA-ToolBox/V22/SensPro/cevatools/lib/clang/14.0.6/cevasp-unknown-unknown-elf/rtlv1.2.0-fp2-dpfp2/lib\libc.a(vfprintf.o)
 *fill*         0x0000000000009c18        0x8 
 .text.pad      0x0000000000009c20       0x7c C:/CEVA-ToolBox/V22/SensPro/cevatools/lib/clang/14.0.6/cevasp-unknown-unknown-elf/rtlv1.2.0-fp2-dpfp2/lib\libc.a(vfprintf.o)
 .text          0x0000000000009c9c        0x0 C:/CEVA-ToolBox/V22/SensPro/cevatools/lib/clang/14.0.6/cevasp-unknown-unknown-elf/rtlv1.2.0-fp2-dpfp2/lib\libc.a(strnlen.o)
 *fill*         0x0000000000009c9c        0x4 
 .text.strnlen  0x0000000000009ca0       0x22 C:/CEVA-ToolBox/V22/SensPro/cevatools/lib/clang/14.0.6/cevasp-unknown-unknown-elf/rtlv1.2.0-fp2-dpfp2/lib\libc.a(strnlen.o)
                0x0000000000009ca0                strnlen
 .text          0x0000000000009cc2        0x0 C:/CEVA-ToolBox/V22/SensPro/cevatools/lib/clang/14.0.6/cevasp-unknown-unknown-elf/rtlv1.2.0-fp2-dpfp2/lib\libc.a(signal.o)
 *fill*         0x0000000000009cc2       0x1e 
 .text.signal   0x0000000000009ce0       0x7e C:/CEVA-ToolBox/V22/SensPro/cevatools/lib/clang/14.0.6/cevasp-unknown-unknown-elf/rtlv1.2.0-fp2-dpfp2/lib\libc.a(signal.o)
                0x0000000000009ce0                signal
 *fill*         0x0000000000009d5e        0x2 
 .text.sigidx   0x0000000000009d60       0x14 C:/CEVA-ToolBox/V22/SensPro/cevatools/lib/clang/14.0.6/cevasp-unknown-unknown-elf/rtlv1.2.0-fp2-dpfp2/lib\libc.a(signal.o)
 *fill*         0x0000000000009d74        0xc 
 .text.default_handler
                0x0000000000009d80        0xc C:/CEVA-ToolBox/V22/SensPro/cevatools/lib/clang/14.0.6/cevasp-unknown-unknown-elf/rtlv1.2.0-fp2-dpfp2/lib\libc.a(signal.o)
 *fill*         0x0000000000009d8c       0x14 
 .text.ignore_handler
                0x0000000000009da0        0x2 C:/CEVA-ToolBox/V22/SensPro/cevatools/lib/clang/14.0.6/cevasp-unknown-unknown-elf/rtlv1.2.0-fp2-dpfp2/lib\libc.a(signal.o)
 *fill*         0x0000000000009da2       0x1e 
 .text.raise    0x0000000000009dc0       0x96 C:/CEVA-ToolBox/V22/SensPro/cevatools/lib/clang/14.0.6/cevasp-unknown-unknown-elf/rtlv1.2.0-fp2-dpfp2/lib\libc.a(signal.o)
                0x0000000000009dc0                raise
 .text          0x0000000000009e56        0x0 C:/CEVA-ToolBox/V22/SensPro/cevatools/lib/clang/14.0.6/cevasp-unknown-unknown-elf/rtlv1.2.0-fp2-dpfp2/lib\libc.a(crt0_construct_destruct_globals.o)
 *fill*         0x0000000000009e56        0xa 
 .text.__init_construct_globals
                0x0000000000009e60       0x34 C:/CEVA-ToolBox/V22/SensPro/cevatools/lib/clang/14.0.6/cevasp-unknown-unknown-elf/rtlv1.2.0-fp2-dpfp2/lib\libc.a(crt0_construct_destruct_globals.o)
                0x0000000000009e60                __init_construct_globals
 *fill*         0x0000000000009e94        0xc 
 .text.__init_destruct_globals
                0x0000000000009ea0       0xb6 C:/CEVA-ToolBox/V22/SensPro/cevatools/lib/clang/14.0.6/cevasp-unknown-unknown-elf/rtlv1.2.0-fp2-dpfp2/lib\libc.a(crt0_construct_destruct_globals.o)
                0x0000000000009ea0                __init_destruct_globals
 .text          0x0000000000009f56        0x0 C:/CEVA-ToolBox/V22/SensPro/cevatools/lib/clang/14.0.6/cevasp-unknown-unknown-elf/rtlv1.2.0-fp2-dpfp2/lib\libc.a(lseek.o)
 *fill*         0x0000000000009f56        0xa 
 .text.__lseek  0x0000000000009f60       0x24 C:/CEVA-ToolBox/V22/SensPro/cevatools/lib/clang/14.0.6/cevasp-unknown-unknown-elf/rtlv1.2.0-fp2-dpfp2/lib\libc.a(lseek.o)
                0x0000000000009f60                __lseek
                0x0000000000009f60                lseek64
                0x0000000000009f60                lseek
 .text          0x0000000000009f84        0x0 C:/CEVA-ToolBox/V22/SensPro/cevatools/lib/clang/14.0.6/cevasp-unknown-unknown-elf/rtlv1.2.0-fp2-dpfp2/lib\libc.a(strerror.o)
 *fill*         0x0000000000009f84       0x1c 
 .text.__strerror_l
                0x0000000000009fa0       0x2e C:/CEVA-ToolBox/V22/SensPro/cevatools/lib/clang/14.0.6/cevasp-unknown-unknown-elf/rtlv1.2.0-fp2-dpfp2/lib\libc.a(strerror.o)
                0x0000000000009fa0                __strerror_l
                0x0000000000009fa0                strerror_l
 *fill*         0x0000000000009fce       0x12 
 .text.strerror
                0x0000000000009fe0       0x14 C:/CEVA-ToolBox/V22/SensPro/cevatools/lib/clang/14.0.6/cevasp-unknown-unknown-elf/rtlv1.2.0-fp2-dpfp2/lib\libc.a(strerror.o)
                0x0000000000009fe0                strerror
 .text          0x0000000000009ff4        0x0 C:/CEVA-ToolBox/V22/SensPro/cevatools/lib/clang/14.0.6/cevasp-unknown-unknown-elf/rtlv1.2.0-fp2-dpfp2/lib\libc.a(syscall_ret.o)
 *fill*         0x0000000000009ff4        0xc 
 .text.__syscall_ret
                0x000000000000a000       0x2a C:/CEVA-ToolBox/V22/SensPro/cevatools/lib/clang/14.0.6/cevasp-unknown-unknown-elf/rtlv1.2.0-fp2-dpfp2/lib\libc.a(syscall_ret.o)
                0x000000000000a000                __syscall_ret
 .text          0x000000000000a02a        0x0 C:/CEVA-ToolBox/V22/SensPro/cevatools/lib/clang/14.0.6/cevasp-unknown-unknown-elf/rtlv1.2.0-fp2-dpfp2/lib\libc.a(__cxd_sys_io.o)
 *fill*         0x000000000000a02a       0x16 
 .text.__cxd_sys_close
                0x000000000000a040       0x3e C:/CEVA-ToolBox/V22/SensPro/cevatools/lib/clang/14.0.6/cevasp-unknown-unknown-elf/rtlv1.2.0-fp2-dpfp2/lib\libc.a(__cxd_sys_io.o)
                0x000000000000a040                __cxd_sys_close
 *fill*         0x000000000000a07e        0x2 
 .text.__cxd_sys_unlink
                0x000000000000a080       0x6e C:/CEVA-ToolBox/V22/SensPro/cevatools/lib/clang/14.0.6/cevasp-unknown-unknown-elf/rtlv1.2.0-fp2-dpfp2/lib\libc.a(__cxd_sys_io.o)
                0x000000000000a080                __cxd_sys_unlink
 *fill*         0x000000000000a0ee       0x12 
 .text.__cxd_sys_fsync
                0x000000000000a100       0x3e C:/CEVA-ToolBox/V22/SensPro/cevatools/lib/clang/14.0.6/cevasp-unknown-unknown-elf/rtlv1.2.0-fp2-dpfp2/lib\libc.a(__cxd_sys_io.o)
                0x000000000000a100                __cxd_sys_fsync
 *fill*         0x000000000000a13e        0x2 
 .text.__cxd_sys_remove
                0x000000000000a140       0x4e C:/CEVA-ToolBox/V22/SensPro/cevatools/lib/clang/14.0.6/cevasp-unknown-unknown-elf/rtlv1.2.0-fp2-dpfp2/lib\libc.a(__cxd_sys_io.o)
                0x000000000000a140                __cxd_sys_remove
 *fill*         0x000000000000a18e       0x12 
 .text.__cxd_sys_rename
                0x000000000000a1a0       0x4c C:/CEVA-ToolBox/V22/SensPro/cevatools/lib/clang/14.0.6/cevasp-unknown-unknown-elf/rtlv1.2.0-fp2-dpfp2/lib\libc.a(__cxd_sys_io.o)
                0x000000000000a1a0                __cxd_sys_rename
 *fill*         0x000000000000a1ec       0x14 
 .text.__cxd_sys_fopen
                0x000000000000a200       0x82 C:/CEVA-ToolBox/V22/SensPro/cevatools/lib/clang/14.0.6/cevasp-unknown-unknown-elf/rtlv1.2.0-fp2-dpfp2/lib\libc.a(__cxd_sys_io.o)
                0x000000000000a200                __cxd_sys_fopen
 *fill*         0x000000000000a282       0x1e 
 .text.cxd_io_fopen
                0x000000000000a2a0       0x4e C:/CEVA-ToolBox/V22/SensPro/cevatools/lib/clang/14.0.6/cevasp-unknown-unknown-elf/rtlv1.2.0-fp2-dpfp2/lib\libc.a(__cxd_sys_io.o)
 *fill*         0x000000000000a2ee       0x12 
 .text.__cxd_sys_readv
                0x000000000000a300       0x62 C:/CEVA-ToolBox/V22/SensPro/cevatools/lib/clang/14.0.6/cevasp-unknown-unknown-elf/rtlv1.2.0-fp2-dpfp2/lib\libc.a(__cxd_sys_io.o)
                0x000000000000a300                __cxd_sys_readv
 *fill*         0x000000000000a362       0x1e 
 .text.cxd_io_fread
                0x000000000000a380       0x60 C:/CEVA-ToolBox/V22/SensPro/cevatools/lib/clang/14.0.6/cevasp-unknown-unknown-elf/rtlv1.2.0-fp2-dpfp2/lib\libc.a(__cxd_sys_io.o)
 .text.__cxd_sys_read
                0x000000000000a3e0       0x32 C:/CEVA-ToolBox/V22/SensPro/cevatools/lib/clang/14.0.6/cevasp-unknown-unknown-elf/rtlv1.2.0-fp2-dpfp2/lib\libc.a(__cxd_sys_io.o)
                0x000000000000a3e0                __cxd_sys_read
 *fill*         0x000000000000a412        0xe 
 .text.__cxd_sys_writev
                0x000000000000a420       0xba C:/CEVA-ToolBox/V22/SensPro/cevatools/lib/clang/14.0.6/cevasp-unknown-unknown-elf/rtlv1.2.0-fp2-dpfp2/lib\libc.a(__cxd_sys_io.o)
                0x000000000000a420                __cxd_sys_writev
 *fill*         0x000000000000a4da        0x6 
 .text.__cxd_sys_write
                0x000000000000a4e0       0x20 C:/CEVA-ToolBox/V22/SensPro/cevatools/lib/clang/14.0.6/cevasp-unknown-unknown-elf/rtlv1.2.0-fp2-dpfp2/lib\libc.a(__cxd_sys_io.o)
                0x000000000000a4e0                __cxd_sys_write
 .text.__cxd_sys_lseek
                0x000000000000a500       0x94 C:/CEVA-ToolBox/V22/SensPro/cevatools/lib/clang/14.0.6/cevasp-unknown-unknown-elf/rtlv1.2.0-fp2-dpfp2/lib\libc.a(__cxd_sys_io.o)
                0x000000000000a500                __cxd_sys_lseek
 *fill*         0x000000000000a594        0xc 
 .text.__cxd_sys_freopen
                0x000000000000a5a0       0x50 C:/CEVA-ToolBox/V22/SensPro/cevatools/lib/clang/14.0.6/cevasp-unknown-unknown-elf/rtlv1.2.0-fp2-dpfp2/lib\libc.a(__cxd_sys_io.o)
                0x000000000000a5a0                __cxd_sys_freopen
 *fill*         0x000000000000a5f0       0x10 
 .text.syscall_handler
                0x000000000000a600       0x2e C:/CEVA-ToolBox/V22/SensPro/cevatools/lib/clang/14.0.6/cevasp-unknown-unknown-elf/rtlv1.2.0-fp2-dpfp2/lib\libc.a(__cxd_sys_io.o)
                0x000000000000a628                syscall_handler_bp
                0x000000000000a628                __cxd_syscall_debug_handler_breakpoint
 .text          0x000000000000a62e        0x0 C:/CEVA-ToolBox/V22/SensPro/cevatools/lib/clang/14.0.6/cevasp-unknown-unknown-elf/rtlv1.2.0-fp2-dpfp2/lib\libc.a(__lctrans.o)
 *fill*         0x000000000000a62e       0x12 
 .text.dummy    0x000000000000a640        0x2 C:/CEVA-ToolBox/V22/SensPro/cevatools/lib/clang/14.0.6/cevasp-unknown-unknown-elf/rtlv1.2.0-fp2-dpfp2/lib\libc.a(__lctrans.o)
                0x000000000000a640                __lctrans_impl
 *fill*         0x000000000000a642       0x1e 
 .text.__lctrans
                0x000000000000a660        0x6 C:/CEVA-ToolBox/V22/SensPro/cevatools/lib/clang/14.0.6/cevasp-unknown-unknown-elf/rtlv1.2.0-fp2-dpfp2/lib\libc.a(__lctrans.o)
                0x000000000000a660                __lctrans
 *fill*         0x000000000000a666       0x1a 
 .text.__lctrans_cur
                0x000000000000a680       0x18 C:/CEVA-ToolBox/V22/SensPro/cevatools/lib/clang/14.0.6/cevasp-unknown-unknown-elf/rtlv1.2.0-fp2-dpfp2/lib\libc.a(__lctrans.o)
                0x000000000000a680                __lctrans_cur
 .text          0x000000000000a698        0x0 C:/CEVA-ToolBox/V22/SensPro/cevatools/lib/clang/14.0.6/cevasp-unknown-unknown-elf/rtlv1.2.0-fp2-dpfp2/lib\libc.a(malloc.o)
 *fill*         0x000000000000a698        0x8 
 .text.__libc_malloc
                0x000000000000a6a0       0x12 C:/CEVA-ToolBox/V22/SensPro/cevatools/lib/clang/14.0.6/cevasp-unknown-unknown-elf/rtlv1.2.0-fp2-dpfp2/lib\libc.a(malloc.o)
                0x000000000000a6a0                __libc_malloc
                0x000000000000a6a0                malloc
 *fill*         0x000000000000a6b2        0xe 
 .text.__libc_realloc
                0x000000000000a6c0       0x14 C:/CEVA-ToolBox/V22/SensPro/cevatools/lib/clang/14.0.6/cevasp-unknown-unknown-elf/rtlv1.2.0-fp2-dpfp2/lib\libc.a(malloc.o)
                0x000000000000a6c0                realloc
                0x000000000000a6c0                __libc_realloc
 *fill*         0x000000000000a6d4        0xc 
 .text.__libc_calloc
                0x000000000000a6e0       0x14 C:/CEVA-ToolBox/V22/SensPro/cevatools/lib/clang/14.0.6/cevasp-unknown-unknown-elf/rtlv1.2.0-fp2-dpfp2/lib\libc.a(malloc.o)
                0x000000000000a6e0                __libc_calloc
                0x000000000000a6e0                calloc
 *fill*         0x000000000000a6f4        0xc 
 .text.__libc_free
                0x000000000000a700       0x10 C:/CEVA-ToolBox/V22/SensPro/cevatools/lib/clang/14.0.6/cevasp-unknown-unknown-elf/rtlv1.2.0-fp2-dpfp2/lib\libc.a(malloc.o)
                0x000000000000a700                free
                0x000000000000a700                __libc_free
 *fill*         0x000000000000a710       0x10 
 .text.aligned_alloc
                0x000000000000a720       0x36 C:/CEVA-ToolBox/V22/SensPro/cevatools/lib/clang/14.0.6/cevasp-unknown-unknown-elf/rtlv1.2.0-fp2-dpfp2/lib\libc.a(malloc.o)
                0x000000000000a720                aligned_alloc
 *fill*         0x000000000000a756        0xa 
 .text.posix_memalign
                0x000000000000a760       0x42 C:/CEVA-ToolBox/V22/SensPro/cevatools/lib/clang/14.0.6/cevasp-unknown-unknown-elf/rtlv1.2.0-fp2-dpfp2/lib\libc.a(malloc.o)
                0x000000000000a760                posix_memalign
 *fill*         0x000000000000a7a2       0x1e 
 .text.__mem_fg_state_create
                0x000000000000a7c0       0x58 C:/CEVA-ToolBox/V22/SensPro/cevatools/lib/clang/14.0.6/cevasp-unknown-unknown-elf/rtlv1.2.0-fp2-dpfp2/lib\libc.a(malloc.o)
                0x000000000000a7c0                __mem_fg_state_create
 *fill*         0x000000000000a818        0x8 
 .text.__mem_fg_state_release
                0x000000000000a820       0x18 C:/CEVA-ToolBox/V22/SensPro/cevatools/lib/clang/14.0.6/cevasp-unknown-unknown-elf/rtlv1.2.0-fp2-dpfp2/lib\libc.a(malloc.o)
                0x000000000000a820                __mem_fg_state_release
 *fill*         0x000000000000a838        0x8 
 .text.__mem_cg_state_create
                0x000000000000a840       0x58 C:/CEVA-ToolBox/V22/SensPro/cevatools/lib/clang/14.0.6/cevasp-unknown-unknown-elf/rtlv1.2.0-fp2-dpfp2/lib\libc.a(malloc.o)
                0x000000000000a840                __mem_cg_state_create
 *fill*         0x000000000000a898        0x8 
 .text.__mem_cg_state_release
                0x000000000000a8a0       0x18 C:/CEVA-ToolBox/V22/SensPro/cevatools/lib/clang/14.0.6/cevasp-unknown-unknown-elf/rtlv1.2.0-fp2-dpfp2/lib\libc.a(malloc.o)
                0x000000000000a8a0                __mem_cg_state_release
 .text          0x000000000000a8b8        0x0 C:/CEVA-ToolBox/V22/SensPro/cevatools/lib/clang/14.0.6/cevasp-unknown-unknown-elf/rtlv1.2.0-fp2-dpfp2/lib\libc.a(fine_grain.o)
 *fill*         0x000000000000a8b8        0x8 
 .text.__mem_fg_init
                0x000000000000a8c0       0x24 C:/CEVA-ToolBox/V22/SensPro/cevatools/lib/clang/14.0.6/cevasp-unknown-unknown-elf/rtlv1.2.0-fp2-dpfp2/lib\libc.a(fine_grain.o)
                0x000000000000a8c0                __mem_fg_init
 *fill*         0x000000000000a8e4       0x1c 
 .text.__mem_fg_malloc
                0x000000000000a900       0x30 C:/CEVA-ToolBox/V22/SensPro/cevatools/lib/clang/14.0.6/cevasp-unknown-unknown-elf/rtlv1.2.0-fp2-dpfp2/lib\libc.a(fine_grain.o)
                0x000000000000a900                __mem_fg_malloc
 *fill*         0x000000000000a930       0x10 
 .text.__mem_fg_malloc_imp
                0x000000000000a940      0x148 C:/CEVA-ToolBox/V22/SensPro/cevatools/lib/clang/14.0.6/cevasp-unknown-unknown-elf/rtlv1.2.0-fp2-dpfp2/lib\libc.a(fine_grain.o)
 *fill*         0x000000000000aa88       0x18 
 .text.__mem_fg_flush
                0x000000000000aaa0       0x3e C:/CEVA-ToolBox/V22/SensPro/cevatools/lib/clang/14.0.6/cevasp-unknown-unknown-elf/rtlv1.2.0-fp2-dpfp2/lib\libc.a(fine_grain.o)
                0x000000000000aaa0                __mem_fg_flush
 *fill*         0x000000000000aade        0x2 
 .text.__mem_fg_free
                0x000000000000aae0       0x56 C:/CEVA-ToolBox/V22/SensPro/cevatools/lib/clang/14.0.6/cevasp-unknown-unknown-elf/rtlv1.2.0-fp2-dpfp2/lib\libc.a(fine_grain.o)
                0x000000000000aae0                __mem_fg_free
 *fill*         0x000000000000ab36        0xa 
 .text.__mem_fg_aligned_realloc
                0x000000000000ab40      0x100 C:/CEVA-ToolBox/V22/SensPro/cevatools/lib/clang/14.0.6/cevasp-unknown-unknown-elf/rtlv1.2.0-fp2-dpfp2/lib\libc.a(fine_grain.o)
                0x000000000000ab40                __mem_fg_aligned_realloc
 .text.__mem_fg_aligned_alloc
                0x000000000000ac40       0x7a C:/CEVA-ToolBox/V22/SensPro/cevatools/lib/clang/14.0.6/cevasp-unknown-unknown-elf/rtlv1.2.0-fp2-dpfp2/lib\libc.a(fine_grain.o)
                0x000000000000ac40                __mem_fg_aligned_alloc
 *fill*         0x000000000000acba        0x6 
 .text.__mem_fg_realloc
                0x000000000000acc0        0xc C:/CEVA-ToolBox/V22/SensPro/cevatools/lib/clang/14.0.6/cevasp-unknown-unknown-elf/rtlv1.2.0-fp2-dpfp2/lib\libc.a(fine_grain.o)
                0x000000000000acc0                __mem_fg_realloc
 *fill*         0x000000000000accc       0x14 
 .text.__mem_fg_debug
                0x000000000000ace0      0x140 C:/CEVA-ToolBox/V22/SensPro/cevatools/lib/clang/14.0.6/cevasp-unknown-unknown-elf/rtlv1.2.0-fp2-dpfp2/lib\libc.a(fine_grain.o)
                0x000000000000ace0                __mem_fg_debug
 .text.__mem_fg_calloc
                0x000000000000ae20       0x2e C:/CEVA-ToolBox/V22/SensPro/cevatools/lib/clang/14.0.6/cevasp-unknown-unknown-elf/rtlv1.2.0-fp2-dpfp2/lib\libc.a(fine_grain.o)
                0x000000000000ae20                __mem_fg_calloc
 *fill*         0x000000000000ae4e       0x12 
 .text.__mem_fg_aligned_calloc
                0x000000000000ae60       0x2e C:/CEVA-ToolBox/V22/SensPro/cevatools/lib/clang/14.0.6/cevasp-unknown-unknown-elf/rtlv1.2.0-fp2-dpfp2/lib\libc.a(fine_grain.o)
                0x000000000000ae60                __mem_fg_aligned_calloc
 *fill*         0x000000000000ae8e       0x12 
 .text.__mem_fg_size
                0x000000000000aea0        0x8 C:/CEVA-ToolBox/V22/SensPro/cevatools/lib/clang/14.0.6/cevasp-unknown-unknown-elf/rtlv1.2.0-fp2-dpfp2/lib\libc.a(fine_grain.o)
                0x000000000000aea0                __mem_fg_size
 .text          0x000000000000aea8        0x0 C:/CEVA-ToolBox/V22/SensPro/cevatools/lib/clang/14.0.6/cevasp-unknown-unknown-elf/rtlv1.2.0-fp2-dpfp2/lib\libc.a(coarse_grain.o)
 *fill*         0x000000000000aea8       0x18 
 .text.__mem_cg_validate
                0x000000000000aec0        0x2 C:/CEVA-ToolBox/V22/SensPro/cevatools/lib/clang/14.0.6/cevasp-unknown-unknown-elf/rtlv1.2.0-fp2-dpfp2/lib\libc.a(coarse_grain.o)
                0x000000000000aec0                __mem_cg_validate
 *fill*         0x000000000000aec2       0x1e 
 .text.__mem_cg_init
                0x000000000000aee0       0x30 C:/CEVA-ToolBox/V22/SensPro/cevatools/lib/clang/14.0.6/cevasp-unknown-unknown-elf/rtlv1.2.0-fp2-dpfp2/lib\libc.a(coarse_grain.o)
                0x000000000000aee0                __mem_cg_init
 *fill*         0x000000000000af10       0x10 
 .text.__mem_cg_malloc
                0x000000000000af20       0x5e C:/CEVA-ToolBox/V22/SensPro/cevatools/lib/clang/14.0.6/cevasp-unknown-unknown-elf/rtlv1.2.0-fp2-dpfp2/lib\libc.a(coarse_grain.o)
                0x000000000000af20                __mem_cg_malloc
 *fill*         0x000000000000af7e        0x2 
 .text.__mem_cg_find_free
                0x000000000000af80       0x8a C:/CEVA-ToolBox/V22/SensPro/cevatools/lib/clang/14.0.6/cevasp-unknown-unknown-elf/rtlv1.2.0-fp2-dpfp2/lib\libc.a(coarse_grain.o)
 *fill*         0x000000000000b00a       0x16 
 .text.__mem_cg_free
                0x000000000000b020       0x22 C:/CEVA-ToolBox/V22/SensPro/cevatools/lib/clang/14.0.6/cevasp-unknown-unknown-elf/rtlv1.2.0-fp2-dpfp2/lib\libc.a(coarse_grain.o)
                0x000000000000b020                __mem_cg_free
 *fill*         0x000000000000b042       0x1e 
 .text.__mem_cg_block_merge
                0x000000000000b060       0x38 C:/CEVA-ToolBox/V22/SensPro/cevatools/lib/clang/14.0.6/cevasp-unknown-unknown-elf/rtlv1.2.0-fp2-dpfp2/lib\libc.a(coarse_grain.o)
 *fill*         0x000000000000b098        0x8 
 .text.__mem_cg_size
                0x000000000000b0a0       0x26 C:/CEVA-ToolBox/V22/SensPro/cevatools/lib/clang/14.0.6/cevasp-unknown-unknown-elf/rtlv1.2.0-fp2-dpfp2/lib\libc.a(coarse_grain.o)
                0x000000000000b0a0                __mem_cg_size
 *fill*         0x000000000000b0c6       0x1a 
 .text.__mem_cg_debug
                0x000000000000b0e0       0xf0 C:/CEVA-ToolBox/V22/SensPro/cevatools/lib/clang/14.0.6/cevasp-unknown-unknown-elf/rtlv1.2.0-fp2-dpfp2/lib\libc.a(coarse_grain.o)
                0x000000000000b0e0                __mem_cg_debug
 *fill*         0x000000000000b1d0       0x10 
 .text.__mem_cg_block_end
                0x000000000000b1e0       0x1e C:/CEVA-ToolBox/V22/SensPro/cevatools/lib/clang/14.0.6/cevasp-unknown-unknown-elf/rtlv1.2.0-fp2-dpfp2/lib\libc.a(coarse_grain.o)
                0x000000000000b1e0                __mem_cg_block_end
 *fill*         0x000000000000b1fe        0x2 
 .text.__mem_cg_aligned_alloc
                0x000000000000b200       0x8e C:/CEVA-ToolBox/V22/SensPro/cevatools/lib/clang/14.0.6/cevasp-unknown-unknown-elf/rtlv1.2.0-fp2-dpfp2/lib\libc.a(coarse_grain.o)
                0x000000000000b200                __mem_cg_aligned_alloc
 .text          0x000000000000b28e        0x0 C:/CEVA-ToolBox/V22/SensPro/cevatools/lib/clang/14.0.6/cevasp-unknown-unknown-elf/rtlv1.2.0-fp2-dpfp2/lib\libc.a(frexpl.o)
 *fill*         0x000000000000b28e       0x12 
 .text.frexpl   0x000000000000b2a0        0x6 C:/CEVA-ToolBox/V22/SensPro/cevatools/lib/clang/14.0.6/cevasp-unknown-unknown-elf/rtlv1.2.0-fp2-dpfp2/lib\libc.a(frexpl.o)
                0x000000000000b2a0                frexpl
 .text          0x000000000000b2a6        0x0 C:/CEVA-ToolBox/V22/SensPro/cevatools/lib/clang/14.0.6/cevasp-unknown-unknown-elf/rtlv1.2.0-fp2-dpfp2/lib\libc.a(wctomb.o)
 *fill*         0x000000000000b2a6       0x1a 
 .text.wctomb   0x000000000000b2c0       0x1e C:/CEVA-ToolBox/V22/SensPro/cevatools/lib/clang/14.0.6/cevasp-unknown-unknown-elf/rtlv1.2.0-fp2-dpfp2/lib\libc.a(wctomb.o)
                0x000000000000b2c0                wctomb
 .text          0x000000000000b2de        0x0 C:/CEVA-ToolBox/V22/SensPro/cevatools/lib/clang/14.0.6/cevasp-unknown-unknown-elf/rtlv1.2.0-fp2-dpfp2/lib\libc.a(fwrite.o)
 *fill*         0x000000000000b2de        0x2 
 .text.__fwritex
                0x000000000000b2e0       0xd8 C:/CEVA-ToolBox/V22/SensPro/cevatools/lib/clang/14.0.6/cevasp-unknown-unknown-elf/rtlv1.2.0-fp2-dpfp2/lib\libc.a(fwrite.o)
                0x000000000000b2e0                __fwritex
 *fill*         0x000000000000b3b8        0x8 
 .text.fwrite   0x000000000000b3c0       0x72 C:/CEVA-ToolBox/V22/SensPro/cevatools/lib/clang/14.0.6/cevasp-unknown-unknown-elf/rtlv1.2.0-fp2-dpfp2/lib\libc.a(fwrite.o)
                0x000000000000b3c0                fwrite
                0x000000000000b3c0                fwrite_unlocked
 .text          0x000000000000b432        0x0 C:/CEVA-ToolBox/V22/SensPro/cevatools/lib/clang/14.0.6/cevasp-unknown-unknown-elf/rtlv1.2.0-fp2-dpfp2/lib\libc.a(__lockfile.o)
 *fill*         0x000000000000b432        0xe 
 .text.__lockfile
                0x000000000000b440        0x4 C:/CEVA-ToolBox/V22/SensPro/cevatools/lib/clang/14.0.6/cevasp-unknown-unknown-elf/rtlv1.2.0-fp2-dpfp2/lib\libc.a(__lockfile.o)
                0x000000000000b440                __lockfile
 *fill*         0x000000000000b444       0x1c 
 .text.__unlockfile
                0x000000000000b460        0x2 C:/CEVA-ToolBox/V22/SensPro/cevatools/lib/clang/14.0.6/cevasp-unknown-unknown-elf/rtlv1.2.0-fp2-dpfp2/lib\libc.a(__lockfile.o)
                0x000000000000b460                __unlockfile
 .text          0x000000000000b462        0x0 C:/CEVA-ToolBox/V22/SensPro/cevatools/lib/clang/14.0.6/cevasp-unknown-unknown-elf/rtlv1.2.0-fp2-dpfp2/lib\libc.a(__towrite.o)
 *fill*         0x000000000000b462       0x1e 
 .text.__towrite
                0x000000000000b480       0x4a C:/CEVA-ToolBox/V22/SensPro/cevatools/lib/clang/14.0.6/cevasp-unknown-unknown-elf/rtlv1.2.0-fp2-dpfp2/lib\libc.a(__towrite.o)
                0x000000000000b480                __towrite
 *fill*         0x000000000000b4ca       0x16 
 .text.__towrite_needs_stdio_exit
                0x000000000000b4e0        0x6 C:/CEVA-ToolBox/V22/SensPro/cevatools/lib/clang/14.0.6/cevasp-unknown-unknown-elf/rtlv1.2.0-fp2-dpfp2/lib\libc.a(__towrite.o)
                0x000000000000b4e0                __towrite_needs_stdio_exit
 .text          0x000000000000b4e6        0x0 C:/CEVA-ToolBox/V22/SensPro/cevatools/lib/clang/14.0.6/cevasp-unknown-unknown-elf/rtlv1.2.0-fp2-dpfp2/lib\libc.a(memchr.o)
 *fill*         0x000000000000b4e6       0x1a 
 .text.memchr   0x000000000000b500       0xc6 C:/CEVA-ToolBox/V22/SensPro/cevatools/lib/clang/14.0.6/cevasp-unknown-unknown-elf/rtlv1.2.0-fp2-dpfp2/lib\libc.a(memchr.o)
                0x000000000000b500                memchr
 .text          0x000000000000b5c6        0x0 C:/CEVA-ToolBox/V22/SensPro/cevatools/lib/clang/14.0.6/cevasp-unknown-unknown-elf/rtlv1.2.0-fp2-dpfp2/lib\libc.a(strchr.o)
 *fill*         0x000000000000b5c6       0x1a 
 .text.strchr   0x000000000000b5e0       0x1e C:/CEVA-ToolBox/V22/SensPro/cevatools/lib/clang/14.0.6/cevasp-unknown-unknown-elf/rtlv1.2.0-fp2-dpfp2/lib\libc.a(strchr.o)
                0x000000000000b5e0                strchr
 .text          0x000000000000b5fe        0x0 C:/CEVA-ToolBox/V22/SensPro/cevatools/lib/clang/14.0.6/cevasp-unknown-unknown-elf/rtlv1.2.0-fp2-dpfp2/lib\libc.a(strchrnul.o)
 *fill*         0x000000000000b5fe        0x2 
 .text.__strchrnul
                0x000000000000b600       0xce C:/CEVA-ToolBox/V22/SensPro/cevatools/lib/clang/14.0.6/cevasp-unknown-unknown-elf/rtlv1.2.0-fp2-dpfp2/lib\libc.a(strchrnul.o)
                0x000000000000b600                strchrnul
                0x000000000000b600                __strchrnul
 .text          0x000000000000b6ce        0x0 C:/CEVA-ToolBox/V22/SensPro/cevatools/lib/clang/14.0.6/cevasp-unknown-unknown-elf/rtlv1.2.0-fp2-dpfp2/lib\libc.a(strcpy.o)
 *fill*         0x000000000000b6ce       0x12 
 .text.strcpy   0x000000000000b6e0      0x124 C:/CEVA-ToolBox/V22/SensPro/cevatools/lib/clang/14.0.6/cevasp-unknown-unknown-elf/rtlv1.2.0-fp2-dpfp2/lib\libc.a(strcpy.o)
                0x000000000000b6e0                strcpy
 .text          0x000000000000b804        0x0 C:/CEVA-ToolBox/V22/SensPro/cevatools/lib/clang/14.0.6/cevasp-unknown-unknown-elf/rtlv1.2.0-fp2-dpfp2/lib\libc.a(frexp.o)
 *fill*         0x000000000000b804       0x1c 
 .text.frexp    0x000000000000b820       0xaa C:/CEVA-ToolBox/V22/SensPro/cevatools/lib/clang/14.0.6/cevasp-unknown-unknown-elf/rtlv1.2.0-fp2-dpfp2/lib\libc.a(frexp.o)
                0x000000000000b820                frexp
 .text          0x000000000000b8ca        0x0 C:/CEVA-ToolBox/V22/SensPro/cevatools/lib/clang/14.0.6/cevasp-unknown-unknown-elf/rtlv1.2.0-fp2-dpfp2/lib\libc.a(wcrtomb.o)
 *fill*         0x000000000000b8ca       0x16 
 .text.wcrtomb  0x000000000000b8e0      0x14e C:/CEVA-ToolBox/V22/SensPro/cevatools/lib/clang/14.0.6/cevasp-unknown-unknown-elf/rtlv1.2.0-fp2-dpfp2/lib\libc.a(wcrtomb.o)
                0x000000000000b8e0                wcrtomb
 .text          0x000000000000ba2e        0x0 C:/CEVA-ToolBox/V22/SensPro/cevatools/lib/clang/14.0.6/cevasp-unknown-unknown-elf/rtlv1.2.0-fp2-dpfp2/lib\libc.a(__stdio_exit.o)
 *fill*         0x000000000000ba2e       0x12 
 .text.__stdio_exit
                0x000000000000ba40       0xa8 C:/CEVA-ToolBox/V22/SensPro/cevatools/lib/clang/14.0.6/cevasp-unknown-unknown-elf/rtlv1.2.0-fp2-dpfp2/lib\libc.a(__stdio_exit.o)
                0x000000000000ba40                __stdio_exit_needed
                0x000000000000ba40                __stdio_exit
 *fill*         0x000000000000bae8       0x18 
 .text.close_file
                0x000000000000bb00       0x7c C:/CEVA-ToolBox/V22/SensPro/cevatools/lib/clang/14.0.6/cevasp-unknown-unknown-elf/rtlv1.2.0-fp2-dpfp2/lib\libc.a(__stdio_exit.o)
 .text          0x000000000000bb7c        0x0 C:/CEVA-ToolBox/V22/SensPro/cevatools/lib/clang/14.0.6/cevasp-unknown-unknown-elf/rtlv1.2.0-fp2-dpfp2/lib\libc.a(ofl.o)
 *fill*         0x000000000000bb7c        0x4 
 .text.__ofl_lock
                0x000000000000bb80       0x20 C:/CEVA-ToolBox/V22/SensPro/cevatools/lib/clang/14.0.6/cevasp-unknown-unknown-elf/rtlv1.2.0-fp2-dpfp2/lib\libc.a(ofl.o)
                0x000000000000bb80                __ofl_lock
 .text.__ofl_unlock
                0x000000000000bba0        0xe C:/CEVA-ToolBox/V22/SensPro/cevatools/lib/clang/14.0.6/cevasp-unknown-unknown-elf/rtlv1.2.0-fp2-dpfp2/lib\libc.a(ofl.o)
                0x000000000000bba0                __ofl_unlock
 .text          0x000000000000bbae        0x0 C:/CEVA-ToolBox/V22/SensPro/cevatools/lib/clang/14.0.6/cevasp-unknown-unknown-elf/rtlv1.2.0-fp2-dpfp2/lib\libc.a(__lock.o)
 *fill*         0x000000000000bbae       0x12 
 .text.__lock   0x000000000000bbc0        0x2 C:/CEVA-ToolBox/V22/SensPro/cevatools/lib/clang/14.0.6/cevasp-unknown-unknown-elf/rtlv1.2.0-fp2-dpfp2/lib\libc.a(__lock.o)
                0x000000000000bbc0                __lock
 *fill*         0x000000000000bbc2       0x1e 
 .text.__unlock
                0x000000000000bbe0        0x2 C:/CEVA-ToolBox/V22/SensPro/cevatools/lib/clang/14.0.6/cevasp-unknown-unknown-elf/rtlv1.2.0-fp2-dpfp2/lib\libc.a(__lock.o)
                0x000000000000bbe0                __unlock
 .text          0x000000000000bbe2        0x0 C:/CEVA-ToolBox/V22/SensPro/cevatools/lib/clang/14.0.6/cevasp-unknown-unknown-elf/rtlv1.2.0-fp2-dpfp2/lib\libcompiler-rt.a(comparedf2.o)
 *fill*         0x000000000000bbe2       0x1e 
 .text.__ledf2  0x000000000000bc00       0x86 C:/CEVA-ToolBox/V22/SensPro/cevatools/lib/clang/14.0.6/cevasp-unknown-unknown-elf/rtlv1.2.0-fp2-dpfp2/lib\libcompiler-rt.a(comparedf2.o)
                0x000000000000bc00                __eqdf2
                0x000000000000bc00                __ltdf2
                0x000000000000bc00                __ledf2
                0x000000000000bc00                __nedf2
                0x000000000000bc00                __cmpdf2
 *fill*         0x000000000000bc86       0x1a 
 .text.__gedf2  0x000000000000bca0       0x86 C:/CEVA-ToolBox/V22/SensPro/cevatools/lib/clang/14.0.6/cevasp-unknown-unknown-elf/rtlv1.2.0-fp2-dpfp2/lib\libcompiler-rt.a(comparedf2.o)
                0x000000000000bca0                __gedf2
                0x000000000000bca0                __gtdf2
 *fill*         0x000000000000bd26       0x1a 
 .text.__unorddf2
                0x000000000000bd40       0x42 C:/CEVA-ToolBox/V22/SensPro/cevatools/lib/clang/14.0.6/cevasp-unknown-unknown-elf/rtlv1.2.0-fp2-dpfp2/lib\libcompiler-rt.a(comparedf2.o)
                0x000000000000bd40                __unorddf2
 .text          0x000000000000bd82        0x0 C:/CEVA-ToolBox/V22/SensPro/cevatools/lib/clang/14.0.6/cevasp-unknown-unknown-elf/rtlv1.2.0-fp2-dpfp2/lib\libcompiler-rt.a(divsf3.o)
 *fill*         0x000000000000bd82       0x1e 
 .text.__divsf3
                0x000000000000bda0      0x274 C:/CEVA-ToolBox/V22/SensPro/cevatools/lib/clang/14.0.6/cevasp-unknown-unknown-elf/rtlv1.2.0-fp2-dpfp2/lib\libcompiler-rt.a(divsf3.o)
                0x000000000000bda0                __divsf3
 .text          0x000000000000c014        0x0 C:/CEVA-ToolBox/V22/SensPro/cevatools/lib/clang/14.0.6/cevasp-unknown-unknown-elf/rtlv1.2.0-fp2-dpfp2/lib\libcompiler-rt.a(fixdfsi.o)
 *fill*         0x000000000000c014        0xc 
 .text.__fixdfsi
                0x000000000000c020       0x84 C:/CEVA-ToolBox/V22/SensPro/cevatools/lib/clang/14.0.6/cevasp-unknown-unknown-elf/rtlv1.2.0-fp2-dpfp2/lib\libcompiler-rt.a(fixdfsi.o)
                0x000000000000c020                __fixdfsi
 .text          0x000000000000c0a4        0x0 C:/CEVA-ToolBox/V22/SensPro/cevatools/lib/clang/14.0.6/cevasp-unknown-unknown-elf/rtlv1.2.0-fp2-dpfp2/lib\libcompiler-rt.a(fixunsdfsi.o)
 *fill*         0x000000000000c0a4       0x1c 
 .text.__fixunsdfsi
                0x000000000000c0c0       0x70 C:/CEVA-ToolBox/V22/SensPro/cevatools/lib/clang/14.0.6/cevasp-unknown-unknown-elf/rtlv1.2.0-fp2-dpfp2/lib\libcompiler-rt.a(fixunsdfsi.o)
                0x000000000000c0c0                __fixunsdfsi
 .text          0x000000000000c130        0x0 C:/CEVA-ToolBox/V22/SensPro/cevatools/lib/clang/14.0.6/cevasp-unknown-unknown-elf/rtlv1.2.0-fp2-dpfp2/lib\libcompiler-rt.a(floatsidf.o)
 *fill*         0x000000000000c130       0x10 
 .text.__floatsidf
                0x000000000000c140       0x4e C:/CEVA-ToolBox/V22/SensPro/cevatools/lib/clang/14.0.6/cevasp-unknown-unknown-elf/rtlv1.2.0-fp2-dpfp2/lib\libcompiler-rt.a(floatsidf.o)
                0x000000000000c140                __floatsidf
 .text          0x000000000000c18e        0x0 C:/CEVA-ToolBox/V22/SensPro/cevatools/lib/clang/14.0.6/cevasp-unknown-unknown-elf/rtlv1.2.0-fp2-dpfp2/lib\libcompiler-rt.a(floatunsidf.o)
 *fill*         0x000000000000c18e       0x12 
 .text.__floatunsidf
                0x000000000000c1a0       0x3e C:/CEVA-ToolBox/V22/SensPro/cevatools/lib/clang/14.0.6/cevasp-unknown-unknown-elf/rtlv1.2.0-fp2-dpfp2/lib\libcompiler-rt.a(floatunsidf.o)
                0x000000000000c1a0                __floatunsidf
 .text          0x000000000000c1de        0x0 C:/CEVA-ToolBox/V22/SensPro/cevatools/lib/clang/14.0.6/cevasp-unknown-unknown-elf/rtlv1.2.0-fp2-dpfp2/lib\libcompiler-rt.a(udivdi3.o)
 *fill*         0x000000000000c1de        0x2 
 .text.__udivdi3
                0x000000000000c1e0        0x8 C:/CEVA-ToolBox/V22/SensPro/cevatools/lib/clang/14.0.6/cevasp-unknown-unknown-elf/rtlv1.2.0-fp2-dpfp2/lib\libcompiler-rt.a(udivdi3.o)
                0x000000000000c1e0                __udivdi3
 .text          0x000000000000c1e8        0x0 C:/CEVA-ToolBox/V22/SensPro/cevatools/lib/clang/14.0.6/cevasp-unknown-unknown-elf/rtlv1.2.0-fp2-dpfp2/lib\libcompiler-rt.a(udivmoddi4.o)
 *fill*         0x000000000000c1e8       0x18 
 .text.__udivmoddi4
                0x000000000000c200      0x440 C:/CEVA-ToolBox/V22/SensPro/cevatools/lib/clang/14.0.6/cevasp-unknown-unknown-elf/rtlv1.2.0-fp2-dpfp2/lib\libcompiler-rt.a(udivmoddi4.o)
                0x000000000000c200                __udivmoddi4
 .text          0x000000000000c640        0x0 C:/CEVA-ToolBox/V22/SensPro/cevatools/lib/clang/14.0.6/cevasp-unknown-unknown-elf/rtlv1.2.0-fp2-dpfp2/lib\libcompiler-rt.a(dpsub.o)
 .text.dpfp_sub
                0x000000000000c640       0x80 C:/CEVA-ToolBox/V22/SensPro/cevatools/lib/clang/14.0.6/cevasp-unknown-unknown-elf/rtlv1.2.0-fp2-dpfp2/lib\libcompiler-rt.a(dpsub.o)
                0x000000000000c640                dpfp_sub
 .text          0x000000000000c6c0        0x0 C:/CEVA-ToolBox/V22/SensPro/cevatools/lib/clang/14.0.6/cevasp-unknown-unknown-elf/rtlv1.2.0-fp2-dpfp2/lib\libcompiler-rt.a(dpcmpeq.o)
 .text.dp_cmpeq
                0x000000000000c6c0       0x4c C:/CEVA-ToolBox/V22/SensPro/cevatools/lib/clang/14.0.6/cevasp-unknown-unknown-elf/rtlv1.2.0-fp2-dpfp2/lib\libcompiler-rt.a(dpcmpeq.o)
                0x000000000000c6c0                dp_cmpeq
 .text          0x000000000000c70c        0x0 C:/CEVA-ToolBox/V22/SensPro/cevatools/lib/clang/14.0.6/cevasp-unknown-unknown-elf/rtlv1.2.0-fp2-dpfp2/lib\libcompiler-rt.a(dpmpy.o)
 *fill*         0x000000000000c70c       0x14 
 .text.dpfp_mpy
                0x000000000000c720       0x8e C:/CEVA-ToolBox/V22/SensPro/cevatools/lib/clang/14.0.6/cevasp-unknown-unknown-elf/rtlv1.2.0-fp2-dpfp2/lib\libcompiler-rt.a(dpmpy.o)
                0x000000000000c720                dpfp_mpy
 .text          0x000000000000c7ae        0x0 C:/CEVA-ToolBox/V22/SensPro/cevatools/lib/clang/14.0.6/cevasp-unknown-unknown-elf/rtlv1.2.0-fp2-dpfp2/lib\libcompiler-rt.a(dpadd.o)
 *fill*         0x000000000000c7ae       0x12 
 .text.dpfp_add
                0x000000000000c7c0       0x80 C:/CEVA-ToolBox/V22/SensPro/cevatools/lib/clang/14.0.6/cevasp-unknown-unknown-elf/rtlv1.2.0-fp2-dpfp2/lib\libcompiler-rt.a(dpadd.o)
                0x000000000000c7c0                dpfp_add
 .text          0x000000000000c840        0x0 C:/CEVA-ToolBox/V22/SensPro/cevatools/lib/clang/14.0.6/cevasp-unknown-unknown-elf/rtlv1.2.0-fp2-dpfp2/lib\libcompiler-rt.a(divmodsi4_inreg.o)
 .text.__divmodsi4_inreg
                0x000000000000c840       0x60 C:/CEVA-ToolBox/V22/SensPro/cevatools/lib/clang/14.0.6/cevasp-unknown-unknown-elf/rtlv1.2.0-fp2-dpfp2/lib\libcompiler-rt.a(divmodsi4_inreg.o)
                0x000000000000c840                __divmodsi4_inreg
 .text          0x000000000000c8a0        0x0 C:/CEVA-ToolBox/V22/SensPro/cevatools/lib/clang/14.0.6/cevasp-unknown-unknown-elf/rtlv1.2.0-fp2-dpfp2/lib\libcompiler-rt.a(udivmodsi4_inreg.o)
 .text.__udivmodsi4_inreg
                0x000000000000c8a0       0x60 C:/CEVA-ToolBox/V22/SensPro/cevatools/lib/clang/14.0.6/cevasp-unknown-unknown-elf/rtlv1.2.0-fp2-dpfp2/lib\libcompiler-rt.a(udivmodsi4_inreg.o)
                0x000000000000c8a0                __udivmodsi4_inreg
 .text          0x000000000000c900       0x10 C:/CEVA-ToolBox/V22/SensPro/cevatools/lib/clang/14.0.6/cevasp-unknown-unknown-elf/rtlv1.2.0-fp2-dpfp2/lib\libcompiler-rt.a(barrier_elf.o)
                0x000000000000c900                __sync_synchronize
 *(CSL_CODE_SECTION CSL_CODE_SECTION.*)
 *fill*         0x000000000000c910       0x10 
 CSL_CODE_SECTION
                0x000000000000c920      0x704 D:/Toolbox/workspace_dsp_next_fd_app/testbench_dsp/dsp_csl/lib/libcsl.a(ceva_xm_bc.c.obj)
                0x000000000000c920                ICU_IVA_allocate_bc
                0x000000000000c960                ICU_interrupts_operation_bc
                0x000000000000cb26                TIMER_allocate_bc
                0x000000000000cba4                PMSS_set_region_attributes_bc
                0x000000000000cca8                PMSS_enable_global_program_cache_bc
                0x000000000000cdb6                PMSS_set_pdma_task_bc
                0x000000000000ce1e                QMAN_allocate_bc
                0x000000000000ce98                QMAN_deallocate_bc
                0x000000000000cee0                QMAN_create_internal_message_task_bc
                0x000000000000cf06                QMAN_create_external_message_task_bc
                0x000000000000cf2c                QMAN_create_linear_task_bc
                0x000000000000cf64                QMAN_create_multi_di_task_bc
                0x000000000000cfca                dma_update_3d_desc_size
                0x000000000000cfea                dma_update_1d_desc_size
                0x000000000000d000                dma_update_2d_desc_size
 *fill*         0x000000000000d024       0x1c 
 CSL_CODE_SECTION
                0x000000000000d040       0x8a D:/Toolbox/workspace_dsp_next_fd_app/testbench_dsp/dsp_csl/lib/libcsl.a(ceva_qman_task_descriptor_v2.c.obj)
                0x000000000000d040                QMAN_update_linear_transfer_size
                0x000000000000d06a                QMAN_update_multi_di_transfer_size
                0x000000000000d0a8                QMAN_update_multi_di_stride
 *fill*         0x000000000000d0ca       0x16 
 CSL_CODE_SECTION
                0x000000000000d0e0      0x35a D:/Toolbox/workspace_dsp_next_fd_app/testbench_dsp/dsp_csl/lib/libcsl.a(ceva_pmss.c.obj)
                0x000000000000d0e0                PMSS_set_region_attributes
                0x000000000000d120                PMSS_get_region_attributes
                0x000000000000d160                PMSS_set_swop_address_based
                0x000000000000d1a0                PMSS_set_swop_entire_cache
                0x000000000000d1c8                PMSS_enable_global_program_cache
                0x000000000000d2ac                PMSS_set_pre_fetch_size
                0x000000000000d2fa                PMSS_set_pre_fetch
                0x000000000000d344                PMSS_set_way_prediction
                0x000000000000d38e                PMSS_is_cache_operation_active
                0x000000000000d3ae                PMSS_set_pdma_task_pre_validation
                0x000000000000d3b2                PMSS_set_pdma_task
                0x000000000000d418                PMSS_is_pdma_busy
 *fill*         0x000000000000d43a        0x6 
 CSL_CODE_SECTION
                0x000000000000d440       0xcc D:/Toolbox/workspace_dsp_next_fd_app/testbench_dsp/dsp_csl/lib/libcsl.a(ceva_watchdog.c.obj)
                0x000000000000d440                WATCHDOG_set_threshold
                0x000000000000d478                WATCHDOG_reset
                0x000000000000d4aa                WATCHDOG_enable
                0x000000000000d4e0                WATCHDOG_get_counter_value
                0x000000000000d4ec                WATCHDOG_disable
 *fill*         0x000000000000d50c       0x14 
 CSL_CODE_SECTION
                0x000000000000d520      0x360 D:/Toolbox/workspace_dsp_next_fd_app/testbench_dsp/dsp_csl/lib/libcsl.a(ceva_safety.c.obj)
                0x000000000000d520                SAFETY_write_wd_acs_code
                0x000000000000d53c                SAFETY_write_pmss_acs_code
                0x000000000000d558                SAFETY_write_dbg_acs_code
                0x000000000000d574                SAFETY_arm_err_data_injection
                0x000000000000d5ce                SAFETY_arm_btb_err_injection
                0x000000000000d606                SAFETY_arm_prog_cache_tag_err_injection
                0x000000000000d640                SAFETY_arm_prog_err_injection
                0x000000000000d69a                SAFETY_get_correctable_program_err_cnt
                0x000000000000d6a6                SAFETY_clr_general_data_err_event
                0x000000000000d6d6                SAFETY_clr_program_correctable_indication
                0x000000000000d700                SAFETY_clear_program_uncorrectable_error
                0x000000000000d73c                SAFETY_clr_data_correctable_indication
                0x000000000000d766                SAFETY_clr_data_uncorrectable_indication
                0x000000000000d796                SAFETY_set_prefetch_way_selected
                0x000000000000d7ca                SAFETY_set_shadow_registers
 CSL_CODE_SECTION
                0x000000000000d880      0x512 D:/Toolbox/workspace_dsp_next_fd_app/testbench_dsp/dsp_csl/lib/libcsl.a(ceva_qman_config.c.obj)
                0x000000000000d880                QMAN_alloc_verify
                0x000000000000d890                QMAN_alloc_reset_hw_config
                0x000000000000d9a0                QMAN_alloc_reset_resource_data
                0x000000000000da14                QMAN_allocate
                0x000000000000dbfc                QMAN_deallocate
                0x000000000000dc52                QMAN_enable
                0x000000000000dc86                QMAN_disable
                0x000000000000dcc0                QMAN_set_chunk_size_config
                0x000000000000dcee                QMAN_set_cont_frame
                0x000000000000dd30                QMAN_get_active_tasks_number
                0x000000000000dd64                QMAN_reset_sync_point
 *fill*         0x000000000000dd92        0xe 
 CSL_CODE_SECTION
                0x000000000000dda0      0x4fa D:/Toolbox/workspace_dsp_next_fd_app/testbench_dsp/dsp_csl/lib/libcsl.a(ceva_timers.c.obj)
                0x000000000000dda0                TIMER_find_available_timer
                0x000000000000ddea                TIMER_latch
                0x000000000000de20                TIMER_unlatch
                0x000000000000de60                TIMER_allocate32
                0x000000000000df40                TIMER_allocate64
                0x000000000000e020                TIMER_deallocate
                0x000000000000e080                TIMER_reset_pre_validation
                0x000000000000e0a6                TIMER_reset
                0x000000000000e120                TIMER_resume
                0x000000000000e160                TIMER_pause
                0x000000000000e19a                TIMER_progress_counter
                0x000000000000e1cc                TIMER_read32
                0x000000000000e1e2                TIMER_read64
                0x000000000000e260                TIMER_out_signal_clear
 *fill*         0x000000000000e29a        0x6 
 CSL_CODE_SECTION
                0x000000000000e2a0      0x37a D:/Toolbox/workspace_dsp_next_fd_app/testbench_dsp/dsp_csl/lib/libcsl.a(ceva_qman_ctrl.c.obj)
                0x000000000000e2a0                QMAN_start_continuous_execution_pre_validation
                0x000000000000e2a4                QMAN_start_continuous_execution
                0x000000000000e320                QMAN_is_continuous_execution_started
                0x000000000000e360                QMAN_pause_continuous_execution
                0x000000000000e3a0                QMAN_is_continuous_execution_paused
                0x000000000000e3d2                QMAN_pause_all
                0x000000000000e3ea                QMAN_resume_all
                0x000000000000e402                QMAN_is_all_paused
                0x000000000000e42c                QMAN_is_queue_full
                0x000000000000e474                QMAN_mask_queue_full_interrupt
                0x000000000000e4c8                QMAN_mask_all_queue_full_interrupts
                0x000000000000e4e4                QMAN_is_idm_cross_violation
                0x000000000000e536                QMAN_is_queue_empty_violation
                0x000000000000e57e                QMAN_get_all_violations
                0x000000000000e5c0                QMAN_clear_all_violations
                0x000000000000e5f6                QMAN_is_active
 *fill*         0x000000000000e61a        0x6 
 CSL_CODE_SECTION
                0x000000000000e620      0x3e2 D:/Toolbox/workspace_dsp_next_fd_app/testbench_dsp/dsp_csl/lib/libcsl.a(ceva_icu.c.obj)
                0x000000000000e620                ICU_set_interrupt_configuration
                0x000000000000e6a2                ICU_mask_interrupt
                0x000000000000e6e6                ICU_activation
                0x000000000000e72a                ICU_is_enabled
                0x000000000000e750                ICU_lock_critical_interrupt_conf
                0x000000000000e7e0                ICU_mask_interrupt_group
                0x000000000000e834                ICU_set_group_mask
                0x000000000000e850                ICU_generate_interrupt
                0x000000000000e88a                ICU_clear_interrupt
                0x000000000000e8b4                ICU_is_pending_interrupt
                0x000000000000e900                ICU_IVA_allocate
                0x000000000000e9e8                ICU_IVA_deallocate
 *fill*         0x000000000000ea02       0x1e 
 CSL_CODE_SECTION
                0x000000000000ea20      0x132 D:/Toolbox/workspace_dsp_next_fd_app/testbench_dsp/dsp_csl/lib/libcsl.a(ceva_asm_aux.asm.obj)
                0x000000000000ea20                cpm_out1
                0x000000000000ea4e                cpm_out2
                0x000000000000ea7c                cpm_out3
                0x000000000000eaaa                cpm_in
                0x000000000000ead8                ceva_ffb
                0x000000000000eade                get_csr
                0x000000000000eb0c                HW_EXCPTIONS_DIV_0_V_clear_sticky_bits
                0x000000000000eb38                CSL_is_supervisor
 *fill*         0x000000000000eb52        0xe 
 CSL_CODE_SECTION
                0x000000000000eb60      0x36a D:/Toolbox/workspace_dsp_next_fd_app/testbench_dsp/dsp_csl/lib/libcsl.a(ceva_csl.c.obj)
                0x000000000000eb60                CSL_start
                0x000000000000ec64                CSL_stop
                0x000000000000edd0                CSL_is_it_iss
 *fill*         0x000000000000eeca       0x16 
 CSL_CODE_SECTION
                0x000000000000eee0      0x4fa D:/Toolbox/workspace_dsp_next_fd_app/testbench_dsp/dsp_csl/lib/libcsl.a(ceva_qman_enqueue.asm.obj)
                0x000000000000eee0                QMAN_is_sync_point_reached
                0x000000000000ef0c                dma_wait_sync_point
                0x000000000000ef34                dma_enqueue_sync_point
                0x000000000000efea                QMAN_enqueue_sync_point
                0x000000000000f098                QMAN_enqueue_task
                0x000000000000f112                dma_enqueue_desc
                0x000000000000f1a6                QMAN_push_task
                0x000000000000f230                QMAN_push_frame_start
                0x000000000000f2dc                QMAN_push_frame_mid
                0x000000000000f37c                QMAN_push_frame_end
                0x000000000000f3d0                CSL_is_asm_assertions_enable
 *fill*         0x000000000000f3da        0x6 
 CSL_CODE_SECTION
                0x000000000000f3e0       0x94 D:/Toolbox/workspace_dsp_next_fd_app/testbench_dsp/dsp_csl/lib/libcsl.a(ceva_assert.c.obj)
                0x000000000000f3e0                csl_enter_critical_section
                0x000000000000f402                csl_exit_critical_section
                0x000000000000f430                CSL_is_it_simulator
 *fill*         0x000000000000f474        0xc 
 CSL_CODE_SECTION
                0x000000000000f480      0x364 D:/Toolbox/workspace_dsp_next_fd_app/testbench_dsp/dsp_csl/lib/libcsl.a(ceva_dmss.c.obj)
                0x000000000000f480                DMSS_set_port_rid
                0x000000000000f498                DMSS_set_port_wid
                0x000000000000f4b0                DMSS_set_ddma_global_max_outstanding
                0x000000000000f518                DMSS_get_idm_base_address
                0x000000000000f524                DMSS_set_idm_access_protection_level
                0x000000000000f542                DMSS_get_idm_access_protection_level
                0x000000000000f55c                DMSS_set_internal_barrier
                0x000000000000f580                DMSS_set_region_attributes_pre_validation
                0x000000000000f584                DMSS_set_region_attributes
                0x000000000000f5ea                DMSS_get_region_attributes
                0x000000000000f638                DMSS_is_ddma_busy
                0x000000000000f658                DMSS_get_idle_indication
                0x000000000000f664                DMSS_is_ddma_queue_full
                0x000000000000f682                DMSS_execute_ddma_task
                0x000000000000f796                DMSS_pause_ddma
                0x000000000000f7ae                DMSS_unpause_ddma
                0x000000000000f7c6                DMSS_is_ddma_paused
                0x000000000000f800                . = ALIGN (0x40)
 *fill*         0x000000000000f7e4       0x1c 
                [!provide]                        PROVIDE (__text_end, ABSOLUTE (.))
                [!provide]                        PROVIDE (__text_fd_start, ABSOLUTE (.))
 *(.text_fd .text_fd.*)
                0x000000000000f800                . = ALIGN (0x20)
                [!provide]                        PROVIDE (__text_fd_end, ABSOLUTE (.))
                0x000000000000f800                . = ALIGN (0x100)
 *(.external_timer_interrupt)
                0x000000000000f800                . = ALIGN (0x100)
 *(.external_mailbox_interrupt)
                0x000000000000f800                . = ALIGN (0x100)
 *(.external_wframe0_interrupt)
 .external_wframe0_interrupt
                0x000000000000f800       0x1a ./src/dsp_mm.o
                0x000000000000f800                wframe0_interrupt_hook
                0x000000000000f900                . = ALIGN (0x100)
 *fill*         0x000000000000f81a       0xe6 
 *(.external_wframe1_interrupt)
 .external_wframe1_interrupt
                0x000000000000f900       0x1a ./src/dsp_mm.o
                0x000000000000f900                wframe1_interrupt_hook
                0x000000000000fa00                . = ALIGN (0x100)
 *fill*         0x000000000000f91a       0xe6 
 *(.external_rframe0_interrupt)
 .external_rframe0_interrupt
                0x000000000000fa00       0x1a ./src/dsp_mm.o
                0x000000000000fa00                rframe0_interrupt_hook
                0x000000000000fb00                . = ALIGN (0x100)
 *fill*         0x000000000000fa1a       0xe6 
 *(.external_rframe1_interrupt)
 .external_rframe1_interrupt